Component: ARM Compiler 5.06 update 1 (build 61) Tool: armlink [4d35a8]

==============================================================================

Section Cross References

    startup_stm32f407xx.o(STACK) refers (Special) to heapauxi.o(.text) for __use_two_region_memory
    startup_stm32f407xx.o(HEAP) refers (Special) to heapauxi.o(.text) for __use_two_region_memory
    startup_stm32f407xx.o(RESET) refers (Special) to heapauxi.o(.text) for __use_two_region_memory
    startup_stm32f407xx.o(RESET) refers to startup_stm32f407xx.o(STACK) for __initial_sp
    startup_stm32f407xx.o(RESET) refers to startup_stm32f407xx.o(.text) for Reset_Handler
    startup_stm32f407xx.o(RESET) refers to stm32f4xx_it.o(i.NMI_Handler) for NMI_Handler
    startup_stm32f407xx.o(RESET) refers to stm32f4xx_it.o(i.HardFault_Handler) for HardFault_Handler
    startup_stm32f407xx.o(RESET) refers to stm32f4xx_it.o(i.MemManage_Handler) for MemManage_Handler
    startup_stm32f407xx.o(RESET) refers to stm32f4xx_it.o(i.BusFault_Handler) for BusFault_Handler
    startup_stm32f407xx.o(RESET) refers to stm32f4xx_it.o(i.UsageFault_Handler) for UsageFault_Handler
    startup_stm32f407xx.o(RESET) refers to stm32f4xx_it.o(i.SVC_Handler) for SVC_Handler
    startup_stm32f407xx.o(RESET) refers to stm32f4xx_it.o(i.DebugMon_Handler) for DebugMon_Handler
    startup_stm32f407xx.o(RESET) refers to stm32f4xx_it.o(i.PendSV_Handler) for PendSV_Handler
    startup_stm32f407xx.o(RESET) refers to stm32f4xx_it.o(i.SysTick_Handler) for SysTick_Handler
    startup_stm32f407xx.o(RESET) refers to smd.o(i.TIM1_UP_TIM10_IRQHandler) for TIM1_UP_TIM10_IRQHandler
    startup_stm32f407xx.o(RESET) refers to mb_port.o(i.USART1_IRQHandler) for USART1_IRQHandler
    startup_stm32f407xx.o(RESET) refers to mb_port.o(i.USART2_IRQHandler) for USART2_IRQHandler
    startup_stm32f407xx.o(RESET) refers to mb_port.o(i.TIM8_BRK_TIM12_IRQHandler) for TIM8_BRK_TIM12_IRQHandler
    startup_stm32f407xx.o(RESET) refers to mb_port.o(i.UART5_IRQHandler) for UART5_IRQHandler
    startup_stm32f407xx.o(RESET) refers to mb_port.o(i.TIM6_DAC_IRQHandler) for TIM6_DAC_IRQHandler
    startup_stm32f407xx.o(RESET) refers to mb_port.o(i.TIM7_IRQHandler) for TIM7_IRQHandler
    startup_stm32f407xx.o(.text) refers (Special) to heapauxi.o(.text) for __use_two_region_memory
    startup_stm32f407xx.o(.text) refers to system_stm32f4xx.o(i.SystemInit) for SystemInit
    startup_stm32f407xx.o(.text) refers to __main.o(!!!main) for __main
    startup_stm32f407xx.o(.text) refers to startup_stm32f407xx.o(HEAP) for Heap_Mem
    startup_stm32f407xx.o(.text) refers to startup_stm32f407xx.o(STACK) for Stack_Mem
    main.o(i.SystemClock_Config) refers to rt_memclr_w.o(.text) for __aeabi_memclr4
    main.o(i.SystemClock_Config) refers to stm32f4xx_hal_rcc.o(i.HAL_RCC_OscConfig) for HAL_RCC_OscConfig
    main.o(i.SystemClock_Config) refers to stm32f4xx_hal_rcc.o(i.HAL_RCC_ClockConfig) for HAL_RCC_ClockConfig
    main.o(i.main) refers to stm32f4xx_hal.o(i.HAL_Init) for HAL_Init
    main.o(i.main) refers to main.o(i.SystemClock_Config) for SystemClock_Config
    main.o(i.main) refers to gpio.o(i.MX_GPIO_Init) for MX_GPIO_Init
    main.o(i.main) refers to usart.o(i.MX_USART1_UART_Init) for MX_USART1_UART_Init
    main.o(i.main) refers to usart.o(i.MX_UART5_Init) for MX_UART5_Init
    main.o(i.main) refers to usart.o(i.MX_USART2_UART_Init) for MX_USART2_UART_Init
    main.o(i.main) refers to tim.o(i.MX_TIM12_Init) for MX_TIM12_Init
    main.o(i.main) refers to tim.o(i.MX_TIM6_Init) for MX_TIM6_Init
    main.o(i.main) refers to tim.o(i.MX_TIM7_Init) for MX_TIM7_Init
    main.o(i.main) refers to mb_slave.o(i.mbs_init) for mbs_init
    main.o(i.main) refers to smd.o(i.SMD_PWM_InitAll) for SMD_PWM_InitAll
    main.o(i.main) refers to mb_slave.o(i.mbs_poll) for mbs_poll
    main.o(i.main) refers to mb_slave.o(.bss) for mbsUSB
    gpio.o(i.MX_GPIO_Init) refers to rt_memclr_w.o(.text) for __aeabi_memclr4
    gpio.o(i.MX_GPIO_Init) refers to stm32f4xx_hal_gpio.o(i.HAL_GPIO_WritePin) for HAL_GPIO_WritePin
    gpio.o(i.MX_GPIO_Init) refers to stm32f4xx_hal_gpio.o(i.HAL_GPIO_Init) for HAL_GPIO_Init
    tim.o(i.HAL_TIM_Base_MspDeInit) refers to stm32f4xx_hal_cortex.o(i.HAL_NVIC_DisableIRQ) for HAL_NVIC_DisableIRQ
    tim.o(i.HAL_TIM_Base_MspInit) refers to stm32f4xx_hal_cortex.o(i.HAL_NVIC_SetPriority) for HAL_NVIC_SetPriority
    tim.o(i.HAL_TIM_Base_MspInit) refers to stm32f4xx_hal_cortex.o(i.HAL_NVIC_EnableIRQ) for HAL_NVIC_EnableIRQ
    tim.o(i.MX_TIM12_Init) refers to stm32f4xx_hal_tim.o(i.HAL_TIM_Base_Init) for HAL_TIM_Base_Init
    tim.o(i.MX_TIM12_Init) refers to main.o(i.Error_Handler) for Error_Handler
    tim.o(i.MX_TIM12_Init) refers to stm32f4xx_hal_tim.o(i.HAL_TIM_ConfigClockSource) for HAL_TIM_ConfigClockSource
    tim.o(i.MX_TIM12_Init) refers to tim.o(.bss) for .bss
    tim.o(i.MX_TIM6_Init) refers to stm32f4xx_hal_tim.o(i.HAL_TIM_Base_Init) for HAL_TIM_Base_Init
[...]
    ..\Drivers\STM32F4xx_HAL_Driver\Src\stm32f4xx_hal_flash_ex.c 0x00000000   Number         0  stm32f4xx_hal_flash_ex.o ABSOLUTE
    ..\Drivers\STM32F4xx_HAL_Driver\Src\stm32f4xx_hal_flash_ramfunc.c 0x00000000   Number         0  stm32f4xx_hal_flash_ramfunc.o ABSOLUTE
    ..\Drivers\STM32F4xx_HAL_Driver\Src\stm32f4xx_hal_gpio.c 0x00000000   Number         0  stm32f4xx_hal_gpio.o ABSOLUTE
    ..\Drivers\STM32F4xx_HAL_Driver\Src\stm32f4xx_hal_pwr.c 0x00000000   Number         0  stm32f4xx_hal_pwr.o ABSOLUTE
    ..\Drivers\STM32F4xx_HAL_Driver\Src\stm32f4xx_hal_pwr_ex.c 0x00000000   Number         0  stm32f4xx_hal_pwr_ex.o ABSOLUTE
    ..\Drivers\STM32F4xx_HAL_Driver\Src\stm32f4xx_hal_rcc.c 0x00000000   Number         0  stm32f4xx_hal_rcc.o ABSOLUTE
    ..\Drivers\STM32F4xx_HAL_Driver\Src\stm32f4xx_hal_rcc_ex.c 0x00000000   Number         0  stm32f4xx_hal_rcc_ex.o ABSOLUTE
    ..\Drivers\STM32F4xx_HAL_Driver\Src\stm32f4xx_hal_tim.c 0x00000000   Number         0  stm32f4xx_hal_tim.o ABSOLUTE
    ..\Drivers\STM32F4xx_HAL_Driver\Src\stm32f4xx_hal_tim_ex.c 0x00000000   Number         0  stm32f4xx_hal_tim_ex.o ABSOLUTE
    ..\Drivers\STM32F4xx_HAL_Driver\Src\stm32f4xx_hal_uart.c 0x00000000   Number         0  stm32f4xx_hal_uart.o ABSOLUTE
    ..\Modbus_RTU\mb_crc.c                   0x00000000   Number         0  mb_crc.o ABSOLUTE
    ..\Modbus_RTU\mb_hook.c                  0x00000000   Number         0  mb_hook.o ABSOLUTE
    ..\Modbus_RTU\mb_port.c                  0x00000000   Number         0  mb_port.o ABSOLUTE
    ..\Modbus_RTU\mb_slave.c                 0x00000000   Number         0  mb_slave.o ABSOLUTE
    ..\\Core\\Src\\SMD.c                     0x00000000   Number         0  smd.o ABSOLUTE
    ..\\Modbus_RTU\\mb_crc.c                 0x00000000   Number         0  mb_crc.o ABSOLUTE
    ..\\Modbus_RTU\\mb_hook.c                0x00000000   Number         0  mb_hook.o ABSOLUTE
    ..\\Modbus_RTU\\mb_port.c                0x00000000   Number         0  mb_port.o ABSOLUTE
    ..\\Modbus_RTU\\mb_slave.c               0x00000000   Number         0  mb_slave.o ABSOLUTE
    dc.s                                     0x00000000   Number         0  dc.o ABSOLUTE
    startup_stm32f407xx.s                    0x00000000   Number         0  startup_stm32f407xx.o ABSOLUTE
    RESET                                    0x08000000   Section      392  startup_stm32f407xx.o(RESET)
    !!!main                                  0x08000188   Section        8  __main.o(!!!main)
    !!!scatter                               0x08000190   Section       52  __scatter.o(!!!scatter)
    !!dczerorl2                              0x080001c4   Section       90  __dczerorl2.o(!!dczerorl2)
    !!handler_zi                             0x08000220   Section       28  __scatter_zi.o(!!handler_zi)
    .ARM.Collect$$libinit$$00000000          0x0800023c   Section        2  libinit.o(.ARM.Collect$$libinit$$00000000)
    .ARM.Collect$$libinit$$00000001          0x0800023e   Section        4  libinit2.o(.ARM.Collect$$libinit$$00000001)
    .ARM.Collect$$libinit$$00000004          0x08000242   Section        0  libinit2.o(.ARM.Collect$$libinit$$00000004)
    .ARM.Collect$$libinit$$0000000A          0x08000242   Section        0  libinit2.o(.ARM.Collect$$libinit$$0000000A)
    .ARM.Collect$$libinit$$0000000C          0x08000242   Section        0  libinit2.o(.ARM.Collect$$libinit$$0000000C)
    .ARM.Collect$$libinit$$0000000E          0x08000242   Section        0  libinit2.o(.ARM.Collect$$libinit$$0000000E)
    .ARM.Collect$$libinit$$00000011          0x08000242   Section        0  libinit2.o(.ARM.Collect$$libinit$$00000011)
    .ARM.Collect$$libinit$$00000013          0x08000242   Section        0  libinit2.o(.ARM.Collect$$libinit$$00000013)
    .ARM.Collect$$libinit$$00000015          0x08000242   Section        0  libinit2.o(.ARM.Collect$$libinit$$00000015)
    .ARM.Collect$$libinit$$00000017          0x08000242   Section        0  libinit2.o(.ARM.Collect$$libinit$$00000017)
    .ARM.Collect$$libinit$$00000019          0x08000242   Section        0  libinit2.o(.ARM.Collect$$libinit$$00000019)
    .ARM.Collect$$libinit$$0000001B          0x08000242   Section        0  libinit2.o(.ARM.Collect$$libinit$$0000001B)
    .ARM.Collect$$libinit$$0000001D          0x08000242   Section        0  libinit2.o(.ARM.Collect$$libinit$$0000001D)
    .ARM.Collect$$libinit$$0000001F          0x08000242   Section        0  libinit2.o(.ARM.Collect$$libinit$$0000001F)
    .ARM.Collect$$libinit$$00000021          0x08000242   Section        0  libinit2.o(.ARM.Collect$$libinit$$00000021)
    .ARM.Collect$$libinit$$00000023          0x08000242   Section        0  libinit2.o(.ARM.Collect$$libinit$$00000023)
    .ARM.Collect$$libinit$$00000025          0x08000242   Section        0  libinit2.o(.ARM.Collect$$libinit$$00000025)
    .ARM.Collect$$libinit$$0000002C          0x08000242   Section        0  libinit2.o(.ARM.Collect$$libinit$$0000002C)
    .ARM.Collect$$libinit$$0000002E          0x08000242   Section        0  libinit2.o(.ARM.Collect$$libinit$$0000002E)
    .ARM.Collect$$libinit$$00000030          0x08000242   Section        0  libinit2.o(.ARM.Collect$$libinit$$00000030)
    .ARM.Collect$$libinit$$00000032          0x08000242   Section        0  libinit2.o(.ARM.Collect$$libinit$$00000032)
    .ARM.Collect$$libinit$$00000033          0x08000242   Section        2  libinit2.o(.ARM.Collect$$libinit$$00000033)
    .ARM.Collect$$libshutdown$$00000000      0x08000244   Section        2  libshutdown.o(.ARM.Collect$$libshutdown$$00000000)
    .ARM.Collect$$libshutdown$$00000002      0x08000246   Section        0  libshutdown2.o(.ARM.Collect$$libshutdown$$00000002)
    .ARM.Collect$$libshutdown$$00000004      0x08000246   Section        0  libshutdown2.o(.ARM.Collect$$libshutdown$$00000004)
    .ARM.Collect$$libshutdown$$00000007      0x08000246   Section        0  libshutdown2.o(.ARM.Collect$$libshutdown$$00000007)
    .ARM.Collect$$libshutdown$$0000000A      0x08000246   Section        0  libshutdown2.o(.ARM.Collect$$libshutdown$$0000000A)
    .ARM.Collect$$libshutdown$$0000000C      0x08000246   Section        0  libshutdown2.o(.ARM.Collect$$libshutdown$$0000000C)
    .ARM.Collect$$libshutdown$$0000000F      0x08000246   Section        0  libshutdown2.o(.ARM.Collect$$libshutdown$$0000000F)
    .ARM.Collect$$libshutdown$$00000010      0x08000246   Section        2  libshutdown2.o(.ARM.Collect$$libshutdown$$00000010)
    .ARM.Collect$$rtentry$$00000000          0x08000248   Section        0  __rtentry.o(.ARM.Collect$$rtentry$$00000000)
    .ARM.Collect$$rtentry$$00000002          0x08000248   Section        0  __rtentry2.o(.ARM.Collect$$rtentry$$00000002)
    .ARM.Collect$$rtentry$$00000004          0x08000248   Section        6  __rtentry4.o(.ARM.Collect$$rtentry$$00000004)
    .ARM.Collect$$rtentry$$00000009          0x0800024e   Section        0  __rtentry2.o(.ARM.Collect$$rtentry$$00000009)
    .ARM.Collect$$rtentry$$0000000A          0x0800024e   Section        4  __rtentry2.o(.ARM.Collect$$rtentry$$0000000A)
    .ARM.Collect$$rtentry$$0000000C          0x08000252   Section        0  __rtentry2.o(.ARM.Collect$$rtentry$$0000000C)
    .ARM.Collect$$rtentry$$0000000D          0x08000252   Section        8  __rtentry2.o(.ARM.Collect$$rtentry$$0000000D)
    .ARM.Collect$$rtexit$$00000000           0x0800025a   Section        2  rtexit.o(.ARM.Collect$$rtexit$$00000000)
    .ARM.Collect$$rtexit$$00000002           0x0800025c   Section        0  rtexit2.o(.ARM.Collect$$rtexit$$00000002)
    .ARM.Collect$$rtexit$$00000003           0x0800025c   Section        4  rtexit2.o(.ARM.Collect$$rtexit$$00000003)
    .ARM.Collect$$rtexit$$00000004           0x08000260   Section        6  rtexit2.o(.ARM.Collect$$rtexit$$00000004)
    .text                                    0x08000268   Section       64  startup_stm32f407xx.o(.text)
    $v0                                      0x08000268   Number         0  startup_stm32f407xx.o(.text)
    .text                                    0x080002a8   Section      238  lludivv7m.o(.text)
    .text                                    0x08000396   Section      100  rt_memcpy_w.o(.text)
    .text                                    0x080003fa   Section       78  rt_memclr_w.o(.text)
    .text                                    0x08000448   Section        0  heapauxi.o(.text)
    .text                                    0x0800044e   Section        0  _rserrno.o(.text)
    .text                                    0x08000464   Section        8  rt_errno_addr_intlibspace.o(.text)
    .text                                    0x0800046c   Section        8  libspace.o(.text)
    .text                                    0x08000474   Section       74  sys_stackheap_outer.o(.text)
    .text                                    0x080004be   Section        0  exit.o(.text)
    .text                                    0x080004d0   Section        0  sys_exit.o(.text)
    .text                                    0x080004dc   Section        2  use_no_semi.o(.text)
    .text                                    0x080004de   Section        0  indicate_semi.o(.text)
    i.BusFault_Handler                       0x080004de   Section        0  stm32f4xx_it.o(i.BusFault_Handler)
    i.DebugMon_Handler                       0x080004e0   Section        0  stm32f4xx_it.o(i.DebugMon_Handler)
    i.Error_Handler                          0x080004e2   Section        0  main.o(i.Error_Handler)
    i.HAL_GPIO_Init                          0x080004e8   Section        0  stm32f4xx_hal_gpio.o(i.HAL_GPIO_Init)
    i.HAL_GPIO_ReadPin                       0x080006d8   Section        0  stm32f4xx_hal_gpio.o(i.HAL_GPIO_ReadPin)
    i.HAL_GPIO_WritePin                      0x080006e2   Section        0  stm32f4xx_hal_gpio.o(i.HAL_GPIO_WritePin)
    i.HAL_GetTick                            0x080006ec   Section        0  stm32f4xx_hal.o(i.HAL_GetTick)
    i.HAL_IncTick                            0x080006f8   Section        0  stm32f4xx_hal.o(i.HAL_IncTick)
    i.HAL_Init                               0x08000708   Section        0  stm32f4xx_hal.o(i.HAL_Init)
    i.HAL_InitTick                           0x0800073c   Section        0  stm32f4xx_hal.o(i.HAL_InitTick)
    i.HAL_MspInit                            0x0800077c   Section        0  stm32f4xx_hal_msp.o(i.HAL_MspInit)
    i.HAL_NVIC_ClearPendingIRQ               0x080007ac   Section        0  stm32f4xx_hal_cortex.o(i.HAL_NVIC_ClearPendingIRQ)
    i.HAL_NVIC_EnableIRQ                     0x080007c6   Section        0  stm32f4xx_hal_cortex.o(i.HAL_NVIC_EnableIRQ)
    i.HAL_NVIC_SetPriority                   0x080007e0   Section        0  stm32f4xx_hal_cortex.o(i.HAL_NVIC_SetPriority)
    i.HAL_NVIC_SetPriorityGrouping           0x08000820   Section        0  stm32f4xx_hal_cortex.o(i.HAL_NVIC_SetPriorityGrouping)
    i.HAL_RCC_ClockConfig                    0x08000844   Section        0  stm32f4xx_hal_rcc.o(i.HAL_RCC_ClockConfig)
    i.HAL_RCC_GetPCLK1Freq                   0x08000978   Section        0  stm32f4xx_hal_rcc.o(i.HAL_RCC_GetPCLK1Freq)
    i.HAL_RCC_GetPCLK2Freq                   0x08000998   Section        0  stm32f4xx_hal_rcc.o(i.HAL_RCC_GetPCLK2Freq)
    i.HAL_RCC_GetSysClockFreq                0x080009b8   Section        0  stm32f4xx_hal_rcc.o(i.HAL_RCC_GetSysClockFreq)
    i.HAL_RCC_OscConfig                      0x08000a18   Section        0  stm32f4xx_hal_rcc.o(i.HAL_RCC_OscConfig)
    i.HAL_SYSTICK_Config                     0x08000d84   Section        0  stm32f4xx_hal_cortex.o(i.HAL_SYSTICK_Config)
    i.HAL_TIMEx_ConfigBreakDeadTime          0x08000dac   Section        0  stm32f4xx_hal_tim_ex.o(i.HAL_TIMEx_ConfigBreakDeadTime)
    i.HAL_TIMEx_MasterConfigSynchronization  0x08000e00   Section        0  stm32f4xx_hal_tim_ex.o(i.HAL_TIMEx_MasterConfigSynchronization)
    i.HAL_TIMEx_PWMN_Start                   0x08000e90   Section        0  stm32f4xx_hal_tim_ex.o(i.HAL_TIMEx_PWMN_Start)
    i.HAL_TIMEx_PWMN_Stop                    0x08000f50   Section        0  stm32f4xx_hal_tim_ex.o(i.HAL_TIMEx_PWMN_Stop)
    i.HAL_TIM_Base_Init                      0x08000fb8   Section        0  stm32f4xx_hal_tim.o(i.HAL_TIM_Base_Init)
    i.HAL_TIM_Base_MspInit                   0x08001014   Section        0  tim.o(i.HAL_TIM_Base_MspInit)
    i.HAL_TIM_Base_Start_IT                  0x080010a0   Section        0  stm32f4xx_hal_tim.o(i.HAL_TIM_Base_Start_IT)
    i.HAL_TIM_ConfigClockSource              0x08001120   Section        0  stm32f4xx_hal_tim.o(i.HAL_TIM_ConfigClockSource)
    i.HAL_TIM_PWM_ConfigChannel              0x080011fc   Section        0  stm32f4xx_hal_tim.o(i.HAL_TIM_PWM_ConfigChannel)
    i.HAL_TIM_PWM_Init                       0x080012c8   Section        0  stm32f4xx_hal_tim.o(i.HAL_TIM_PWM_Init)
    i.HAL_TIM_PWM_MspInit                    0x08001324   Section        0  smd.o(i.HAL_TIM_PWM_MspInit)
    i.HAL_TIM_PWM_Start                      0x08001510   Section        0  stm32f4xx_hal_tim.o(i.HAL_TIM_PWM_Start)
    i.HAL_TIM_PWM_Stop                       0x080015d8   Section        0  stm32f4xx_hal_tim.o(i.HAL_TIM_PWM_Stop)
    i.HAL_UART_Init                          0x08001654   Section        0  stm32f4xx_hal_uart.o(i.HAL_UART_Init)
    i.HAL_UART_MspInit                       0x080016b8   Section        0  usart.o(i.HAL_UART_MspInit)
    i.HardFault_Handler                      0x08001804   Section        0  stm32f4xx_it.o(i.HardFault_Handler)
    i.MX_GPIO_Init                           0x08001808   Section        0  gpio.o(i.MX_GPIO_Init)
    i.MX_TIM12_Init                          0x08001ab0   Section        0  tim.o(i.MX_TIM12_Init)
    i.MX_TIM6_Init                           0x08001afc   Section        0  tim.o(i.MX_TIM6_Init)
    i.MX_TIM7_Init                           0x08001b40   Section        0  tim.o(i.MX_TIM7_Init)
    i.MX_UART5_Init                          0x08001b84   Section        0  usart.o(i.MX_UART5_Init)
    i.MX_USART1_UART_Init                    0x08001bbc   Section        0  usart.o(i.MX_USART1_UART_Init)
    i.MX_USART2_UART_Init                    0x08001bf4   Section        0  usart.o(i.MX_USART2_UART_Init)
    i.MemManage_Handler                      0x08001c2c   Section        0  stm32f4xx_it.o(i.MemManage_Handler)
    i.NMI_Handler                            0x08001c2e   Section        0  stm32f4xx_it.o(i.NMI_Handler)
    i.PendSV_Handler                         0x08001c30   Section        0  stm32f4xx_it.o(i.PendSV_Handler)
    i.SMD_ApplyFreqToHW                      0x08001c34   Section        0  smd.o(i.SMD_ApplyFreqToHW)
    SMD_ApplyFreqToHW                        0x08001c35   Thumb Code   264  smd.o(i.SMD_ApplyFreqToHW)
    i.SMD_CalcAccNeedSteps                   0x08001d50   Section        0  smd.o(i.SMD_CalcAccNeedSteps)
    i.SMD_Calc_PSC_ARR                       0x08001fe4   Section        0  smd.o(i.SMD_Calc_PSC_ARR)
    SMD_Calc_PSC_ARR                         0x08001fe5   Thumb Code    50  smd.o(i.SMD_Calc_PSC_ARR)
    i.SMD_GripperStepsCtl                    0x0800201c   Section        0  smd.o(i.SMD_GripperStepsCtl)
    SMD_GripperStepsCtl                      0x0800201d   Thumb Code   212  smd.o(i.SMD_GripperStepsCtl)
    i.SMD_Init_HighTimer                     0x080020f8   Section        0  smd.o(i.SMD_Init_HighTimer)
    SMD_Init_HighTimer                       0x080020f9   Thumb Code   110  smd.o(i.SMD_Init_HighTimer)
    i.SMD_Init_NormalTimer                   0x08002166   Section        0  smd.o(i.SMD_Init_NormalTimer)
    SMD_Init_NormalTimer                     0x08002167   Thumb Code    72  smd.o(i.SMD_Init_NormalTimer)
    i.SMD_PWM_Init                           0x080021b0   Section        0  smd.o(i.SMD_PWM_Init)
    i.SMD_PWM_InitAll                        0x0800227c   Section        0  smd.o(i.SMD_PWM_InitAll)
    i.SMD_PWM_SetFreqGradient                0x080022a0   Section        0  smd.o(i.SMD_PWM_SetFreqGradient)
    i.SMD_PWM_Start                          0x080022ec   Section        0  smd.o(i.SMD_PWM_Start)
    i.SMD_PWM_Stop                           0x08002348   Section        0  smd.o(i.SMD_PWM_Stop)
    i.SMD_TIM10_Init                         0x080023a4   Section        0  smd.o(i.SMD_TIM10_Init)
    i.SMD_UpdateVelocity                     0x08002410   Section        0  smd.o(i.SMD_UpdateVelocity)
    SMD_UpdateVelocity                       0x08002411   Thumb Code   114  smd.o(i.SMD_UpdateVelocity)
    i.SVC_Handler                            0x08002490   Section        0  stm32f4xx_it.o(i.SVC_Handler)
    i.SysTick_Handler                        0x08002492   Section        0  stm32f4xx_it.o(i.SysTick_Handler)
    i.SystemClock_Config                     0x08002498   Section        0  main.o(i.SystemClock_Config)
    i.SystemInit                             0x0800252c   Section        0  system_stm32f4xx.o(i.SystemInit)
    i.TIM1_UP_TIM10_IRQHandler               0x0800253c   Section        0  smd.o(i.TIM1_UP_TIM10_IRQHandler)
    i.TIM6_DAC_IRQHandler                    0x08002ccc   Section        0  mb_port.o(i.TIM6_DAC_IRQHandler)
    i.TIM7_IRQHandler                        0x08002ce4   Section        0  mb_port.o(i.TIM7_IRQHandler)
    i.TIM8_BRK_TIM12_IRQHandler              0x08002cfc   Section        0  mb_port.o(i.TIM8_BRK_TIM12_IRQHandler)
    i.TIM_Base_SetConfig                     0x08002d14   Section        0  stm32f4xx_hal_tim.o(i.TIM_Base_SetConfig)
    i.TIM_CCxChannelCmd                      0x08002de4   Section        0  stm32f4xx_hal_tim.o(i.TIM_CCxChannelCmd)
    i.TIM_CCxNChannelCmd                     0x08002dfe   Section        0  stm32f4xx_hal_tim_ex.o(i.TIM_CCxNChannelCmd)
    TIM_CCxNChannelCmd                       0x08002dff   Thumb Code    26  stm32f4xx_hal_tim_ex.o(i.TIM_CCxNChannelCmd)
    i.TIM_ETR_SetConfig                      0x08002e18   Section        0  stm32f4xx_hal_tim.o(i.TIM_ETR_SetConfig)
    i.TIM_ITRx_SetConfig                     0x08002e2c   Section        0  stm32f4xx_hal_tim.o(i.TIM_ITRx_SetConfig)
    TIM_ITRx_SetConfig                       0x08002e2d   Thumb Code    16  stm32f4xx_hal_tim.o(i.TIM_ITRx_SetConfig)
    i.TIM_OC1_SetConfig                      0x08002e3c   Section        0  stm32f4xx_hal_tim.o(i.TIM_OC1_SetConfig)
    TIM_OC1_SetConfig                        0x08002e3d   Thumb Code    88  stm32f4xx_hal_tim.o(i.TIM_OC1_SetConfig)
    i.TIM_OC2_SetConfig                      0x08002e9c   Section        0  stm32f4xx_hal_tim.o(i.TIM_OC2_SetConfig)
    i.TIM_OC3_SetConfig                      0x08002f08   Section        0  stm32f4xx_hal_tim.o(i.TIM_OC3_SetConfig)
    TIM_OC3_SetConfig                        0x08002f09   Thumb Code    96  stm32f4xx_hal_tim.o(i.TIM_OC3_SetConfig)
    i.TIM_OC4_SetConfig                      0x08002f70   Section        0  stm32f4xx_hal_tim.o(i.TIM_OC4_SetConfig)
    TIM_OC4_SetConfig                        0x08002f71   Thumb Code    70  stm32f4xx_hal_tim.o(i.TIM_OC4_SetConfig)
    i.TIM_TI1_ConfigInputStage               0x08002fc0   Section        0  stm32f4xx_hal_tim.o(i.TIM_TI1_ConfigInputStage)
    TIM_TI1_ConfigInputStage                 0x08002fc1   Thumb Code    34  stm32f4xx_hal_tim.o(i.TIM_TI1_ConfigInputStage)
    i.TIM_TI2_ConfigInputStage               0x08002fe2   Section        0  stm32f4xx_hal_tim.o(i.TIM_TI2_ConfigInputStage)
    TIM_TI2_ConfigInputStage                 0x08002fe3   Thumb Code    36  stm32f4xx_hal_tim.o(i.TIM_TI2_ConfigInputStage)
    i.UART5_IRQHandler                       0x08003008   Section        0  mb_port.o(i.UART5_IRQHandler)
    i.UART_SetConfig                         0x0800304c   Section        0  stm32f4xx_hal_uart.o(i.UART_SetConfig)
    UART_SetConfig                           0x0800304d   Thumb Code   258  stm32f4xx_hal_uart.o(i.UART_SetConfig)
    i.USART1_IRQHandler                      0x08003158   Section        0  mb_port.o(i.USART1_IRQHandler)
    i.USART2_IRQHandler                      0x0800319c   Section        0  mb_port.o(i.USART2_IRQHandler)
    i.UsageFault_Handler                     0x080031e0   Section        0  stm32f4xx_it.o(i.UsageFault_Handler)
    i.__NVIC_SetPriority                     0x080031e2   Section        0  stm32f4xx_hal_cortex.o(i.__NVIC_SetPriority)
    __NVIC_SetPriority                       0x080031e3   Thumb Code    32  stm32f4xx_hal_cortex.o(i.__NVIC_SetPriority)
    i.__hardfp_sqrt                          0x08003202   Section        0  sqrt.o(i.__hardfp_sqrt)
    i.main                                   0x0800327c   Section        0  main.o(i.main)
    i.mb_crc16                               0x0800330c   Section        0  mb_crc.o(i.mb_crc16)
    i.mbs_exec                               0x08003338   Section        0  mb_slave.o(i.mbs_exec)
    i.mbs_hook_extract_coils                 0x080033be   Section        0  mb_hook.o(i.mbs_hook_extract_coils)
    i.mbs_hook_extract_holding               0x080033e0   Section        0  mb_hook.o(i.mbs_hook_extract_holding)
    i.mbs_hook_updata_coils                  0x08003708   Section        0  mb_hook.o(i.mbs_hook_updata_coils)
    i.mbs_hook_updata_holding                0x08003718   Section        0  mb_hook.o(i.mbs_hook_updata_holding)
    i.mbs_init                               0x080038fc   Section        0  mb_slave.o(i.mbs_init)
    i.mbs_poll                               0x08003b88   Section        0  mb_slave.o(i.mbs_poll)
    i.mbs_port_getchar                       0x08003bde   Section        0  mb_port.o(i.mbs_port_getchar)
    i.mbs_port_putchar                       0x08003be6   Section        0  mb_port.o(i.mbs_port_putchar)
    i.mbs_port_timerDisable                  0x08003bec   Section        0  mb_port.o(i.mbs_port_timerDisable)
    i.mbs_port_timerEnable                   0x08003c22   Section        0  mb_port.o(i.mbs_port_timerEnable)
    i.mbs_port_timerInit                     0x08003c64   Section        0  mb_port.o(i.mbs_port_timerInit)
    i.mbs_port_uartEnable                    0x08003ca0   Section        0  mb_port.o(i.mbs_port_uartEnable)
    i.mbs_port_uartInit                      0x08003cc8   Section        0  mb_port.o(i.mbs_port_uartInit)
    i.mbs_send                               0x08003d12   Section        0  mb_slave.o(i.mbs_send)
    i.mbs_timer3T5Isr                        0x08003d50   Section        0  mb_slave.o(i.mbs_timer3T5Isr)
    i.mbs_uartRxIsr                          0x08003d66   Section        0  mb_slave.o(i.mbs_uartRxIsr)
    i.mbs_uartTxIsr                          0x08003db8   Section        0  mb_slave.o(i.mbs_uartTxIsr)
    i.mods_01h                               0x08003e10   Section        0  mb_slave.o(i.mods_01h)
    mods_01h                                 0x08003e11   Thumb Code   248  mb_slave.o(i.mods_01h)
    i.mods_03h                               0x08003f08   Section        0  mb_slave.o(i.mods_03h)
    i.mods_05h                               0x08003fd0   Section        0  mb_slave.o(i.mods_05h)
    mods_05h                                 0x08003fd1   Thumb Code   150  mb_slave.o(i.mods_05h)
    i.mods_06h                               0x08004066   Section        0  mb_slave.o(i.mods_06h)
    i.mods_0fh                               0x080040e8   Section        0  mb_slave.o(i.mods_0fh)
    i.mods_10h                               0x080041a8   Section        0  mb_slave.o(i.mods_10h)
    x$fpl$dadd                               0x0800425c   Section      336  daddsub_clz.o(x$fpl$dadd)
    $v0                                      0x0800425c   Number         0  daddsub_clz.o(x$fpl$dadd)
    _dadd1                                   0x0800426d   Thumb Code     0  daddsub_clz.o(x$fpl$dadd)
    x$fpl$dcmpinf                            0x080043ac   Section       24  dcmpi.o(x$fpl$dcmpinf)
    $v0                                      0x080043ac   Number         0  dcmpi.o(x$fpl$dcmpinf)
    x$fpl$ddiv                               0x080043c4   Section      688  ddiv.o(x$fpl$ddiv)
    $v0                                      0x080043c4   Number         0  ddiv.o(x$fpl$ddiv)
    ddiv_entry                               0x080043cb   Thumb Code     0  ddiv.o(x$fpl$ddiv)
    x$fpl$dfix                               0x08004674   Section       94  dfix.o(x$fpl$dfix)
    $v0                                      0x08004674   Number         0  dfix.o(x$fpl$dfix)
    x$fpl$dleqf                              0x080046d4   Section      120  dleqf.o(x$fpl$dleqf)
    $v0                                      0x080046d4   Number         0  dleqf.o(x$fpl$dleqf)
    x$fpl$dmul                               0x0800474c   Section      340  dmul.o(x$fpl$dmul)
    $v0                                      0x0800474c   Number         0  dmul.o(x$fpl$dmul)
    x$fpl$dnaninf                            0x080048a0   Section      156  dnaninf.o(x$fpl$dnaninf)
    $v0                                      0x080048a0   Number         0  dnaninf.o(x$fpl$dnaninf)
    x$fpl$dretinf                            0x0800493c   Section       12  dretinf.o(x$fpl$dretinf)
    $v0                                      0x0800493c   Number         0  dretinf.o(x$fpl$dretinf)
    x$fpl$drsb                               0x08004948   Section       22  daddsub_clz.o(x$fpl$drsb)
    $v0                                      0x08004948   Number         0  daddsub_clz.o(x$fpl$drsb)
    x$fpl$dsqrt                              0x08004960   Section      408  dsqrt_umaal.o(x$fpl$dsqrt)
    $v0                                      0x08004960   Number         0  dsqrt_umaal.o(x$fpl$dsqrt)
    x$fpl$dsub                               0x08004af8   Section      468  daddsub_clz.o(x$fpl$dsub)
    $v0                                      0x08004af8   Number         0  daddsub_clz.o(x$fpl$dsub)
    _dsub1                                   0x08004b09   Thumb Code     0  daddsub_clz.o(x$fpl$dsub)
    x$fpl$f2d                                0x08004ccc   Section       86  f2d.o(x$fpl$f2d)
    $v0                                      0x08004ccc   Number         0  f2d.o(x$fpl$f2d)
    x$fpl$fnaninf                            0x08004d22   Section      140  fnaninf.o(x$fpl$fnaninf)
    $v0                                      0x08004d22   Number         0  fnaninf.o(x$fpl$fnaninf)
    x$fpl$fpinit                             0x08004dae   Section       10  fpinit.o(x$fpl$fpinit)
    $v0                                      0x08004dae   Number         0  fpinit.o(x$fpl$fpinit)
    .constdata                               0x08004db8   Section     2712  smd.o(.constdata)
    x$fpl$usenofp                            0x08004db8   Section        0  usenofp.o(x$fpl$usenofp)
    .constdata                               0x08005850   Section      512  mb_crc.o(.constdata)
    aucCRCHi                                 0x08005850   Data         256  mb_crc.o(.constdata)
    aucCRCLo                                 0x08005950   Data         256  mb_crc.o(.constdata)
    .constdata                               0x08005a50   Section      696  mb_hook.o(.constdata)
    .constdata                               0x08005d08   Section       16  system_stm32f4xx.o(.constdata)
    .constdata                               0x08005d18   Section        8  system_stm32f4xx.o(.constdata)
    .data                                    0x20000000   Section      288  smd.o(.data)
    s_sysToOrigin                            0x20000000   Data           1  smd.o(.data)
    GripperCurStepsF                         0x20000008   Data           4  smd.o(.data)
    .data                                    0x20000120   Section       12  stm32f4xx_hal.o(.data)
    .data                                    0x2000012c   Section        4  system_stm32f4xx.o(.data)
    .bss                                     0x20000130   Section      216  tim.o(.bss)
    .bss                                     0x20000208   Section      216  usart.o(.bss)
    .bss                                     0x200002e0   Section      648  smd.o(.bss)
    .bss                                     0x20000568   Section     4860  mb_slave.o(.bss)
    .bss                                     0x20001864   Section       96  libspace.o(.bss)
    HEAP                                     0x200018c8   Section      512  startup_stm32f407xx.o(HEAP)
    Heap_Mem                                 0x200018c8   Data         512  startup_stm32f407xx.o(HEAP)
    STACK                                    0x20001ac8   Section     1024  startup_stm32f407xx.o(STACK)
    Stack_Mem                                0x20001ac8   Data        1024  startup_stm32f407xx.o(STACK)
    __initial_sp                             0x20001ec8   Data           0  startup_stm32f407xx.o(STACK)

    Global Symbols

    Symbol Name                              Value     Ov Type        Size  Object(Section)

    BuildAttributes$$THM_ISAv4$E$P$D$K$B$S$7EM$VFPi3$EXTD16$VFPS$VFMA$PE$A:L22UL41UL21$X:L11$S22US41US21$IEEE1$IW$USESV6$~STKCKD$USESV7$~SHL$OTIME$ROPI$IEEEJ$EBA8$UX$STANDARDLIB$REQ8$PRES8$EABIv2 0x00000000   Number         0  anon$$obj.o ABSOLUTE
    __ARM_use_no_argv                        0x00000000   Number         0  main.o ABSOLUTE
    __ARM_exceptions_init                     - Undefined Weak Reference
    __alloca_initialize                       - Undefined Weak Reference
    __arm_preinit_                            - Undefined Weak Reference
    __cpp_initialize__aeabi_                  - Undefined Weak Reference
    __cxa_finalize                            - Undefined Weak Reference
    __rt_locale                               - Undefined Weak Reference
    __sigvec_lookup                           - Undefined Weak Reference
    _atexit_init                              - Undefined Weak Reference
    _call_atexit_fns                          - Undefined Weak Reference
    _clock_init                               - Undefined Weak Reference
    _fp_trap_init                             - Undefined Weak Reference
    _fp_trap_shutdown                         - Undefined Weak Reference
    _get_lc_collate                           - Undefined Weak Reference
    _get_lc_ctype                             - Undefined Weak Reference
    _get_lc_monetary                          - Undefined Weak Reference
    _get_lc_numeric                           - Undefined Weak Reference
    _get_lc_time                              - Undefined Weak Reference
    _getenv_init                              - Undefined Weak Reference
    _handle_redirection                       - Undefined Weak Reference
    _init_alloc                               - Undefined Weak Reference
    _init_user_alloc                          - Undefined Weak Reference
    _initio                                   - Undefined Weak Reference
    _rand_init                                - Undefined Weak Reference
    _signal_finish                            - Undefined Weak Reference
    _signal_init                              - Undefined Weak Reference
    _terminate_alloc                          - Undefined Weak Reference
    _terminate_user_alloc                     - Undefined Weak Reference
    _terminateio                              - Undefined Weak Reference
    __Vectors_Size                           0x00000188   Number         0  startup_stm32f407xx.o ABSOLUTE
    __Vectors                                0x08000000   Data           4  startup_stm32f407xx.o(RESET)
    __Vectors_End                            0x08000188   Data           0  startup_stm32f407xx.o(RESET)
    __main                                   0x08000189   Thumb Code     8  __main.o(!!!main)
    __scatterload                            0x08000191   Thumb Code     0  __scatter.o(!!!scatter)
    __scatterload_rt2                        0x08000191   Thumb Code    44  __scatter.o(!!!scatter)
    __scatterload_rt2_thumb_only             0x08000191   Thumb Code     0  __scatter.o(!!!scatter)
    __scatterload_null                       0x0800019f   Thumb Code     0  __scatter.o(!!!scatter)
    __decompress                             0x080001c5   Thumb Code    90  __dczerorl2.o(!!dczerorl2)
    __decompress1                            0x080001c5   Thumb Code     0  __dczerorl2.o(!!dczerorl2)
    __scatterload_zeroinit                   0x08000221   Thumb Code    28  __scatter_zi.o(!!handler_zi)
    __rt_lib_init                            0x0800023d   Thumb Code     0  libinit.o(.ARM.Collect$$libinit$$00000000)
    __rt_lib_init_fp_1                       0x0800023f   Thumb Code     0  libinit2.o(.ARM.Collect$$libinit$$00000001)
    __rt_lib_init_alloca_1                   0x08000243   Thumb Code     0  libinit2.o(.ARM.Collect$$libinit$$0000002E)
    __rt_lib_init_argv_1                     0x08000243   Thumb Code     0  libinit2.o(.ARM.Collect$$libinit$$0000002C)
    __rt_lib_init_atexit_1                   0x08000243   Thumb Code     0  libinit2.o(.ARM.Collect$$libinit$$0000001B)
    __rt_lib_init_clock_1                    0x08000243   Thumb Code     0  libinit2.o(.ARM.Collect$$libinit$$00000021)
    __rt_lib_init_cpp_1                      0x08000243   Thumb Code     0  libinit2.o(.ARM.Collect$$libinit$$00000032)
    __rt_lib_init_exceptions_1               0x08000243   Thumb Code     0  libinit2.o(.ARM.Collect$$libinit$$00000030)
    __rt_lib_init_fp_trap_1                  0x08000243   Thumb Code     0  libinit2.o(.ARM.Collect$$libinit$$0000001F)
    __rt_lib_init_getenv_1                   0x08000243   Thumb Code     0  libinit2.o(.ARM.Collect$$libinit$$00000023)
    __rt_lib_init_heap_1                     0x08000243   Thumb Code     0  libinit2.o(.ARM.Collect$$libinit$$0000000A)
    __rt_lib_init_lc_collate_1               0x08000243   Thumb Code     0  libinit2.o(.ARM.Collect$$libinit$$00000011)
    __rt_lib_init_lc_ctype_1                 0x08000243   Thumb Code     0  libinit2.o(.ARM.Collect$$libinit$$00000013)
    __rt_lib_init_lc_monetary_1              0x08000243   Thumb Code     0  libinit2.o(.ARM.Collect$$libinit$$00000015)
    __rt_lib_init_lc_numeric_1               0x08000243   Thumb Code     0  libinit2.o(.ARM.Collect$$libinit$$00000017)
    __rt_lib_init_lc_time_1                  0x08000243   Thumb Code     0  libinit2.o(.ARM.Collect$$libinit$$00000019)
    __rt_lib_init_preinit_1                  0x08000243   Thumb Code     0  libinit2.o(.ARM.Collect$$libinit$$00000004)
    __rt_lib_init_rand_1                     0x08000243   Thumb Code     0  libinit2.o(.ARM.Collect$$libinit$$0000000E)
    __rt_lib_init_return                     0x08000243   Thumb Code     0  libinit2.o(.ARM.Collect$$libinit$$00000033)
    __rt_lib_init_signal_1                   0x08000243   Thumb Code     0  libinit2.o(.ARM.Collect$$libinit$$0000001D)
    __rt_lib_init_stdio_1                    0x08000243   Thumb Code     0  libinit2.o(.ARM.Collect$$libinit$$00000025)
    __rt_lib_init_user_alloc_1               0x08000243   Thumb Code     0  libinit2.o(.ARM.Collect$$libinit$$0000000C)
    __rt_lib_shutdown                        0x08000245   Thumb Code     0  libshutdown.o(.ARM.Collect$$libshutdown$$00000000)
    __rt_lib_shutdown_cpp_1                  0x08000247   Thumb Code     0  libshutdown2.o(.ARM.Collect$$libshutdown$$00000002)
    __rt_lib_shutdown_fp_trap_1              0x08000247   Thumb Code     0  libshutdown2.o(.ARM.Collect$$libshutdown$$00000007)
    __rt_lib_shutdown_heap_1                 0x08000247   Thumb Code     0  libshutdown2.o(.ARM.Collect$$libshutdown$$0000000F)
    __rt_lib_shutdown_return                 0x08000247   Thumb Code     0  libshutdown2.o(.ARM.Collect$$libshutdown$$00000010)
    __rt_lib_shutdown_signal_1               0x08000247   Thumb Code     0  libshutdown2.o(.ARM.Collect$$libshutdown$$0000000A)
    __rt_lib_shutdown_stdio_1                0x08000247   Thumb Code     0  libshutdown2.o(.ARM.Collect$$libshutdown$$00000004)
    __rt_lib_shutdown_user_alloc_1           0x08000247   Thumb Code     0  libshutdown2.o(.ARM.Collect$$libshutdown$$0000000C)
    __rt_entry                               0x08000249   Thumb Code     0  __rtentry.o(.ARM.Collect$$rtentry$$00000000)
    __rt_entry_presh_1                       0x08000249   Thumb Code     0  __rtentry2.o(.ARM.Collect$$rtentry$$00000002)
    __rt_entry_sh                            0x08000249   Thumb Code     0  __rtentry4.o(.ARM.Collect$$rtentry$$00000004)
    __rt_entry_li                            0x0800024f   Thumb Code     0  __rtentry2.o(.ARM.Collect$$rtentry$$0000000A)
    __rt_entry_postsh_1                      0x0800024f   Thumb Code     0  __rtentry2.o(.ARM.Collect$$rtentry$$00000009)
    __rt_entry_main                          0x08000253   Thumb Code     0  __rtentry2.o(.ARM.Collect$$rtentry$$0000000D)
    __rt_entry_postli_1                      0x08000253   Thumb Code     0  __rtentry2.o(.ARM.Collect$$rtentry$$0000000C)
    __rt_exit                                0x0800025b   Thumb Code     0  rtexit.o(.ARM.Collect$$rtexit$$00000000)
    __rt_exit_ls                             0x0800025d   Thumb Code     0  rtexit2.o(.ARM.Collect$$rtexit$$00000003)
    __rt_exit_prels_1                        0x0800025d   Thumb Code     0  rtexit2.o(.ARM.Collect$$rtexit$$00000002)
    __rt_exit_exit                           0x08000261   Thumb Code     0  rtexit2.o(.ARM.Collect$$rtexit$$00000004)
    Reset_Handler                            0x08000269   Thumb Code     8  startup_stm32f407xx.o(.text)
    ADC_IRQHandler                           0x08000283   Thumb Code     0  startup_stm32f407xx.o(.text)
    CAN1_RX0_IRQHandler                      0x08000283   Thumb Code     0  startup_stm32f407xx.o(.text)
    CAN1_RX1_IRQHandler                      0x08000283   Thumb Code     0  startup_stm32f407xx.o(.text)
    CAN1_SCE_IRQHandler                      0x08000283   Thumb Code     0  startup_stm32f407xx.o(.text)
    CAN1_TX_IRQHandler                       0x08000283   Thumb Code     0  startup_stm32f407xx.o(.text)
    CAN2_RX0_IRQHandler                      0x08000283   Thumb Code     0  startup_stm32f407xx.o(.text)
    CAN2_RX1_IRQHandler                      0x08000283   Thumb Code     0  startup_stm32f407xx.o(.text)
    CAN2_SCE_IRQHandler                      0x08000283   Thumb Code     0  startup_stm32f407xx.o(.text)
    CAN2_TX_IRQHandler                       0x08000283   Thumb Code     0  startup_stm32f407xx.o(.text)
    DCMI_IRQHandler                          0x08000283   Thumb Code     0  startup_stm32f407xx.o(.text)
    DMA1_Stream0_IRQHandler                  0x08000283   Thumb Code     0  startup_stm32f407xx.o(.text)
    DMA1_Stream1_IRQHandler                  0x08000283   Thumb Code     0  startup_stm32f407xx.o(.text)
    DMA1_Stream2_IRQHandler                  0x08000283   Thumb Code     0  startup_stm32f407xx.o(.text)
    DMA1_Stream3_IRQHandler                  0x08000283   Thumb Code     0  startup_stm32f407xx.o(.text)
    DMA1_Stream4_IRQHandler                  0x08000283   Thumb Code     0  startup_stm32f407xx.o(.text)
    DMA1_Stream5_IRQHandler                  0x08000283   Thumb Code     0  startup_stm32f407xx.o(.text)
    DMA1_Stream6_IRQHandler                  0x08000283   Thumb Code     0  startup_stm32f407xx.o(.text)
    DMA1_Stream7_IRQHandler                  0x08000283   Thumb Code     0  startup_stm32f407xx.o(.text)
    DMA2_Stream0_IRQHandler                  0x08000283   Thumb Code     0  startup_stm32f407xx.o(.text)
    DMA2_Stream1_IRQHandler                  0x08000283   Thumb Code     0  startup_stm32f407xx.o(.text)
    DMA2_Stream2_IRQHandler                  0x08000283   Thumb Code     0  startup_stm32f407xx.o(.text)
    DMA2_Stream3_IRQHandler                  0x08000283   Thumb Code     0  startup_stm32f407xx.o(.text)
    DMA2_Stream4_IRQHandler                  0x08000283   Thumb Code     0  startup_stm32f407xx.o(.text)
    DMA2_Stream5_IRQHandler                  0x08000283   Thumb Code     0  startup_stm32f407xx.o(.text)
    DMA2_Stream6_IRQHandler                  0x08000283   Thumb Code     0  startup_stm32f407xx.o(.text)
    DMA2_Stream7_IRQHandler                  0x08000283   Thumb Code     0  startup_stm32f407xx.o(.text)
    ETH_IRQHandler                           0x08000283   Thumb Code     0  startup_stm32f407xx.o(.text)
    ETH_WKUP_IRQHandler                      0x08000283   Thumb Code     0  startup_stm32f407xx.o(.text)
    EXTI0_IRQHandler                         0x08000283   Thumb Code     0  startup_stm32f407xx.o(.text)
    EXTI15_10_IRQHandler                     0x08000283   Thumb Code     0  startup_stm32f407xx.o(.text)
    EXTI1_IRQHandler                         0x08000283   Thumb Code     0  startup_stm32f407xx.o(.text)
    EXTI2_IRQHandler                         0x08000283   Thumb Code     0  startup_stm32f407xx.o(.text)
    EXTI3_IRQHandler                         0x08000283   Thumb Code     0  startup_stm32f407xx.o(.text)
    EXTI4_IRQHandler                         0x08000283   Thumb Code     0  startup_stm32f407xx.o(.text)
    EXTI9_5_IRQHandler                       0x08000283   Thumb Code     0  startup_stm32f407xx.o(.text)
    FLASH_IRQHandler                         0x08000283   Thumb Code     0  startup_stm32f407xx.o(.text)
    FMC_IRQHandler                           0x08000283   Thumb Code     0  startup_stm32f407xx.o(.text)
    FPU_IRQHandler                           0x08000283   Thumb Code     0  startup_stm32f407xx.o(.text)
    HASH_RNG_IRQHandler                      0x08000283   Thumb Code     0  startup_stm32f407xx.o(.text)
    I2C1_ER_IRQHandler                       0x08000283   Thumb Code     0  startup_stm32f407xx.o(.text)
    I2C1_EV_IRQHandler                       0x08000283   Thumb Code     0  startup_stm32f407xx.o(.text)
    I2C2_ER_IRQHandler                       0x08000283   Thumb Code     0  startup_stm32f407xx.o(.text)
    I2C2_EV_IRQHandler                       0x08000283   Thumb Code     0  startup_stm32f407xx.o(.text)
    I2C3_ER_IRQHandler                       0x08000283   Thumb Code     0  startup_stm32f407xx.o(.text)
    I2C3_EV_IRQHandler                       0x08000283   Thumb Code     0  startup_stm32f407xx.o(.text)
    OTG_FS_IRQHandler                        0x08000283   Thumb Code     0  startup_stm32f407xx.o(.text)
    OTG_FS_WKUP_IRQHandler                   0x08000283   Thumb Code     0  startup_stm32f407xx.o(.text)
    OTG_HS_EP1_IN_IRQHandler                 0x08000283   Thumb Code     0  startup_stm32f407xx.o(.text)
    OTG_HS_EP1_OUT_IRQHandler                0x08000283   Thumb Code     0  startup_stm32f407xx.o(.text)
    OTG_HS_IRQHandler                        0x08000283   Thumb Code     0  startup_stm32f407xx.o(.text)
    OTG_HS_WKUP_IRQHandler                   0x08000283   Thumb Code     0  startup_stm32f407xx.o(.text)
    PVD_IRQHandler                           0x08000283   Thumb Code     0  startup_stm32f407xx.o(.text)
    RCC_IRQHandler                           0x08000283   Thumb Code     0  startup_stm32f407xx.o(.text)
    RTC_Alarm_IRQHandler                     0x08000283   Thumb Code     0  startup_stm32f407xx.o(.text)
    RTC_WKUP_IRQHandler                      0x08000283   Thumb Code     0  startup_stm32f407xx.o(.text)
    SDIO_IRQHandler                          0x08000283   Thumb Code     0  startup_stm32f407xx.o(.text)
    SPI1_IRQHandler                          0x08000283   Thumb Code     0  startup_stm32f407xx.o(.text)
    SPI2_IRQHandler                          0x08000283   Thumb Code     0  startup_stm32f407xx.o(.text)
    SPI3_IRQHandler                          0x08000283   Thumb Code     0  startup_stm32f407xx.o(.text)
    TAMP_STAMP_IRQHandler                    0x08000283   Thumb Code     0  startup_stm32f407xx.o(.text)
    TIM1_BRK_TIM9_IRQHandler                 0x08000283   Thumb Code     0  startup_stm32f407xx.o(.text)
    TIM1_CC_IRQHandler                       0x08000283   Thumb Code     0  startup_stm32f407xx.o(.text)
    TIM1_TRG_COM_TIM11_IRQHandler            0x08000283   Thumb Code     0  startup_stm32f407xx.o(.text)
    TIM2_IRQHandler                          0x08000283   Thumb Code     0  startup_stm32f407xx.o(.text)
    TIM3_IRQHandler                          0x08000283   Thumb Code     0  startup_stm32f407xx.o(.text)
    TIM4_IRQHandler                          0x08000283   Thumb Code     0  startup_stm32f407xx.o(.text)
    TIM5_IRQHandler                          0x08000283   Thumb Code     0  startup_stm32f407xx.o(.text)
    TIM8_CC_IRQHandler                       0x08000283   Thumb Code     0  startup_stm32f407xx.o(.text)
    TIM8_TRG_COM_TIM14_IRQHandler            0x08000283   Thumb Code     0  startup_stm32f407xx.o(.text)
    TIM8_UP_TIM13_IRQHandler                 0x08000283   Thumb Code     0  startup_stm32f407xx.o(.text)
    UART4_IRQHandler                         0x08000283   Thumb Code     0  startup_stm32f407xx.o(.text)
    USART3_IRQHandler                        0x08000283   Thumb Code     0  startup_stm32f407xx.o(.text)
    USART6_IRQHandler                        0x08000283   Thumb Code     0  startup_stm32f407xx.o(.text)
    WWDG_IRQHandler                          0x08000283   Thumb Code     0  startup_stm32f407xx.o(.text)
    __user_initial_stackheap                 0x08000285   Thumb Code     0  startup_stm32f407xx.o(.text)
    __aeabi_uldivmod                         0x080002a9   Thumb Code     0  lludivv7m.o(.text)
    _ll_udiv                                 0x080002a9   Thumb Code   238  lludivv7m.o(.text)
    __aeabi_memcpy4                          0x08000397   Thumb Code     0  rt_memcpy_w.o(.text)
    __aeabi_memcpy8                          0x08000397   Thumb Code     0  rt_memcpy_w.o(.text)
    __rt_memcpy_w                            0x08000397   Thumb Code   100  rt_memcpy_w.o(.text)
    _memcpy_lastbytes_aligned                0x080003df   Thumb Code     0  rt_memcpy_w.o(.text)
    __aeabi_memclr4                          0x080003fb   Thumb Code     0  rt_memclr_w.o(.text)
    __aeabi_memclr8                          0x080003fb   Thumb Code     0  rt_memclr_w.o(.text)
    __rt_memclr_w                            0x080003fb   Thumb Code    78  rt_memclr_w.o(.text)
    _memset_w                                0x080003ff   Thumb Code     0  rt_memclr_w.o(.text)
    __use_two_region_memory                  0x08000449   Thumb Code     2  heapauxi.o(.text)
    __rt_heap_escrow$2region                 0x0800044b   Thumb Code     2  heapauxi.o(.text)
    __rt_heap_expand$2region                 0x0800044d   Thumb Code     2  heapauxi.o(.text)
    __read_errno                             0x0800044f   Thumb Code    10  _rserrno.o(.text)
    __set_errno                              0x08000459   Thumb Code    12  _rserrno.o(.text)
    __aeabi_errno_addr                       0x08000465   Thumb Code     8  rt_errno_addr_intlibspace.o(.text)
    __errno$intlibspace                      0x08000465   Thumb Code     0  rt_errno_addr_intlibspace.o(.text)
    __rt_errno_addr$intlibspace              0x08000465   Thumb Code     0  rt_errno_addr_intlibspace.o(.text)
    __user_libspace                          0x0800046d   Thumb Code     8  libspace.o(.text)
    __user_perproc_libspace                  0x0800046d   Thumb Code     0  libspace.o(.text)
    __user_perthread_libspace                0x0800046d   Thumb Code     0  libspace.o(.text)
    __user_setup_stackheap                   0x08000475   Thumb Code    74  sys_stackheap_outer.o(.text)
    exit                                     0x080004bf   Thumb Code    18  exit.o(.text)
    _sys_exit                                0x080004d1   Thumb Code     8  sys_exit.o(.text)
    __I$use$semihosting                      0x080004dd   Thumb Code     0  use_no_semi.o(.text)
    __use_no_semihosting_swi                 0x080004dd   Thumb Code     2  use_no_semi.o(.text)
    BusFault_Handler                         0x080004df   Thumb Code     2  stm32f4xx_it.o(i.BusFault_Handler)
    __semihosting_library_function           0x080004df   Thumb Code     0  indicate_semi.o(.text)
    DebugMon_Handler                         0x080004e1   Thumb Code     2  stm32f4xx_it.o(i.DebugMon_Handler)
    Error_Handler                            0x080004e3   Thumb Code     4  main.o(i.Error_Handler)
    HAL_GPIO_Init                            0x080004e9   Thumb Code   450  stm32f4xx_hal_gpio.o(i.HAL_GPIO_Init)
    HAL_GPIO_ReadPin                         0x080006d9   Thumb Code    10  stm32f4xx_hal_gpio.o(i.HAL_GPIO_ReadPin)
    HAL_GPIO_WritePin                        0x080006e3   Thumb Code    10  stm32f4xx_hal_gpio.o(i.HAL_GPIO_WritePin)
    HAL_GetTick                              0x080006ed   Thumb Code     6  stm32f4xx_hal.o(i.HAL_GetTick)
    HAL_IncTick                              0x080006f9   Thumb Code    12  stm32f4xx_hal.o(i.HAL_IncTick)
    HAL_Init                                 0x08000709   Thumb Code    48  stm32f4xx_hal.o(i.HAL_Init)
    HAL_InitTick                             0x0800073d   Thumb Code    54  stm32f4xx_hal.o(i.HAL_InitTick)
    HAL_MspInit                              0x0800077d   Thumb Code    42  stm32f4xx_hal_msp.o(i.HAL_MspInit)
    HAL_NVIC_ClearPendingIRQ                 0x080007ad   Thumb Code    26  stm32f4xx_hal_cortex.o(i.HAL_NVIC_ClearPendingIRQ)
    HAL_NVIC_EnableIRQ                       0x080007c7   Thumb Code    26  stm32f4xx_hal_cortex.o(i.HAL_NVIC_EnableIRQ)
    HAL_NVIC_SetPriority                     0x080007e1   Thumb Code    60  stm32f4xx_hal_cortex.o(i.HAL_NVIC_SetPriority)
    HAL_NVIC_SetPriorityGrouping             0x08000821   Thumb Code    26  stm32f4xx_hal_cortex.o(i.HAL_NVIC_SetPriorityGrouping)
    HAL_RCC_ClockConfig                      0x08000845   Thumb Code   288  stm32f4xx_hal_rcc.o(i.HAL_RCC_ClockConfig)
    HAL_RCC_GetPCLK1Freq                     0x08000979   Thumb Code    20  stm32f4xx_hal_rcc.o(i.HAL_RCC_GetPCLK1Freq)
    HAL_RCC_GetPCLK2Freq                     0x08000999   Thumb Code    20  stm32f4xx_hal_rcc.o(i.HAL_RCC_GetPCLK2Freq)
    HAL_RCC_GetSysClockFreq                  0x080009b9   Thumb Code    88  stm32f4xx_hal_rcc.o(i.HAL_RCC_GetSysClockFreq)
    HAL_RCC_OscConfig                        0x08000a19   Thumb Code   856  stm32f4xx_hal_rcc.o(i.HAL_RCC_OscConfig)
    HAL_SYSTICK_Config                       0x08000d85   Thumb Code    40  stm32f4xx_hal_cortex.o(i.HAL_SYSTICK_Config)
    HAL_TIMEx_ConfigBreakDeadTime            0x08000dad   Thumb Code    84  stm32f4xx_hal_tim_ex.o(i.HAL_TIMEx_ConfigBreakDeadTime)
    HAL_TIMEx_MasterConfigSynchronization    0x08000e01   Thumb Code   116  stm32f4xx_hal_tim_ex.o(i.HAL_TIMEx_MasterConfigSynchronization)
    HAL_TIMEx_PWMN_Start                     0x08000e91   Thumb Code   164  stm32f4xx_hal_tim_ex.o(i.HAL_TIMEx_PWMN_Start)
    HAL_TIMEx_PWMN_Stop                      0x08000f51   Thumb Code   104  stm32f4xx_hal_tim_ex.o(i.HAL_TIMEx_PWMN_Stop)
    HAL_TIM_Base_Init                        0x08000fb9   Thumb Code    90  stm32f4xx_hal_tim.o(i.HAL_TIM_Base_Init)
    HAL_TIM_Base_MspInit                     0x08001015   Thumb Code   122  tim.o(i.HAL_TIM_Base_MspInit)
    HAL_TIM_Base_Start_IT                    0x080010a1   Thumb Code   100  stm32f4xx_hal_tim.o(i.HAL_TIM_Base_Start_IT)
    HAL_TIM_ConfigClockSource                0x08001121   Thumb Code   220  stm32f4xx_hal_tim.o(i.HAL_TIM_ConfigClockSource)
    HAL_TIM_PWM_ConfigChannel                0x080011fd   Thumb Code   204  stm32f4xx_hal_tim.o(i.HAL_TIM_PWM_ConfigChannel)
    HAL_TIM_PWM_Init                         0x080012c9   Thumb Code    90  stm32f4xx_hal_tim.o(i.HAL_TIM_PWM_Init)
    HAL_TIM_PWM_MspInit                      0x08001325   Thumb Code   450  smd.o(i.HAL_TIM_PWM_MspInit)
    HAL_TIM_PWM_Start                        0x08001511   Thumb Code   172  stm32f4xx_hal_tim.o(i.HAL_TIM_PWM_Start)
    HAL_TIM_PWM_Stop                         0x080015d9   Thumb Code   114  stm32f4xx_hal_tim.o(i.HAL_TIM_PWM_Stop)
    HAL_UART_Init                            0x08001655   Thumb Code   100  stm32f4xx_hal_uart.o(i.HAL_UART_Init)
    HAL_UART_MspInit                         0x080016b9   Thumb Code   304  usart.o(i.HAL_UART_MspInit)
    HardFault_Handler                        0x08001805   Thumb Code     2  stm32f4xx_it.o(i.HardFault_Handler)
    MX_GPIO_Init                             0x08001809   Thumb Code   648  gpio.o(i.MX_GPIO_Init)
    MX_TIM12_Init                            0x08001ab1   Thumb Code    66  tim.o(i.MX_TIM12_Init)
    MX_TIM6_Init                             0x08001afd   Thumb Code    58  tim.o(i.MX_TIM6_Init)
    MX_TIM7_Init                             0x08001b41   Thumb Code    58  tim.o(i.MX_TIM7_Init)
    MX_UART5_Init                            0x08001b85   Thumb Code    48  usart.o(i.MX_UART5_Init)
    MX_USART1_UART_Init                      0x08001bbd   Thumb Code    48  usart.o(i.MX_USART1_UART_Init)
    MX_USART2_UART_Init                      0x08001bf5   Thumb Code    48  usart.o(i.MX_USART2_UART_Init)
    MemManage_Handler                        0x08001c2d   Thumb Code     2  stm32f4xx_it.o(i.MemManage_Handler)
    NMI_Handler                              0x08001c2f   Thumb Code     2  stm32f4xx_it.o(i.NMI_Handler)
    PendSV_Handler                           0x08001c31   Thumb Code     2  stm32f4xx_it.o(i.PendSV_Handler)
    SMD_CalcAccNeedSteps                     0x08001d51   Thumb Code   626  smd.o(i.SMD_CalcAccNeedSteps)
    SMD_PWM_Init                             0x080021b1   Thumb Code   166  smd.o(i.SMD_PWM_Init)
    SMD_PWM_InitAll                          0x0800227d   Thumb Code    36  smd.o(i.SMD_PWM_InitAll)
    SMD_PWM_SetFreqGradient                  0x080022a1   Thumb Code    72  smd.o(i.SMD_PWM_SetFreqGradient)
    SMD_PWM_Start                            0x080022ed   Thumb Code    84  smd.o(i.SMD_PWM_Start)
    SMD_PWM_Stop                             0x08002349   Thumb Code    84  smd.o(i.SMD_PWM_Stop)
    SMD_TIM10_Init                           0x080023a5   Thumb Code    94  smd.o(i.SMD_TIM10_Init)
    SVC_Handler                              0x08002491   Thumb Code     2  stm32f4xx_it.o(i.SVC_Handler)
    SysTick_Handler                          0x08002493   Thumb Code     4  stm32f4xx_it.o(i.SysTick_Handler)
    SystemClock_Config                       0x08002499   Thumb Code   138  main.o(i.SystemClock_Config)
    SystemInit                               0x0800252d   Thumb Code    12  system_stm32f4xx.o(i.SystemInit)
    TIM1_UP_TIM10_IRQHandler                 0x0800253d   Thumb Code  1910  smd.o(i.TIM1_UP_TIM10_IRQHandler)
    TIM6_DAC_IRQHandler                      0x08002ccd   Thumb Code    16  mb_port.o(i.TIM6_DAC_IRQHandler)
    TIM7_IRQHandler                          0x08002ce5   Thumb Code    16  mb_port.o(i.TIM7_IRQHandler)
    TIM8_BRK_TIM12_IRQHandler                0x08002cfd   Thumb Code    16  mb_port.o(i.TIM8_BRK_TIM12_IRQHandler)
    TIM_Base_SetConfig                       0x08002d15   Thumb Code   164  stm32f4xx_hal_tim.o(i.TIM_Base_SetConfig)
    TIM_CCxChannelCmd                        0x08002de5   Thumb Code    26  stm32f4xx_hal_tim.o(i.TIM_CCxChannelCmd)
    TIM_ETR_SetConfig                        0x08002e19   Thumb Code    20  stm32f4xx_hal_tim.o(i.TIM_ETR_SetConfig)
    TIM_OC2_SetConfig                        0x08002e9d   Thumb Code    98  stm32f4xx_hal_tim.o(i.TIM_OC2_SetConfig)
    UART5_IRQHandler                         0x08003009   Thumb Code    60  mb_port.o(i.UART5_IRQHandler)
    USART1_IRQHandler                        0x08003159   Thumb Code    60  mb_port.o(i.USART1_IRQHandler)
    USART2_IRQHandler                        0x0800319d   Thumb Code    60  mb_port.o(i.USART2_IRQHandler)
    UsageFault_Handler                       0x080031e1   Thumb Code     2  stm32f4xx_it.o(i.UsageFault_Handler)
    __hardfp_sqrt                            0x08003203   Thumb Code   122  sqrt.o(i.__hardfp_sqrt)
    main                                     0x0800327d   Thumb Code   132  main.o(i.main)
    mb_crc16                                 0x0800330d   Thumb Code    40  mb_crc.o(i.mb_crc16)
    mbs_exec                                 0x08003339   Thumb Code   134  mb_slave.o(i.mbs_exec)
    mbs_hook_extract_coils                   0x080033bf   Thumb Code    32  mb_hook.o(i.mbs_hook_extract_coils)
    mbs_hook_extract_holding                 0x080033e1   Thumb Code   764  mb_hook.o(i.mbs_hook_extract_holding)
    mbs_hook_updata_coils                    0x08003709   Thumb Code    14  mb_hook.o(i.mbs_hook_updata_coils)
    mbs_hook_updata_holding                  0x08003719   Thumb Code   442  mb_hook.o(i.mbs_hook_updata_holding)
    mbs_init                                 0x080038fd   Thumb Code   570  mb_slave.o(i.mbs_init)
    mbs_poll                                 0x08003b89   Thumb Code    86  mb_slave.o(i.mbs_poll)
    mbs_port_getchar                         0x08003bdf   Thumb Code     8  mb_port.o(i.mbs_port_getchar)
    mbs_port_putchar                         0x08003be7   Thumb Code     6  mb_port.o(i.mbs_port_putchar)
    mbs_port_timerDisable                    0x08003bed   Thumb Code    54  mb_port.o(i.mbs_port_timerDisable)
    mbs_port_timerEnable                     0x08003c23   Thumb Code    64  mb_port.o(i.mbs_port_timerEnable)
    mbs_port_timerInit                       0x08003c65   Thumb Code    54  mb_port.o(i.mbs_port_timerInit)
    mbs_port_uartEnable                      0x08003ca1   Thumb Code    40  mb_port.o(i.mbs_port_uartEnable)
    mbs_port_uartInit                        0x08003cc9   Thumb Code    74  mb_port.o(i.mbs_port_uartInit)
    mbs_send                                 0x08003d13   Thumb Code    62  mb_slave.o(i.mbs_send)
    mbs_timer3T5Isr                          0x08003d51   Thumb Code    22  mb_slave.o(i.mbs_timer3T5Isr)
    mbs_uartRxIsr                            0x08003d67   Thumb Code    82  mb_slave.o(i.mbs_uartRxIsr)
    mbs_uartTxIsr                            0x08003db9   Thumb Code    88  mb_slave.o(i.mbs_uartTxIsr)
    mods_03h                                 0x08003f09   Thumb Code   200  mb_slave.o(i.mods_03h)
    mods_06h                                 0x08004067   Thumb Code   130  mb_slave.o(i.mods_06h)
    mods_0fh                                 0x080040e9   Thumb Code   192  mb_slave.o(i.mods_0fh)
    mods_10h                                 0x080041a9   Thumb Code   178  mb_slave.o(i.mods_10h)
    __aeabi_dadd                             0x0800425d   Thumb Code     0  daddsub_clz.o(x$fpl$dadd)
    _dadd                                    0x0800425d   Thumb Code   332  daddsub_clz.o(x$fpl$dadd)
    __fpl_dcmp_Inf                           0x080043ad   Thumb Code    24  dcmpi.o(x$fpl$dcmpinf)
    __aeabi_ddiv                             0x080043c5   Thumb Code     0  ddiv.o(x$fpl$ddiv)
    _ddiv                                    0x080043c5   Thumb Code   552  ddiv.o(x$fpl$ddiv)
    __aeabi_d2iz                             0x08004675   Thumb Code     0  dfix.o(x$fpl$dfix)
    _dfix                                    0x08004675   Thumb Code    94  dfix.o(x$fpl$dfix)
    __aeabi_cdcmple                          0x080046d5   Thumb Code     0  dleqf.o(x$fpl$dleqf)
    _dcmple                                  0x080046d5   Thumb Code   120  dleqf.o(x$fpl$dleqf)
    __fpl_dcmple_InfNaN                      0x08004737   Thumb Code     0  dleqf.o(x$fpl$dleqf)
    __aeabi_dmul                             0x0800474d   Thumb Code     0  dmul.o(x$fpl$dmul)
    _dmul                                    0x0800474d   Thumb Code   332  dmul.o(x$fpl$dmul)
    __fpl_dnaninf                            0x080048a1   Thumb Code   156  dnaninf.o(x$fpl$dnaninf)
    __fpl_dretinf                            0x0800493d   Thumb Code    12  dretinf.o(x$fpl$dretinf)
    __aeabi_drsub                            0x08004949   Thumb Code     0  daddsub_clz.o(x$fpl$drsb)
    _drsb                                    0x08004949   Thumb Code    22  daddsub_clz.o(x$fpl$drsb)
    _dsqrt                                   0x08004961   Thumb Code   404  dsqrt_umaal.o(x$fpl$dsqrt)
    __aeabi_dsub                             0x08004af9   Thumb Code     0  daddsub_clz.o(x$fpl$dsub)
    _dsub                                    0x08004af9   Thumb Code   464  daddsub_clz.o(x$fpl$dsub)
    __aeabi_f2d                              0x08004ccd   Thumb Code     0  f2d.o(x$fpl$f2d)
    _f2d                                     0x08004ccd   Thumb Code    86  f2d.o(x$fpl$f2d)
    __fpl_fnaninf                            0x08004d23   Thumb Code   140  fnaninf.o(x$fpl$fnaninf)
    _fp_init                                 0x08004daf   Thumb Code    10  fpinit.o(x$fpl$fpinit)
    __fplib_config_fpu_vfp                   0x08004db7   Thumb Code     0  fpinit.o(x$fpl$fpinit)
    __fplib_config_pureend_doubles           0x08004db7   Thumb Code     0  fpinit.o(x$fpl$fpinit)
    __I$use$fp                               0x08004db8   Number         0  usenofp.o(x$fpl$usenofp)
    AHBPrescTable                            0x08005d08   Data          16  system_stm32f4xx.o(.constdata)
    APBPrescTable                            0x08005d18   Data           8  system_stm32f4xx.o(.constdata)
    Region$$Table$$Base                      0x08005d20   Number         0  anon$$obj.o(Region$$Table)
    Region$$Table$$Limit                     0x08005d40   Number         0  anon$$obj.o(Region$$Table)
    GripperCurStepsU                         0x20000002   Data           2  smd.o(.data)
    num                                      0x20000004   Data           4  smd.o(.data)
    g_gripperStepsCtl                        0x2000000c   Data           4  smd.o(.data)
    SMD_PU_DATA                              0x20000010   Data          16  smd.o(.data)
    SMD_ACC_DATA                             0x20000020   Data          16  smd.o(.data)
    SMD_JERK_DATA                            0x20000030   Data          16  smd.o(.data)
    smd_freq_gradient                        0x20000040   Data         224  smd.o(.data)
    uwTickFreq                               0x20000120   Data           1  stm32f4xx_hal.o(.data)
    uwTickPrio                               0x20000124   Data           4  stm32f4xx_hal.o(.data)
    uwTick                                   0x20000128   Data           4  stm32f4xx_hal.o(.data)
    SystemCoreClock                          0x2000012c   Data           4  system_stm32f4xx.o(.data)
    htim6                                    0x20000130   Data          72  tim.o(.bss)
    htim7                                    0x20000178   Data          72  tim.o(.bss)
    htim12                                   0x200001c0   Data          72  tim.o(.bss)
    huart5                                   0x20000208   Data          72  usart.o(.bss)
    huart1                                   0x20000250   Data          72  usart.o(.bss)
    huart2                                   0x20000298   Data          72  usart.o(.bss)
    htim2_smd                                0x200002e0   Data          72  smd.o(.bss)
    htim9_smd                                0x20000328   Data          72  smd.o(.bss)
    htim5_smd                                0x20000370   Data          72  smd.o(.bss)
    htim13_smd                               0x200003b8   Data          72  smd.o(.bss)
    htim14_smd                               0x20000400   Data          72  smd.o(.bss)
    htim3_smd                                0x20000448   Data          72  smd.o(.bss)
    htim8_smd                                0x20000490   Data          72  smd.o(.bss)
    htim1_smd                                0x200004d8   Data          72  smd.o(.bss)
    htim10                                   0x20000520   Data          72  smd.o(.bss)
    mbsUSB                                   0x20000568   Data        1620  mb_slave.o(.bss)
    mbsESP                                   0x20000bbc   Data        1620  mb_slave.o(.bss)
    mbsSTM                                   0x20001210   Data        1620  mb_slave.o(.bss)
    __libspace_start                         0x20001864   Data          96  libspace.o(.bss)
    __temporary_stack_top$libspace           0x200018c4   Data           0  libspace.o(.bss)



==============================================================================

Memory Map of the image

  Image Entry point : 0x08000189

  Load Region LR_IROM1 (Base: 0x08000000, Size: 0x00005e70, Max: 0x00100000, ABSOLUTE, COMPRESSED[0x00005d5c])

    Execution Region ER_IROM1 (Exec base: 0x08000000, Load base: 0x08000000, Size: 0x00005d40, Max: 0x00100000, ABSOLUTE)

    Exec Addr    Load Addr    Size         Type   Attr      Idx    E Section Name        Object

    0x08000000   0x08000000   0x00000188   Data   RO            3    RESET               startup_stm32f407xx.o
    0x08000188   0x08000188   0x00000008   Code   RO         3361  * !!!main             c_w.l(__main.o)
    0x08000190   0x08000190   0x00000034   Code   RO         3580    !!!scatter          c_w.l(__scatter.o)
    0x080001c4   0x080001c4   0x0000005a   Code   RO         3578    !!dczerorl2         c_w.l(__dczerorl2.o)
    0x0800021e   0x0800021e   0x00000002   PAD
    0x08000220   0x08000220   0x0000001c   Code   RO         3582    !!handler_zi        c_w.l(__scatter_zi.o)
    0x0800023c   0x0800023c   0x00000002   Code   RO         3451    .ARM.Collect$$libinit$$00000000  c_w.l(libinit.o)
    0x0800023e   0x0800023e   0x00000004   Code   RO         3460    .ARM.Collect$$libinit$$00000001  c_w.l(libinit2.o)
    0x08000242   0x08000242   0x00000000   Code   RO         3463    .ARM.Collect$$libinit$$00000004  c_w.l(libinit2.o)
    0x08000242   0x08000242   0x00000000   Code   RO         3466    .ARM.Collect$$libinit$$0000000A  c_w.l(libinit2.o)
    0x08000242   0x08000242   0x00000000   Code   RO         3468    .ARM.Collect$$libinit$$0000000C  c_w.l(libinit2.o)
    0x08000242   0x08000242   0x00000000   Code   RO         3470    .ARM.Collect$$libinit$$0000000E  c_w.l(libinit2.o)
    0x08000242   0x08000242   0x00000000   Code   RO         3473    .ARM.Collect$$libinit$$00000011  c_w.l(libinit2.o)
    0x08000242   0x08000242   0x00000000   Code   RO         3475    .ARM.Collect$$libinit$$00000013  c_w.l(libinit2.o)
    0x08000242   0x08000242   0x00000000   Code   RO         3477    .ARM.Collect$$libinit$$00000015  c_w.l(libinit2.o)
    0x08000242   0x08000242   0x00000000   Code   RO         3479    .ARM.Collect$$libinit$$00000017  c_w.l(libinit2.o)
    0x08000242   0x08000242   0x00000000   Code   RO         3481    .ARM.Collect$$libinit$$00000019  c_w.l(libinit2.o)
    0x08000242   0x08000242   0x00000000   Code   RO         3483    .ARM.Collect$$libinit$$0000001B  c_w.l(libinit2.o)
    0x08000242   0x08000242   0x00000000   Code   RO         3485    .ARM.Collect$$libinit$$0000001D  c_w.l(libinit2.o)
    0x08000242   0x08000242   0x00000000   Code   RO         3487    .ARM.Collect$$libinit$$0000001F  c_w.l(libinit2.o)
    0x08000242   0x08000242   0x00000000   Code   RO         3489    .ARM.Collect$$libinit$$00000021  c_w.l(libinit2.o)
    0x08000242   0x08000242   0x00000000   Code   RO         3491    .ARM.Collect$$libinit$$00000023  c_w.l(libinit2.o)
    0x08000242   0x08000242   0x00000000   Code   RO         3493    .ARM.Collect$$libinit$$00000025  c_w.l(libinit2.o)
    0x08000242   0x08000242   0x00000000   Code   RO         3497    .ARM.Collect$$libinit$$0000002C  c_w.l(libinit2.o)
    0x08000242   0x08000242   0x00000000   Code   RO         3499    .ARM.Collect$$libinit$$0000002E  c_w.l(libinit2.o)
    0x08000242   0x08000242   0x00000000   Code   RO         3501    .ARM.Collect$$libinit$$00000030  c_w.l(libinit2.o)
    0x08000242   0x08000242   0x00000000   Code   RO         3503    .ARM.Collect$$libinit$$00000032  c_w.l(libinit2.o)
    0x08000242   0x08000242   0x00000002   Code   RO         3504    .ARM.Collect$$libinit$$00000033  c_w.l(libinit2.o)
    0x08000244   0x08000244   0x00000002   Code   RO         3535    .ARM.Collect$$libshutdown$$00000000  c_w.l(libshutdown.o)
    0x08000246   0x08000246   0x00000000   Code   RO         3561    .ARM.Collect$$libshutdown$$00000002  c_w.l(libshutdown2.o)
    0x08000246   0x08000246   0x00000000   Code   RO         3563    .ARM.Collect$$libshutdown$$00000004  c_w.l(libshutdown2.o)
    0x08000246   0x08000246   0x00000000   Code   RO         3566    .ARM.Collect$$libshutdown$$00000007  c_w.l(libshutdown2.o)
    0x08000246   0x08000246   0x00000000   Code   RO         3569    .ARM.Collect$$libshutdown$$0000000A  c_w.l(libshutdown2.o)
    0x08000246   0x08000246   0x00000000   Code   RO         3571    .ARM.Collect$$libshutdown$$0000000C  c_w.l(libshutdown2.o)
    0x08000246   0x08000246   0x00000000   Code   RO         3574    .ARM.Collect$$libshutdown$$0000000F  c_w.l(libshutdown2.o)
    0x08000246   0x08000246   0x00000002   Code   RO         3575    .ARM.Collect$$libshutdown$$00000010  c_w.l(libshutdown2.o)
    0x08000248   0x08000248   0x00000000   Code   RO         3395    .ARM.Collect$$rtentry$$00000000  c_w.l(__rtentry.o)
    0x08000248   0x08000248   0x00000000   Code   RO         3414    .ARM.Collect$$rtentry$$00000002  c_w.l(__rtentry2.o)
    0x08000248   0x08000248   0x00000006   Code   RO         3426    .ARM.Collect$$rtentry$$00000004  c_w.l(__rtentry4.o)
    0x0800024e   0x0800024e   0x00000000   Code   RO         3416    .ARM.Collect$$rtentry$$00000009  c_w.l(__rtentry2.o)
    0x0800024e   0x0800024e   0x00000004   Code   RO         3417    .ARM.Collect$$rtentry$$0000000A  c_w.l(__rtentry2.o)
    0x08000252   0x08000252   0x00000000   Code   RO         3419    .ARM.Collect$$rtentry$$0000000C  c_w.l(__rtentry2.o)
    0x08000252   0x08000252   0x00000008   Code   RO         3420    .ARM.Collect$$rtentry$$0000000D  c_w.l(__rtentry2.o)
    0x0800025a   0x0800025a   0x00000002   Code   RO         3452    .ARM.Collect$$rtexit$$00000000  c_w.l(rtexit.o)
    0x0800025c   0x0800025c   0x00000000   Code   RO         3508    .ARM.Collect$$rtexit$$00000002  c_w.l(rtexit2.o)
    0x0800025c   0x0800025c   0x00000004   Code   RO         3509    .ARM.Collect$$rtexit$$00000003  c_w.l(rtexit2.o)
    0x08000260   0x08000260   0x00000006   Code   RO         3510    .ARM.Collect$$rtexit$$00000004  c_w.l(rtexit2.o)
    0x08000266   0x08000266   0x00000002   PAD
    0x08000268   0x08000268   0x00000040   Code   RO            4    .text               startup_stm32f407xx.o
    0x080002a8   0x080002a8   0x000000ee   Code   RO         3353    .text               c_w.l(lludivv7m.o)
    0x08000396   0x08000396   0x00000064   Code   RO         3355    .text               c_w.l(rt_memcpy_w.o)
    0x080003fa   0x080003fa   0x0000004e   Code   RO         3357    .text               c_w.l(rt_memclr_w.o)
    0x08000448   0x08000448   0x00000006   Code   RO         3359    .text               c_w.l(heapauxi.o)
    0x0800044e   0x0800044e   0x00000016   Code   RO         3400    .text               c_w.l(_rserrno.o)
    0x08000464   0x08000464   0x00000008   Code   RO         3433    .text               c_w.l(rt_errno_addr_intlibspace.o)
    0x0800046c   0x0800046c   0x00000008   Code   RO         3435    .text               c_w.l(libspace.o)
    0x08000474   0x08000474   0x0000004a   Code   RO         3438    .text               c_w.l(sys_stackheap_outer.o)
    0x080004be   0x080004be   0x00000012   Code   RO         3440    .text               c_w.l(exit.o)
    0x080004d0   0x080004d0   0x0000000c   Code   RO         3505    .text               c_w.l(sys_exit.o)
    0x080004dc   0x080004dc   0x00000002   Code   RO         3524    .text               c_w.l(use_no_semi.o)
    0x080004de   0x080004de   0x00000000   Code   RO         3526    .text               c_w.l(indicate_semi.o)
    0x080004de   0x080004de   0x00000002   Code   RO          300    i.BusFault_Handler  stm32f4xx_it.o
    0x080004e0   0x080004e0   0x00000002   Code   RO          301    i.DebugMon_Handler  stm32f4xx_it.o
    0x080004e2   0x080004e2   0x00000004   Code   RO           13    i.Error_Handler     main.o
    0x080004e6   0x080004e6   0x00000002   PAD
    0x080004e8   0x080004e8   0x000001f0   Code   RO         2158    i.HAL_GPIO_Init     stm32f4xx_hal_gpio.o
    0x080006d8   0x080006d8   0x0000000a   Code   RO         2160    i.HAL_GPIO_ReadPin  stm32f4xx_hal_gpio.o
    0x080006e2   0x080006e2   0x0000000a   Code   RO         2162    i.HAL_GPIO_WritePin  stm32f4xx_hal_gpio.o
    0x080006ec   0x080006ec   0x0000000c   Code   RO         2708    i.HAL_GetTick       stm32f4xx_hal.o
    0x080006f8   0x080006f8   0x00000010   Code   RO         2714    i.HAL_IncTick       stm32f4xx_hal.o
    0x08000708   0x08000708   0x00000034   Code   RO         2715    i.HAL_Init          stm32f4xx_hal.o
    0x0800073c   0x0800073c   0x00000040   Code   RO         2716    i.HAL_InitTick      stm32f4xx_hal.o
    0x0800077c   0x0800077c   0x00000030   Code   RO          375    i.HAL_MspInit       stm32f4xx_hal_msp.o
    0x080007ac   0x080007ac   0x0000001a   Code   RO         2548    i.HAL_NVIC_ClearPendingIRQ  stm32f4xx_hal_cortex.o
    0x080007c6   0x080007c6   0x0000001a   Code   RO         2550    i.HAL_NVIC_EnableIRQ  stm32f4xx_hal_cortex.o
    0x080007e0   0x080007e0   0x00000040   Code   RO         2556    i.HAL_NVIC_SetPriority  stm32f4xx_hal_cortex.o
    0x08000820   0x08000820   0x00000024   Code   RO         2557    i.HAL_NVIC_SetPriorityGrouping  stm32f4xx_hal_cortex.o
    0x08000844   0x08000844   0x00000134   Code   RO         1804    i.HAL_RCC_ClockConfig  stm32f4xx_hal_rcc.o
    0x08000978   0x08000978   0x00000020   Code   RO         1811    i.HAL_RCC_GetPCLK1Freq  stm32f4xx_hal_rcc.o
    0x08000998   0x08000998   0x00000020   Code   RO         1812    i.HAL_RCC_GetPCLK2Freq  stm32f4xx_hal_rcc.o
    0x080009b8   0x080009b8   0x00000060   Code   RO         1813    i.HAL_RCC_GetSysClockFreq  stm32f4xx_hal_rcc.o
    0x08000a18   0x08000a18   0x0000036c   Code   RO         1816    i.HAL_RCC_OscConfig  stm32f4xx_hal_rcc.o
    0x08000d84   0x08000d84   0x00000028   Code   RO         2561    i.HAL_SYSTICK_Config  stm32f4xx_hal_cortex.o
    0x08000dac   0x08000dac   0x00000054   Code   RO         1539    i.HAL_TIMEx_ConfigBreakDeadTime  stm32f4xx_hal_tim_ex.o
    0x08000e00   0x08000e00   0x00000090   Code   RO         1555    i.HAL_TIMEx_MasterConfigSynchronization  stm32f4xx_hal_tim_ex.o
    0x08000e90   0x08000e90   0x000000c0   Code   RO         1566    i.HAL_TIMEx_PWMN_Start  stm32f4xx_hal_tim_ex.o
    0x08000f50   0x08000f50   0x00000068   Code   RO         1569    i.HAL_TIMEx_PWMN_Stop  stm32f4xx_hal_tim_ex.o
    0x08000fb8   0x08000fb8   0x0000005a   Code   RO          832    i.HAL_TIM_Base_Init  stm32f4xx_hal_tim.o
    0x08001012   0x08001012   0x00000002   PAD
    0x08001014   0x08001014   0x0000008c   Code   RO          193    i.HAL_TIM_Base_MspInit  tim.o
    0x080010a0   0x080010a0   0x00000080   Code   RO          837    i.HAL_TIM_Base_Start_IT  stm32f4xx_hal_tim.o
    0x08001120   0x08001120   0x000000dc   Code   RO          841    i.HAL_TIM_ConfigClockSource  stm32f4xx_hal_tim.o
    0x080011fc   0x080011fc   0x000000cc   Code   RO          904    i.HAL_TIM_PWM_ConfigChannel  stm32f4xx_hal_tim.o
    0x080012c8   0x080012c8   0x0000005a   Code   RO          907    i.HAL_TIM_PWM_Init  stm32f4xx_hal_tim.o
    0x08001322   0x08001322   0x00000002   PAD
    0x08001324   0x08001324   0x000001ec   Code   RO          399    i.HAL_TIM_PWM_MspInit  smd.o
    0x08001510   0x08001510   0x000000c8   Code   RO          912    i.HAL_TIM_PWM_Start  stm32f4xx_hal_tim.o
    0x080015d8   0x080015d8   0x0000007c   Code   RO          915    i.HAL_TIM_PWM_Stop  stm32f4xx_hal_tim.o
    0x08001654   0x08001654   0x00000064   Code   RO         2983    i.HAL_UART_Init     stm32f4xx_hal_uart.o
    0x080016b8   0x080016b8   0x0000014c   Code   RO          247    i.HAL_UART_MspInit  usart.o
    0x08001804   0x08001804   0x00000002   Code   RO          302    i.HardFault_Handler  stm32f4xx_it.o
    0x08001806   0x08001806   0x00000002   PAD
    0x08001808   0x08001808   0x000002a8   Code   RO          168    i.MX_GPIO_Init      gpio.o
    0x08001ab0   0x08001ab0   0x0000004c   Code   RO          194    i.MX_TIM12_Init     tim.o
    0x08001afc   0x08001afc   0x00000044   Code   RO          195    i.MX_TIM6_Init      tim.o
    0x08001b40   0x08001b40   0x00000044   Code   RO          196    i.MX_TIM7_Init      tim.o
    0x08001b84   0x08001b84   0x00000038   Code   RO          248    i.MX_UART5_Init     usart.o
    0x08001bbc   0x08001bbc   0x00000038   Code   RO          249    i.MX_USART1_UART_Init  usart.o
    0x08001bf4   0x08001bf4   0x00000038   Code   RO          250    i.MX_USART2_UART_Init  usart.o
    0x08001c2c   0x08001c2c   0x00000002   Code   RO          303    i.MemManage_Handler  stm32f4xx_it.o
    0x08001c2e   0x08001c2e   0x00000002   Code   RO          304    i.NMI_Handler       stm32f4xx_it.o
    0x08001c30   0x08001c30   0x00000002   Code   RO          305    i.PendSV_Handler    stm32f4xx_it.o
    0x08001c32   0x08001c32   0x00000002   PAD
    0x08001c34   0x08001c34   0x0000011c   Code   RO          400    i.SMD_ApplyFreqToHW  smd.o
    0x08001d50   0x08001d50   0x00000294   Code   RO          401    i.SMD_CalcAccNeedSteps  smd.o
    0x08001fe4   0x08001fe4   0x00000038   Code   RO          402    i.SMD_Calc_PSC_ARR  smd.o
    0x0800201c   0x0800201c   0x000000dc   Code   RO          403    i.SMD_GripperStepsCtl  smd.o
    0x080020f8   0x080020f8   0x0000006e   Code   RO          404    i.SMD_Init_HighTimer  smd.o
    0x08002166   0x08002166   0x00000048   Code   RO          405    i.SMD_Init_NormalTimer  smd.o
    0x080021ae   0x080021ae   0x00000002   PAD
    0x080021b0   0x080021b0   0x000000cc   Code   RO          406    i.SMD_PWM_Init      smd.o
    0x0800227c   0x0800227c   0x00000024   Code   RO          407    i.SMD_PWM_InitAll   smd.o
    0x080022a0   0x080022a0   0x0000004c   Code   RO          411    i.SMD_PWM_SetFreqGradient  smd.o
    0x080022ec   0x080022ec   0x0000005c   Code   RO          412    i.SMD_PWM_Start     smd.o
    0x08002348   0x08002348   0x0000005c   Code   RO          414    i.SMD_PWM_Stop      smd.o
    0x080023a4   0x080023a4   0x0000006c   Code   RO          417    i.SMD_TIM10_Init    smd.o
    0x08002410   0x08002410   0x00000080   Code   RO          418    i.SMD_UpdateVelocity  smd.o
    0x08002490   0x08002490   0x00000002   Code   RO          306    i.SVC_Handler       stm32f4xx_it.o
    0x08002492   0x08002492   0x00000004   Code   RO          307    i.SysTick_Handler   stm32f4xx_it.o
    0x08002496   0x08002496   0x00000002   PAD
    0x08002498   0x08002498   0x00000094   Code   RO           14    i.SystemClock_Config  main.o
    0x0800252c   0x0800252c   0x00000010   Code   RO         3317    i.SystemInit        system_stm32f4xx.o
    0x0800253c   0x0800253c   0x00000790   Code   RO          419    i.TIM1_UP_TIM10_IRQHandler  smd.o
    0x08002ccc   0x08002ccc   0x00000018   Code   RO          631    i.TIM6_DAC_IRQHandler  mb_port.o
    0x08002ce4   0x08002ce4   0x00000018   Code   RO          632    i.TIM7_IRQHandler   mb_port.o
    0x08002cfc   0x08002cfc   0x00000018   Code   RO          633    i.TIM8_BRK_TIM12_IRQHandler  mb_port.o
    0x08002d14   0x08002d14   0x000000d0   Code   RO          925    i.TIM_Base_SetConfig  stm32f4xx_hal_tim.o
    0x08002de4   0x08002de4   0x0000001a   Code   RO          926    i.TIM_CCxChannelCmd  stm32f4xx_hal_tim.o
    0x08002dfe   0x08002dfe   0x0000001a   Code   RO         1575    i.TIM_CCxNChannelCmd  stm32f4xx_hal_tim_ex.o
    0x08002e18   0x08002e18   0x00000014   Code   RO          936    i.TIM_ETR_SetConfig  stm32f4xx_hal_tim.o
    0x08002e2c   0x08002e2c   0x00000010   Code   RO          937    i.TIM_ITRx_SetConfig  stm32f4xx_hal_tim.o
    0x08002e3c   0x08002e3c   0x00000060   Code   RO          938    i.TIM_OC1_SetConfig  stm32f4xx_hal_tim.o
    0x08002e9c   0x08002e9c   0x0000006c   Code   RO          939    i.TIM_OC2_SetConfig  stm32f4xx_hal_tim.o
    0x08002f08   0x08002f08   0x00000068   Code   RO          940    i.TIM_OC3_SetConfig  stm32f4xx_hal_tim.o
    0x08002f70   0x08002f70   0x00000050   Code   RO          941    i.TIM_OC4_SetConfig  stm32f4xx_hal_tim.o
    0x08002fc0   0x08002fc0   0x00000022   Code   RO          943    i.TIM_TI1_ConfigInputStage  stm32f4xx_hal_tim.o
    0x08002fe2   0x08002fe2   0x00000024   Code   RO          945    i.TIM_TI2_ConfigInputStage  stm32f4xx_hal_tim.o
    0x08003006   0x08003006   0x00000002   PAD
    0x08003008   0x08003008   0x00000044   Code   RO          634    i.UART5_IRQHandler  mb_port.o
    0x0800304c   0x0800304c   0x0000010c   Code   RO         3009    i.UART_SetConfig    stm32f4xx_hal_uart.o
    0x08003158   0x08003158   0x00000044   Code   RO          635    i.USART1_IRQHandler  mb_port.o
    0x0800319c   0x0800319c   0x00000044   Code   RO          636    i.USART2_IRQHandler  mb_port.o
    0x080031e0   0x080031e0   0x00000002   Code   RO          308    i.UsageFault_Handler  stm32f4xx_it.o
    0x080031e2   0x080031e2   0x00000020   Code   RO         2563    i.__NVIC_SetPriority  stm32f4xx_hal_cortex.o
    0x08003202   0x08003202   0x0000007a   Code   RO         3383    i.__hardfp_sqrt     m_wm.l(sqrt.o)
    0x0800327c   0x0800327c   0x00000090   Code   RO           15    i.main              main.o
    0x0800330c   0x0800330c   0x0000002c   Code   RO          549    i.mb_crc16          mb_crc.o
    0x08003338   0x08003338   0x00000086   Code   RO          727    i.mbs_exec          mb_slave.o
    0x080033be   0x080033be   0x00000020   Code   RO          578    i.mbs_hook_extract_coils  mb_hook.o
    0x080033de   0x080033de   0x00000002   PAD
    0x080033e0   0x080033e0   0x00000328   Code   RO          579    i.mbs_hook_extract_holding  mb_hook.o
    0x08003708   0x08003708   0x0000000e   Code   RO          580    i.mbs_hook_updata_coils  mb_hook.o
    0x08003716   0x08003716   0x00000002   PAD
    0x08003718   0x08003718   0x000001e4   Code   RO          581    i.mbs_hook_updata_holding  mb_hook.o
    0x080038fc   0x080038fc   0x0000028c   Code   RO          728    i.mbs_init          mb_slave.o
    0x08003b88   0x08003b88   0x00000056   Code   RO          729    i.mbs_poll          mb_slave.o
    0x08003bde   0x08003bde   0x00000008   Code   RO          637    i.mbs_port_getchar  mb_port.o
    0x08003be6   0x08003be6   0x00000006   Code   RO          638    i.mbs_port_putchar  mb_port.o
    0x08003bec   0x08003bec   0x00000036   Code   RO          639    i.mbs_port_timerDisable  mb_port.o
    0x08003c22   0x08003c22   0x00000040   Code   RO          640    i.mbs_port_timerEnable  mb_port.o
    0x08003c62   0x08003c62   0x00000002   PAD
    0x08003c64   0x08003c64   0x0000003c   Code   RO          641    i.mbs_port_timerInit  mb_port.o
    0x08003ca0   0x08003ca0   0x00000028   Code   RO          642    i.mbs_port_uartEnable  mb_port.o
    0x08003cc8   0x08003cc8   0x0000004a   Code   RO          643    i.mbs_port_uartInit  mb_port.o
    0x08003d12   0x08003d12   0x0000003e   Code   RO          730    i.mbs_send          mb_slave.o
    0x08003d50   0x08003d50   0x00000016   Code   RO          731    i.mbs_timer3T5Isr   mb_slave.o
    0x08003d66   0x08003d66   0x00000052   Code   RO          732    i.mbs_uartRxIsr     mb_slave.o
    0x08003db8   0x08003db8   0x00000058   Code   RO          733    i.mbs_uartTxIsr     mb_slave.o
    0x08003e10   0x08003e10   0x000000f8   Code   RO          734    i.mods_01h          mb_slave.o
    0x08003f08   0x08003f08   0x000000c8   Code   RO          735    i.mods_03h          mb_slave.o
    0x08003fd0   0x08003fd0   0x00000096   Code   RO          736    i.mods_05h          mb_slave.o
    0x08004066   0x08004066   0x00000082   Code   RO          737    i.mods_06h          mb_slave.o
    0x080040e8   0x080040e8   0x000000c0   Code   RO          738    i.mods_0fh          mb_slave.o
    0x080041a8   0x080041a8   0x000000b2   Code   RO          739    i.mods_10h          mb_slave.o
    0x0800425a   0x0800425a   0x00000002   PAD
    0x0800425c   0x0800425c   0x00000150   Code   RO         3363    x$fpl$dadd          fz_wm.l(daddsub_clz.o)
    0x080043ac   0x080043ac   0x00000018   Code   RO         3402    x$fpl$dcmpinf       fz_wm.l(dcmpi.o)
    0x080043c4   0x080043c4   0x000002b0   Code   RO         3370    x$fpl$ddiv          fz_wm.l(ddiv.o)
    0x08004674   0x08004674   0x0000005e   Code   RO         3373    x$fpl$dfix          fz_wm.l(dfix.o)
    0x080046d2   0x080046d2   0x00000002   PAD
    0x080046d4   0x080046d4   0x00000078   Code   RO         3377    x$fpl$dleqf         fz_wm.l(dleqf.o)
    0x0800474c   0x0800474c   0x00000154   Code   RO         3379    x$fpl$dmul          fz_wm.l(dmul.o)
    0x080048a0   0x080048a0   0x0000009c   Code   RO         3404    x$fpl$dnaninf       fz_wm.l(dnaninf.o)
    0x0800493c   0x0800493c   0x0000000c   Code   RO         3406    x$fpl$dretinf       fz_wm.l(dretinf.o)
    0x08004948   0x08004948   0x00000016   Code   RO         3364    x$fpl$drsb          fz_wm.l(daddsub_clz.o)
    0x0800495e   0x0800495e   0x00000002   PAD
    0x08004960   0x08004960   0x00000198   Code   RO         3408    x$fpl$dsqrt         fz_wm.l(dsqrt_umaal.o)
    0x08004af8   0x08004af8   0x000001d4   Code   RO         3365    x$fpl$dsub          fz_wm.l(daddsub_clz.o)
    0x08004ccc   0x08004ccc   0x00000056   Code   RO         3381    x$fpl$f2d           fz_wm.l(f2d.o)
    0x08004d22   0x08004d22   0x0000008c   Code   RO         3410    x$fpl$fnaninf       fz_wm.l(fnaninf.o)
    0x08004dae   0x08004dae   0x0000000a   Code   RO         3520    x$fpl$fpinit        fz_wm.l(fpinit.o)
    0x08004db8   0x08004db8   0x00000000   Code   RO         3412    x$fpl$usenofp       fz_wm.l(usenofp.o)
    0x08004db8   0x08004db8   0x00000a98   Data   RO          421    .constdata          smd.o
    0x08005850   0x08005850   0x00000200   Data   RO          550    .constdata          mb_crc.o
    0x08005a50   0x08005a50   0x000002b8   Data   RO          582    .constdata          mb_hook.o
    0x08005d08   0x08005d08   0x00000010   Data   RO         3318    .constdata          system_stm32f4xx.o
    0x08005d18   0x08005d18   0x00000008   Data   RO         3319    .constdata          system_stm32f4xx.o
    0x08005d20   0x08005d20   0x00000020   Data   RO         3576    Region$$Table       anon$$obj.o


    Execution Region RW_IRAM1 (Exec base: 0x20000000, Load base: 0x08005d40, Size: 0x00001ec8, Max: 0x0001c000, ABSOLUTE, COMPRESSED[0x0000001c])

    Exec Addr    Load Addr    Size         Type   Attr      Idx    E Section Name        Object

    0x20000000   COMPRESSED   0x00000120   Data   RW          422    .data               smd.o
    0x20000120   COMPRESSED   0x0000000c   Data   RW         2722    .data               stm32f4xx_hal.o
    0x2000012c   COMPRESSED   0x00000004   Data   RW         3320    .data               system_stm32f4xx.o
    0x20000130        -       0x000000d8   Zero   RW          197    .bss                tim.o
    0x20000208        -       0x000000d8   Zero   RW          251    .bss                usart.o
    0x200002e0        -       0x00000288   Zero   RW          420    .bss                smd.o
    0x20000568        -       0x000012fc   Zero   RW          740    .bss                mb_slave.o
    0x20001864        -       0x00000060   Zero   RW         3436    .bss                c_w.l(libspace.o)
    0x200018c4   COMPRESSED   0x00000004   PAD
    0x200018c8        -       0x00000200   Zero   RW            2    HEAP                startup_stm32f407xx.o
    0x20001ac8        -       0x00000400   Zero   RW            1    STACK               startup_stm32f407xx.o


    Execution Region RW_IRAM2 (Exec base: 0x2001c000, Load base: 0x08005d5c, Size: 0x00000000, Max: 0x00004000, ABSOLUTE)

    **** No section assigned to this execution region ****


==============================================================================

Image component sizes


      Code (inc. data)   RO Data    RW Data    ZI Data      Debug   Object Name

       680         32          0          0          0       1363   gpio.o
       296         22          0          0          0     693056   main.o
        44          4        512          0          0       1219   mb_crc.o
      1338         86        696          0          0       5493   mb_hook.o
       582         54          0          0          0       7671   mb_port.o
      2224         82          0          0       4860      11521   mb_slave.o
      4566        304       2712        288        648      17646   smd.o
        64         26        392          0       1536        852   startup_stm32f407xx.o
       144         24          0         12          0       8829   stm32f4xx_hal.o
       224         14          0          0          0      34590   stm32f4xx_hal_cortex.o
       516         46          0          0          0       2883   stm32f4xx_hal_gpio.o
        48          6          0          0          0        874   stm32f4xx_hal_msp.o
      1344         72          0          0          0       5312   stm32f4xx_hal_rcc.o
      1784        146          0          0          0      14117   stm32f4xx_hal_tim.o
       550         56          0          0          0       4461   stm32f4xx_hal_tim_ex.o
       368         10          0          0          0       2072   stm32f4xx_hal_uart.o
        20          0          0          0          0       4238   stm32f4xx_it.o
        16          4         24          4          0       1151   system_stm32f4xx.o
       352         48          0          0        216       2914   tim.o
       500         52          0          0        216       3230   usart.o

    ----------------------------------------------------------------------
     15684       1088       4368        304       7476     823492   Object Totals
         0          0         32          0          0          0   (incl. Generated)
        24          0          0          0          0          0   (incl. Padding)

    ----------------------------------------------------------------------

      Code (inc. data)   RO Data    RW Data    ZI Data      Debug   Library Member Name

        90          0          0          0          0          0   __dczerorl2.o
         8          0          0          0          0         68   __main.o
         0          0          0          0          0          0   __rtentry.o
        12          0          0          0          0          0   __rtentry2.o
         6          0          0          0          0          0   __rtentry4.o
        52          8          0          0          0          0   __scatter.o
        28          0          0          0          0          0   __scatter_zi.o
        22          0          0          0          0        100   _rserrno.o
        18          0          0          0          0         80   exit.o
         6          0          0          0          0        152   heapauxi.o
         0          0          0          0          0          0   indicate_semi.o
         2          0          0          0          0          0   libinit.o
         6          0          0          0          0          0   libinit2.o
         2          0          0          0          0          0   libshutdown.o
         2          0          0          0          0          0   libshutdown2.o
         8          4          0          0         96         68   libspace.o
       238          0          0          0          0        100   lludivv7m.o
         8          4          0          0          0         68   rt_errno_addr_intlibspace.o
        78          0          0          0          0         80   rt_memclr_w.o
       100          0          0          0          0         80   rt_memcpy_w.o
         2          0          0          0          0          0   rtexit.o
        10          0          0          0          0          0   rtexit2.o
        12          4          0          0          0         68   sys_exit.o
        74          0          0          0          0         80   sys_stackheap_outer.o
         2          0          0          0          0         68   use_no_semi.o
       826         16          0          0          0        492   daddsub_clz.o
        24          0          0          0          0        116   dcmpi.o
       688        140          0          0          0        256   ddiv.o
        94          4          0          0          0        140   dfix.o
       120          4          0          0          0        140   dleqf.o
       340         12          0          0          0        152   dmul.o
       156          4          0          0          0        140   dnaninf.o
        12          0          0          0          0        116   dretinf.o
       408         56          0          0          0        168   dsqrt_umaal.o
        86          4          0          0          0        132   f2d.o
       140          4          0          0          0        132   fnaninf.o
        10          0          0          0          0        116   fpinit.o
         0          0          0          0          0          0   usenofp.o
       122          0          0          0          0        148   sqrt.o

    ----------------------------------------------------------------------
      3820        264          0          0        100       3260   Library Totals
         8          0          0          0          4          0   (incl. Padding)

    ----------------------------------------------------------------------

      Code (inc. data)   RO Data    RW Data    ZI Data      Debug   Library Name

       786         20          0          0         96       1012   c_w.l
      2904        244          0          0          0       2100   fz_wm.l
       122          0          0          0          0        148   m_wm.l

    ----------------------------------------------------------------------
      3820        264          0          0        100       3260   Library Totals

    ----------------------------------------------------------------------

==============================================================================


      Code (inc. data)   RO Data    RW Data    ZI Data      Debug   

     19504       1352       4368        304       7576     814536   Grand Totals
     19504       1352       4368         28       7576     814536   ELF Image Totals (compressed)
     19504       1352       4368         28          0          0   ROM Totals

==============================================================================

    Total RO  Size (Code + RO Data)                23872 (  23.31kB)
    Total RW  Size (RW Data + ZI Data)              7880 (   7.70kB)
    Total ROM Size (Code + RO Data + RW Data)      23900 (  23.34kB)

==============================================================================

