Component: ARM Compiler 5.06 update 1 (build 61) Tool: armlink [4d35a8]

==============================================================================

Section Cross References

    startup_stm32f407xx.o(STACK) refers (Special) to heapauxi.o(.text) for __use_two_region_memory
    startup_stm32f407xx.o(HEAP) refers (Special) to heapauxi.o(.text) for __use_two_region_memory
    startup_stm32f407xx.o(RESET) refers (Special) to heapauxi.o(.text) for __use_two_region_memory
    startup_stm32f407xx.o(RESET) refers to startup_stm32f407xx.o(STACK) for __initial_sp
    startup_stm32f407xx.o(RESET) refers to startup_stm32f407xx.o(.text) for Reset_Handler
    startup_stm32f407xx.o(RESET) refers to stm32f4xx_it.o(i.NMI_Handler) for NMI_Handler
    startup_stm32f407xx.o(RESET) refers to stm32f4xx_it.o(i.HardFault_Handler) for HardFault_Handler
    startup_stm32f407xx.o(RESET) refers to stm32f4xx_it.o(i.MemManage_Handler) for MemManage_Handler
    startup_stm32f407xx.o(RESET) refers to stm32f4xx_it.o(i.BusFault_Handler) for BusFault_Handler
    startup_stm32f407xx.o(RESET) refers to stm32f4xx_it.o(i.UsageFault_Handler) for UsageFault_Handler
    startup_stm32f407xx.o(RESET) refers to stm32f4xx_it.o(i.SVC_Handler) for SVC_Handler
    startup_stm32f407xx.o(RESET) refers to stm32f4xx_it.o(i.DebugMon_Handler) for DebugMon_Handler
    startup_stm32f407xx.o(RESET) refers to stm32f4xx_it.o(i.PendSV_Handler) for PendSV_Handler
    startup_stm32f407xx.o(RESET) refers to stm32f4xx_it.o(i.SysTick_Handler) for SysTick_Handler
    startup_stm32f407xx.o(RESET) refers to smd.o(i.TIM1_UP_TIM10_IRQHandler) for TIM1_UP_TIM10_IRQHandler
    startup_stm32f407xx.o(RESET) refers to mb_port.o(i.USART1_IRQHandler) for USART1_IRQHandler
    startup_stm32f407xx.o(RESET) refers to mb_port.o(i.USART2_IRQHandler) for USART2_IRQHandler
    startup_stm32f407xx.o(RESET) refers to mb_port.o(i.TIM8_BRK_TIM12_IRQHandler) for TIM8_BRK_TIM12_IRQHandler
    startup_stm32f407xx.o(RESET) refers to mb_port.o(i.UART5_IRQHandler) for UART5_IRQHandler
    startup_stm32f407xx.o(RESET) refers to mb_port.o(i.TIM6_DAC_IRQHandler) for TIM6_DAC_IRQHandler
    startup_stm32f407xx.o(RESET) refers to mb_port.o(i.TIM7_IRQHandler) for TIM7_IRQHandler
    startup_stm32f407xx.o(.text) refers (Special) to heapauxi.o(.text) for __use_two_region_memory
    startup_stm32f407xx.o(.text) refers to system_stm32f4xx.o(i.SystemInit) for SystemInit
    startup_stm32f407xx.o(.text) refers to __main.o(!!!main) for __main
    startup_stm32f407xx.o(.text) refers to startup_stm32f407xx.o(HEAP) for Heap_Mem
    startup_stm32f407xx.o(.text) refers to startup_stm32f407xx.o(STACK) for Stack_Mem
    main.o(i.SystemClock_Config) refers to rt_memclr_w.o(.text) for __aeabi_memclr4
    main.o(i.SystemClock_Config) refers to stm32f4xx_hal_rcc.o(i.HAL_RCC_OscConfig) for HAL_RCC_OscConfig
    main.o(i.SystemClock_Config) refers to stm32f4xx_hal_rcc.o(i.HAL_RCC_ClockConfig) for HAL_RCC_ClockConfig
    main.o(i.main) refers to stm32f4xx_hal.o(i.HAL_Init) for HAL_Init
    main.o(i.main) refers to main.o(i.SystemClock_Config) for SystemClock_Config
    main.o(i.main) refers to gpio.o(i.MX_GPIO_Init) for MX_GPIO_Init
    main.o(i.main) refers to usart.o(i.MX_USART1_UART_Init) for MX_USART1_UART_Init
    main.o(i.main) refers to usart.o(i.MX_UART5_Init) for MX_UART5_Init
    main.o(i.main) refers to usart.o(i.MX_USART2_UART_Init) for MX_USART2_UART_Init
    main.o(i.main) refers to tim.o(i.MX_TIM12_Init) for MX_TIM12_Init
    main.o(i.main) refers to tim.o(i.MX_TIM6_Init) for MX_TIM6_Init
    main.o(i.main) refers to tim.o(i.MX_TIM7_Init) for MX_TIM7_Init
    main.o(i.main) refers to mb_slave.o(i.mbs_init) for mbs_init
    main.o(i.main) refers to smd.o(i.SMD_PWM_InitAll) for SMD_PWM_InitAll
    main.o(i.main) refers to mb_hook.o(i.mbs_hook_updata_holding) for mbs_hook_updata_holding
    main.o(i.main) refers to mb_slave.o(i.mbs_poll) for mbs_poll
    main.o(i.main) refers to mb_slave.o(.bss) for mbsUSB
    gpio.o(i.MX_GPIO_Init) refers to rt_memclr_w.o(.text) for __aeabi_memclr4
    gpio.o(i.MX_GPIO_Init) refers to stm32f4xx_hal_gpio.o(i.HAL_GPIO_WritePin) for HAL_GPIO_WritePin
    gpio.o(i.MX_GPIO_Init) refers to stm32f4xx_hal_gpio.o(i.HAL_GPIO_Init) for HAL_GPIO_Init
    tim.o(i.HAL_TIM_Base_MspDeInit) refers to stm32f4xx_hal_cortex.o(i.HAL_NVIC_DisableIRQ) for HAL_NVIC_DisableIRQ
    tim.o(i.HAL_TIM_Base_MspInit) refers to stm32f4xx_hal_cortex.o(i.HAL_NVIC_SetPriority) for HAL_NVIC_SetPriority
    tim.o(i.HAL_TIM_Base_MspInit) refers to stm32f4xx_hal_cortex.o(i.HAL_NVIC_EnableIRQ) for HAL_NVIC_EnableIRQ
    tim.o(i.MX_TIM12_Init) refers to stm32f4xx_hal_tim.o(i.HAL_TIM_Base_Init) for HAL_TIM_Base_Init
    tim.o(i.MX_TIM12_Init) refers to main.o(i.Error_Handler) for Error_Handler
    tim.o(i.MX_TIM12_Init) refers to stm32f4xx_hal_tim.o(i.HAL_TIM_ConfigClockSource) for HAL_TIM_ConfigClockSource
    tim.o(i.MX_TIM12_Init) refers to tim.o(.bss) for .bss
[...]
    dc.s                                     0x00000000   Number         0  dc.o ABSOLUTE
    startup_stm32f407xx.s                    0x00000000   Number         0  startup_stm32f407xx.o ABSOLUTE
    RESET                                    0x08000000   Section      392  startup_stm32f407xx.o(RESET)
    !!!main                                  0x08000188   Section        8  __main.o(!!!main)
    !!!scatter                               0x08000190   Section       52  __scatter.o(!!!scatter)
    !!handler_copy                           0x080001c4   Section       26  __scatter_copy.o(!!handler_copy)
    !!handler_zi                             0x080001e0   Section       28  __scatter_zi.o(!!handler_zi)
    .ARM.Collect$$libinit$$00000000          0x080001fc   Section        2  libinit.o(.ARM.Collect$$libinit$$00000000)
    .ARM.Collect$$libinit$$00000001          0x080001fe   Section        4  libinit2.o(.ARM.Collect$$libinit$$00000001)
    .ARM.Collect$$libinit$$00000004          0x08000202   Section        0  libinit2.o(.ARM.Collect$$libinit$$00000004)
    .ARM.Collect$$libinit$$0000000A          0x08000202   Section        0  libinit2.o(.ARM.Collect$$libinit$$0000000A)
    .ARM.Collect$$libinit$$0000000C          0x08000202   Section        0  libinit2.o(.ARM.Collect$$libinit$$0000000C)
    .ARM.Collect$$libinit$$0000000E          0x08000202   Section        0  libinit2.o(.ARM.Collect$$libinit$$0000000E)
    .ARM.Collect$$libinit$$00000011          0x08000202   Section        0  libinit2.o(.ARM.Collect$$libinit$$00000011)
    .ARM.Collect$$libinit$$00000013          0x08000202   Section        0  libinit2.o(.ARM.Collect$$libinit$$00000013)
    .ARM.Collect$$libinit$$00000015          0x08000202   Section        0  libinit2.o(.ARM.Collect$$libinit$$00000015)
    .ARM.Collect$$libinit$$00000017          0x08000202   Section        0  libinit2.o(.ARM.Collect$$libinit$$00000017)
    .ARM.Collect$$libinit$$00000019          0x08000202   Section        0  libinit2.o(.ARM.Collect$$libinit$$00000019)
    .ARM.Collect$$libinit$$0000001B          0x08000202   Section        0  libinit2.o(.ARM.Collect$$libinit$$0000001B)
    .ARM.Collect$$libinit$$0000001D          0x08000202   Section        0  libinit2.o(.ARM.Collect$$libinit$$0000001D)
    .ARM.Collect$$libinit$$0000001F          0x08000202   Section        0  libinit2.o(.ARM.Collect$$libinit$$0000001F)
    .ARM.Collect$$libinit$$00000021          0x08000202   Section        0  libinit2.o(.ARM.Collect$$libinit$$00000021)
    .ARM.Collect$$libinit$$00000023          0x08000202   Section        0  libinit2.o(.ARM.Collect$$libinit$$00000023)
    .ARM.Collect$$libinit$$00000025          0x08000202   Section        0  libinit2.o(.ARM.Collect$$libinit$$00000025)
    .ARM.Collect$$libinit$$0000002C          0x08000202   Section        0  libinit2.o(.ARM.Collect$$libinit$$0000002C)
    .ARM.Collect$$libinit$$0000002E          0x08000202   Section        0  libinit2.o(.ARM.Collect$$libinit$$0000002E)
    .ARM.Collect$$libinit$$00000030          0x08000202   Section        0  libinit2.o(.ARM.Collect$$libinit$$00000030)
    .ARM.Collect$$libinit$$00000032          0x08000202   Section        0  libinit2.o(.ARM.Collect$$libinit$$00000032)
    .ARM.Collect$$libinit$$00000033          0x08000202   Section        2  libinit2.o(.ARM.Collect$$libinit$$00000033)
    .ARM.Collect$$libshutdown$$00000000      0x08000204   Section        2  libshutdown.o(.ARM.Collect$$libshutdown$$00000000)
    .ARM.Collect$$libshutdown$$00000002      0x08000206   Section        0  libshutdown2.o(.ARM.Collect$$libshutdown$$00000002)
    .ARM.Collect$$libshutdown$$00000004      0x08000206   Section        0  libshutdown2.o(.ARM.Collect$$libshutdown$$00000004)
    .ARM.Collect$$libshutdown$$00000007      0x08000206   Section        0  libshutdown2.o(.ARM.Collect$$libshutdown$$00000007)
    .ARM.Collect$$libshutdown$$0000000A      0x08000206   Section        0  libshutdown2.o(.ARM.Collect$$libshutdown$$0000000A)
    .ARM.Collect$$libshutdown$$0000000C      0x08000206   Section        0  libshutdown2.o(.ARM.Collect$$libshutdown$$0000000C)
    .ARM.Collect$$libshutdown$$0000000F      0x08000206   Section        0  libshutdown2.o(.ARM.Collect$$libshutdown$$0000000F)
    .ARM.Collect$$libshutdown$$00000010      0x08000206   Section        2  libshutdown2.o(.ARM.Collect$$libshutdown$$00000010)
    .ARM.Collect$$rtentry$$00000000          0x08000208   Section        0  __rtentry.o(.ARM.Collect$$rtentry$$00000000)
    .ARM.Collect$$rtentry$$00000002          0x08000208   Section        0  __rtentry2.o(.ARM.Collect$$rtentry$$00000002)
    .ARM.Collect$$rtentry$$00000004          0x08000208   Section        6  __rtentry4.o(.ARM.Collect$$rtentry$$00000004)
    .ARM.Collect$$rtentry$$00000009          0x0800020e   Section        0  __rtentry2.o(.ARM.Collect$$rtentry$$00000009)
    .ARM.Collect$$rtentry$$0000000A          0x0800020e   Section        4  __rtentry2.o(.ARM.Collect$$rtentry$$0000000A)
    .ARM.Collect$$rtentry$$0000000C          0x08000212   Section        0  __rtentry2.o(.ARM.Collect$$rtentry$$0000000C)
    .ARM.Collect$$rtentry$$0000000D          0x08000212   Section        8  __rtentry2.o(.ARM.Collect$$rtentry$$0000000D)
    .ARM.Collect$$rtexit$$00000000           0x0800021a   Section        2  rtexit.o(.ARM.Collect$$rtexit$$00000000)
    .ARM.Collect$$rtexit$$00000002           0x0800021c   Section        0  rtexit2.o(.ARM.Collect$$rtexit$$00000002)
    .ARM.Collect$$rtexit$$00000003           0x0800021c   Section        4  rtexit2.o(.ARM.Collect$$rtexit$$00000003)
    .ARM.Collect$$rtexit$$00000004           0x08000220   Section        6  rtexit2.o(.ARM.Collect$$rtexit$$00000004)
    .text                                    0x08000228   Section       64  startup_stm32f407xx.o(.text)
    $v0                                      0x08000228   Number         0  startup_stm32f407xx.o(.text)
    .text                                    0x08000268   Section      238  lludivv7m.o(.text)
    .text                                    0x08000356   Section      100  rt_memcpy_w.o(.text)
    .text                                    0x080003ba   Section       78  rt_memclr_w.o(.text)
    .text                                    0x08000408   Section        0  heapauxi.o(.text)
    .text                                    0x0800040e   Section       74  sys_stackheap_outer.o(.text)
    .text                                    0x08000458   Section        0  exit.o(.text)
    .text                                    0x0800046c   Section        8  libspace.o(.text)
    .text                                    0x08000474   Section        0  sys_exit.o(.text)
    .text                                    0x08000480   Section        2  use_no_semi.o(.text)
    .text                                    0x08000482   Section        0  indicate_semi.o(.text)
    i.BusFault_Handler                       0x08000482   Section        0  stm32f4xx_it.o(i.BusFault_Handler)
    i.DebugMon_Handler                       0x08000484   Section        0  stm32f4xx_it.o(i.DebugMon_Handler)
    i.Error_Handler                          0x08000486   Section        0  main.o(i.Error_Handler)
    i.HAL_GPIO_Init                          0x0800048c   Section        0  stm32f4xx_hal_gpio.o(i.HAL_GPIO_Init)
    i.HAL_GPIO_ReadPin                       0x0800067c   Section        0  stm32f4xx_hal_gpio.o(i.HAL_GPIO_ReadPin)
    i.HAL_GPIO_WritePin                      0x08000686   Section        0  stm32f4xx_hal_gpio.o(i.HAL_GPIO_WritePin)
    i.HAL_GetTick                            0x08000690   Section        0  stm32f4xx_hal.o(i.HAL_GetTick)
    i.HAL_IncTick                            0x0800069c   Section        0  stm32f4xx_hal.o(i.HAL_IncTick)
    i.HAL_Init                               0x080006ac   Section        0  stm32f4xx_hal.o(i.HAL_Init)
    i.HAL_InitTick                           0x080006e0   Section        0  stm32f4xx_hal.o(i.HAL_InitTick)
    i.HAL_MspInit                            0x08000720   Section        0  stm32f4xx_hal_msp.o(i.HAL_MspInit)
    i.HAL_NVIC_ClearPendingIRQ               0x08000750   Section        0  stm32f4xx_hal_cortex.o(i.HAL_NVIC_ClearPendingIRQ)
    i.HAL_NVIC_EnableIRQ                     0x0800076a   Section        0  stm32f4xx_hal_cortex.o(i.HAL_NVIC_EnableIRQ)
    i.HAL_NVIC_SetPriority                   0x08000784   Section        0  stm32f4xx_hal_cortex.o(i.HAL_NVIC_SetPriority)
    i.HAL_NVIC_SetPriorityGrouping           0x080007c4   Section        0  stm32f4xx_hal_cortex.o(i.HAL_NVIC_SetPriorityGrouping)
    i.HAL_RCC_ClockConfig                    0x080007e8   Section        0  stm32f4xx_hal_rcc.o(i.HAL_RCC_ClockConfig)
    i.HAL_RCC_GetPCLK1Freq                   0x0800091c   Section        0  stm32f4xx_hal_rcc.o(i.HAL_RCC_GetPCLK1Freq)
    i.HAL_RCC_GetPCLK2Freq                   0x0800093c   Section        0  stm32f4xx_hal_rcc.o(i.HAL_RCC_GetPCLK2Freq)
    i.HAL_RCC_GetSysClockFreq                0x0800095c   Section        0  stm32f4xx_hal_rcc.o(i.HAL_RCC_GetSysClockFreq)
    i.HAL_RCC_OscConfig                      0x080009bc   Section        0  stm32f4xx_hal_rcc.o(i.HAL_RCC_OscConfig)
    i.HAL_SYSTICK_Config                     0x08000d28   Section        0  stm32f4xx_hal_cortex.o(i.HAL_SYSTICK_Config)
    i.HAL_TIMEx_ConfigBreakDeadTime          0x08000d50   Section        0  stm32f4xx_hal_tim_ex.o(i.HAL_TIMEx_ConfigBreakDeadTime)
    i.HAL_TIMEx_MasterConfigSynchronization  0x08000da4   Section        0  stm32f4xx_hal_tim_ex.o(i.HAL_TIMEx_MasterConfigSynchronization)
    i.HAL_TIMEx_PWMN_Start                   0x08000e34   Section        0  stm32f4xx_hal_tim_ex.o(i.HAL_TIMEx_PWMN_Start)
    i.HAL_TIMEx_PWMN_Stop                    0x08000ef4   Section        0  stm32f4xx_hal_tim_ex.o(i.HAL_TIMEx_PWMN_Stop)
    i.HAL_TIM_Base_Init                      0x08000f5c   Section        0  stm32f4xx_hal_tim.o(i.HAL_TIM_Base_Init)
    i.HAL_TIM_Base_MspInit                   0x08000fb8   Section        0  tim.o(i.HAL_TIM_Base_MspInit)
    i.HAL_TIM_Base_Start_IT                  0x08001044   Section        0  stm32f4xx_hal_tim.o(i.HAL_TIM_Base_Start_IT)
    i.HAL_TIM_ConfigClockSource              0x080010c4   Section        0  stm32f4xx_hal_tim.o(i.HAL_TIM_ConfigClockSource)
    i.HAL_TIM_PWM_ConfigChannel              0x080011a0   Section        0  stm32f4xx_hal_tim.o(i.HAL_TIM_PWM_ConfigChannel)
    i.HAL_TIM_PWM_Init                       0x0800126c   Section        0  stm32f4xx_hal_tim.o(i.HAL_TIM_PWM_Init)
    i.HAL_TIM_PWM_MspInit                    0x080012c8   Section        0  smd.o(i.HAL_TIM_PWM_MspInit)
    i.HAL_TIM_PWM_Start                      0x080014b4   Section        0  stm32f4xx_hal_tim.o(i.HAL_TIM_PWM_Start)
    i.HAL_TIM_PWM_Stop                       0x0800157c   Section        0  stm32f4xx_hal_tim.o(i.HAL_TIM_PWM_Stop)
    i.HAL_UART_Init                          0x080015f8   Section        0  stm32f4xx_hal_uart.o(i.HAL_UART_Init)
    i.HAL_UART_MspInit                       0x0800165c   Section        0  usart.o(i.HAL_UART_MspInit)
    i.HardFault_Handler                      0x080017a8   Section        0  stm32f4xx_it.o(i.HardFault_Handler)
    i.MX_GPIO_Init                           0x080017ac   Section        0  gpio.o(i.MX_GPIO_Init)
    i.MX_TIM12_Init                          0x08001a54   Section        0  tim.o(i.MX_TIM12_Init)
    i.MX_TIM6_Init                           0x08001aa0   Section        0  tim.o(i.MX_TIM6_Init)
    i.MX_TIM7_Init                           0x08001ae4   Section        0  tim.o(i.MX_TIM7_Init)
    i.MX_UART5_Init                          0x08001b28   Section        0  usart.o(i.MX_UART5_Init)
    i.MX_USART1_UART_Init                    0x08001b60   Section        0  usart.o(i.MX_USART1_UART_Init)
    i.MX_USART2_UART_Init                    0x08001b98   Section        0  usart.o(i.MX_USART2_UART_Init)
    i.MemManage_Handler                      0x08001bd0   Section        0  stm32f4xx_it.o(i.MemManage_Handler)
    i.MotorStepsMaxPU                        0x08001bd2   Section        0  smd.o(i.MotorStepsMaxPU)
    MotorStepsMaxPU                          0x08001bd3   Thumb Code    32  smd.o(i.MotorStepsMaxPU)
    i.NMI_Handler                            0x08001bf2   Section        0  stm32f4xx_it.o(i.NMI_Handler)
    i.PendSV_Handler                         0x08001bf4   Section        0  stm32f4xx_it.o(i.PendSV_Handler)
    i.SMD_AccumulateSteps                    0x08001bf8   Section        0  smd.o(i.SMD_AccumulateSteps)
    SMD_AccumulateSteps                      0x08001bf9   Thumb Code   152  smd.o(i.SMD_AccumulateSteps)
    i.SMD_ApplyFreqToHW                      0x08001c98   Section        0  smd.o(i.SMD_ApplyFreqToHW)
    SMD_ApplyFreqToHW                        0x08001c99   Thumb Code   126  smd.o(i.SMD_ApplyFreqToHW)
    i.SMD_CalcAccNeedSteps                   0x08001d20   Section        0  smd.o(i.SMD_CalcAccNeedSteps)
    i.SMD_Calc_PSC_ARR                       0x08002034   Section        0  smd.o(i.SMD_Calc_PSC_ARR)
    SMD_Calc_PSC_ARR                         0x08002035   Thumb Code    50  smd.o(i.SMD_Calc_PSC_ARR)
    i.SMD_CheckRelayMotorLimit               0x0800206c   Section        0  smd.o(i.SMD_CheckRelayMotorLimit)
    SMD_CheckRelayMotorLimit                 0x0800206d   Thumb Code   396  smd.o(i.SMD_CheckRelayMotorLimit)
    i.SMD_Init_HighTimer                     0x08002210   Section        0  smd.o(i.SMD_Init_HighTimer)
    SMD_Init_HighTimer                       0x08002211   Thumb Code   110  smd.o(i.SMD_Init_HighTimer)
    i.SMD_IsLimited                          0x08002280   Section        0  smd.o(i.SMD_IsLimited)
    SMD_IsLimited                            0x08002281   Thumb Code   410  smd.o(i.SMD_IsLimited)
    i.SMD_MotorStepsCtl                      0x08002434   Section        0  smd.o(i.SMD_MotorStepsCtl)
    SMD_MotorStepsCtl                        0x08002435   Thumb Code   658  smd.o(i.SMD_MotorStepsCtl)
    i.SMD_PWM_Init                           0x080026e0   Section        0  smd.o(i.SMD_PWM_Init)
    i.SMD_PWM_InitAll                        0x08002760   Section        0  smd.o(i.SMD_PWM_InitAll)
    i.SMD_PWM_SetFreq                        0x08002784   Section        0  smd.o(i.SMD_PWM_SetFreq)
    i.SMD_PWM_SetFreqGradient                0x080027e8   Section        0  smd.o(i.SMD_PWM_SetFreqGradient)
    i.SMD_PWM_Start                          0x08002834   Section        0  smd.o(i.SMD_PWM_Start)
    i.SMD_PWM_Stop                           0x08002858   Section        0  smd.o(i.SMD_PWM_Stop)
    i.SMD_ProcessChannel                     0x0800287c   Section        0  smd.o(i.SMD_ProcessChannel)
    SMD_ProcessChannel                       0x0800287d   Thumb Code   602  smd.o(i.SMD_ProcessChannel)
    i.SMD_RunSCurve                          0x08002ae8   Section        0  smd.o(i.SMD_RunSCurve)
    SMD_RunSCurve                            0x08002ae9   Thumb Code   266  smd.o(i.SMD_RunSCurve)
    i.SMD_SysToOrigin                        0x08002c08   Section        0  smd.o(i.SMD_SysToOrigin)
    SMD_SysToOrigin                          0x08002c09   Thumb Code   546  smd.o(i.SMD_SysToOrigin)
    i.SMD_TIM10_Init                         0x08002e50   Section        0  smd.o(i.SMD_TIM10_Init)
    i.SMD_UpdateVelocity                     0x08002ebc   Section        0  smd.o(i.SMD_UpdateVelocity)
    SMD_UpdateVelocity                       0x08002ebd   Thumb Code   114  smd.o(i.SMD_UpdateVelocity)
    i.SVC_Handler                            0x08002f3c   Section        0  stm32f4xx_it.o(i.SVC_Handler)
    i.SysTick_Handler                        0x08002f3e   Section        0  stm32f4xx_it.o(i.SysTick_Handler)
    i.SystemClock_Config                     0x08002f44   Section        0  main.o(i.SystemClock_Config)
    i.SystemInit                             0x08002fd8   Section        0  system_stm32f4xx.o(i.SystemInit)
    i.TIM1_UP_TIM10_IRQHandler               0x08002fe8   Section        0  smd.o(i.TIM1_UP_TIM10_IRQHandler)
    i.TIM6_DAC_IRQHandler                    0x08003038   Section        0  mb_port.o(i.TIM6_DAC_IRQHandler)
    i.TIM7_IRQHandler                        0x08003050   Section        0  mb_port.o(i.TIM7_IRQHandler)
    i.TIM8_BRK_TIM12_IRQHandler              0x08003068   Section        0  mb_port.o(i.TIM8_BRK_TIM12_IRQHandler)
    i.TIM_Base_SetConfig                     0x08003080   Section        0  stm32f4xx_hal_tim.o(i.TIM_Base_SetConfig)
    i.TIM_CCxChannelCmd                      0x08003150   Section        0  stm32f4xx_hal_tim.o(i.TIM_CCxChannelCmd)
    i.TIM_CCxNChannelCmd                     0x0800316a   Section        0  stm32f4xx_hal_tim_ex.o(i.TIM_CCxNChannelCmd)
    TIM_CCxNChannelCmd                       0x0800316b   Thumb Code    26  stm32f4xx_hal_tim_ex.o(i.TIM_CCxNChannelCmd)
    i.TIM_ETR_SetConfig                      0x08003184   Section        0  stm32f4xx_hal_tim.o(i.TIM_ETR_SetConfig)
    i.TIM_ITRx_SetConfig                     0x08003198   Section        0  stm32f4xx_hal_tim.o(i.TIM_ITRx_SetConfig)
    TIM_ITRx_SetConfig                       0x08003199   Thumb Code    16  stm32f4xx_hal_tim.o(i.TIM_ITRx_SetConfig)
    i.TIM_OC1_SetConfig                      0x080031a8   Section        0  stm32f4xx_hal_tim.o(i.TIM_OC1_SetConfig)
    TIM_OC1_SetConfig                        0x080031a9   Thumb Code    88  stm32f4xx_hal_tim.o(i.TIM_OC1_SetConfig)
    i.TIM_OC2_SetConfig                      0x08003208   Section        0  stm32f4xx_hal_tim.o(i.TIM_OC2_SetConfig)
    i.TIM_OC3_SetConfig                      0x08003274   Section        0  stm32f4xx_hal_tim.o(i.TIM_OC3_SetConfig)
    TIM_OC3_SetConfig                        0x08003275   Thumb Code    96  stm32f4xx_hal_tim.o(i.TIM_OC3_SetConfig)
    i.TIM_OC4_SetConfig                      0x080032dc   Section        0  stm32f4xx_hal_tim.o(i.TIM_OC4_SetConfig)
    TIM_OC4_SetConfig                        0x080032dd   Thumb Code    70  stm32f4xx_hal_tim.o(i.TIM_OC4_SetConfig)
    i.TIM_TI1_ConfigInputStage               0x0800332c   Section        0  stm32f4xx_hal_tim.o(i.TIM_TI1_ConfigInputStage)
    TIM_TI1_ConfigInputStage                 0x0800332d   Thumb Code    34  stm32f4xx_hal_tim.o(i.TIM_TI1_ConfigInputStage)
    i.TIM_TI2_ConfigInputStage               0x0800334e   Section        0  stm32f4xx_hal_tim.o(i.TIM_TI2_ConfigInputStage)
    TIM_TI2_ConfigInputStage                 0x0800334f   Thumb Code    36  stm32f4xx_hal_tim.o(i.TIM_TI2_ConfigInputStage)
    i.UART5_IRQHandler                       0x08003374   Section        0  mb_port.o(i.UART5_IRQHandler)
    i.UART_SetConfig                         0x080033b8   Section        0  stm32f4xx_hal_uart.o(i.UART_SetConfig)
    UART_SetConfig                           0x080033b9   Thumb Code   258  stm32f4xx_hal_uart.o(i.UART_SetConfig)
    i.USART1_IRQHandler                      0x080034c4   Section        0  mb_port.o(i.USART1_IRQHandler)
    i.USART2_IRQHandler                      0x08003508   Section        0  mb_port.o(i.USART2_IRQHandler)
    i.UsageFault_Handler                     0x0800354c   Section        0  stm32f4xx_it.o(i.UsageFault_Handler)
    i.__NVIC_SetPriority                     0x0800354e   Section        0  stm32f4xx_hal_cortex.o(i.__NVIC_SetPriority)
    __NVIC_SetPriority                       0x0800354f   Thumb Code    32  stm32f4xx_hal_cortex.o(i.__NVIC_SetPriority)
    i.main                                   0x08003570   Section        0  main.o(i.main)
    i.mb_crc16                               0x08003610   Section        0  mb_crc.o(i.mb_crc16)
    i.mbs_exec                               0x0800363c   Section        0  mb_slave.o(i.mbs_exec)
    i.mbs_hook_extract_coils                 0x080036c2   Section        0  mb_hook.o(i.mbs_hook_extract_coils)
    i.mbs_hook_extract_holding               0x080036e4   Section        0  mb_hook.o(i.mbs_hook_extract_holding)
    i.mbs_hook_updata_coils                  0x08003adc   Section        0  mb_hook.o(i.mbs_hook_updata_coils)
    i.mbs_hook_updata_holding                0x08003aec   Section        0  mb_hook.o(i.mbs_hook_updata_holding)
    i.mbs_init                               0x08003ce8   Section        0  mb_slave.o(i.mbs_init)
    i.mbs_poll                               0x08003f74   Section        0  mb_slave.o(i.mbs_poll)
    i.mbs_port_getchar                       0x08003fca   Section        0  mb_port.o(i.mbs_port_getchar)
    i.mbs_port_putchar                       0x08003fd2   Section        0  mb_port.o(i.mbs_port_putchar)
    i.mbs_port_timerDisable                  0x08003fd8   Section        0  mb_port.o(i.mbs_port_timerDisable)
    i.mbs_port_timerEnable                   0x0800400e   Section        0  mb_port.o(i.mbs_port_timerEnable)
    i.mbs_port_timerInit                     0x08004050   Section        0  mb_port.o(i.mbs_port_timerInit)
    i.mbs_port_uartEnable                    0x0800408c   Section        0  mb_port.o(i.mbs_port_uartEnable)
    i.mbs_port_uartInit                      0x080040b4   Section        0  mb_port.o(i.mbs_port_uartInit)
    i.mbs_send                               0x080040fe   Section        0  mb_slave.o(i.mbs_send)
    i.mbs_timer3T5Isr                        0x0800413c   Section        0  mb_slave.o(i.mbs_timer3T5Isr)
    i.mbs_uartRxIsr                          0x08004152   Section        0  mb_slave.o(i.mbs_uartRxIsr)
    i.mbs_uartTxIsr                          0x080041a4   Section        0  mb_slave.o(i.mbs_uartTxIsr)
    i.mods_01h                               0x080041fc   Section        0  mb_slave.o(i.mods_01h)
    mods_01h                                 0x080041fd   Thumb Code   248  mb_slave.o(i.mods_01h)
    i.mods_03h                               0x080042f4   Section        0  mb_slave.o(i.mods_03h)
    i.mods_05h                               0x080043bc   Section        0  mb_slave.o(i.mods_05h)
    mods_05h                                 0x080043bd   Thumb Code   150  mb_slave.o(i.mods_05h)
    i.mods_06h                               0x08004452   Section        0  mb_slave.o(i.mods_06h)
    i.mods_0fh                               0x080044d4   Section        0  mb_slave.o(i.mods_0fh)
    i.mods_10h                               0x08004594   Section        0  mb_slave.o(i.mods_10h)
    x$fpl$dadd                               0x08004648   Section      336  daddsub_clz.o(x$fpl$dadd)
    $v0                                      0x08004648   Number         0  daddsub_clz.o(x$fpl$dadd)
    _dadd1                                   0x08004659   Thumb Code     0  daddsub_clz.o(x$fpl$dadd)
    x$fpl$dcmpinf                            0x08004798   Section       24  dcmpi.o(x$fpl$dcmpinf)
    $v0                                      0x08004798   Number         0  dcmpi.o(x$fpl$dcmpinf)
    x$fpl$ddiv                               0x080047b0   Section      688  ddiv.o(x$fpl$ddiv)
    $v0                                      0x080047b0   Number         0  ddiv.o(x$fpl$ddiv)
    ddiv_entry                               0x080047b7   Thumb Code     0  ddiv.o(x$fpl$ddiv)
    x$fpl$dfix                               0x08004a60   Section       94  dfix.o(x$fpl$dfix)
    $v0                                      0x08004a60   Number         0  dfix.o(x$fpl$dfix)
    x$fpl$dleqf                              0x08004ac0   Section      120  dleqf.o(x$fpl$dleqf)
    $v0                                      0x08004ac0   Number         0  dleqf.o(x$fpl$dleqf)
    x$fpl$dmul                               0x08004b38   Section      340  dmul.o(x$fpl$dmul)
    $v0                                      0x08004b38   Number         0  dmul.o(x$fpl$dmul)
    x$fpl$dnaninf                            0x08004c8c   Section      156  dnaninf.o(x$fpl$dnaninf)
    $v0                                      0x08004c8c   Number         0  dnaninf.o(x$fpl$dnaninf)
    x$fpl$dretinf                            0x08004d28   Section       12  dretinf.o(x$fpl$dretinf)
    $v0                                      0x08004d28   Number         0  dretinf.o(x$fpl$dretinf)
    x$fpl$drleqf                             0x08004d34   Section      108  drleqf.o(x$fpl$drleqf)
    $v0                                      0x08004d34   Number         0  drleqf.o(x$fpl$drleqf)
    x$fpl$drsb                               0x08004da0   Section       22  daddsub_clz.o(x$fpl$drsb)
    $v0                                      0x08004da0   Number         0  daddsub_clz.o(x$fpl$drsb)
    x$fpl$dsub                               0x08004db8   Section      468  daddsub_clz.o(x$fpl$dsub)
    $v0                                      0x08004db8   Number         0  daddsub_clz.o(x$fpl$dsub)
    _dsub1                                   0x08004dc9   Thumb Code     0  daddsub_clz.o(x$fpl$dsub)
    x$fpl$f2d                                0x08004f8c   Section       86  f2d.o(x$fpl$f2d)
    $v0                                      0x08004f8c   Number         0  f2d.o(x$fpl$f2d)
    x$fpl$fnaninf                            0x08004fe2   Section      140  fnaninf.o(x$fpl$fnaninf)
    $v0                                      0x08004fe2   Number         0  fnaninf.o(x$fpl$fnaninf)
    x$fpl$fpinit                             0x0800506e   Section       10  fpinit.o(x$fpl$fpinit)
    $v0                                      0x0800506e   Number         0  fpinit.o(x$fpl$fpinit)
    .constdata                               0x08005078   Section     3488  smd.o(.constdata)
    x$fpl$usenofp                            0x08005078   Section        0  usenofp.o(x$fpl$usenofp)
    smd_timer_map                            0x08005078   Data         128  smd.o(.constdata)
    .constdata                               0x08005e18   Section      512  mb_crc.o(.constdata)
    aucCRCHi                                 0x08005e18   Data         256  mb_crc.o(.constdata)
    aucCRCLo                                 0x08005f18   Data         256  mb_crc.o(.constdata)
    .constdata                               0x08006018   Section      792  mb_hook.o(.constdata)
    .constdata                               0x08006330   Section       16  system_stm32f4xx.o(.constdata)
    .constdata                               0x08006340   Section        8  system_stm32f4xx.o(.constdata)
    .data                                    0x20000000   Section      280  smd.o(.data)
    .data                                    0x20000118   Section       12  stm32f4xx_hal.o(.data)
    .data                                    0x20000124   Section        4  system_stm32f4xx.o(.data)
    .bss                                     0x20000128   Section      216  tim.o(.bss)
    .bss                                     0x20000200   Section      216  usart.o(.bss)
    .bss                                     0x200002d8   Section      168  smd.o(.bss)
    MotorCurStepsSub                         0x200002e8   Data          32  smd.o(.bss)
    .bss                                     0x20000380   Section       72  smd.o(.bss)
    .bss                                     0x200003c8   Section       72  smd.o(.bss)
    .bss                                     0x20000410   Section       72  smd.o(.bss)
    .bss                                     0x20000458   Section       72  smd.o(.bss)
    .bss                                     0x200004a0   Section       72  smd.o(.bss)
    .bss                                     0x200004e8   Section       72  smd.o(.bss)
    .bss                                     0x20000530   Section       72  smd.o(.bss)
    .bss                                     0x20000578   Section       72  smd.o(.bss)
    .bss                                     0x200005c0   Section     4860  mb_slave.o(.bss)
    .bss                                     0x200018bc   Section       96  libspace.o(.bss)
    HEAP                                     0x20001920   Section      512  startup_stm32f407xx.o(HEAP)
    Heap_Mem                                 0x20001920   Data         512  startup_stm32f407xx.o(HEAP)
    STACK                                    0x20001b20   Section     1024  startup_stm32f407xx.o(STACK)
    Stack_Mem                                0x20001b20   Data        1024  startup_stm32f407xx.o(STACK)
    __initial_sp                             0x20001f20   Data           0  startup_stm32f407xx.o(STACK)

    Global Symbols

    Symbol Name                              Value     Ov Type        Size  Object(Section)

    BuildAttributes$$THM_ISAv4$E$P$D$K$B$S$7EM$VFPi3$EXTD16$VFPS$VFMA$PE$A:L22UL41UL21$X:L11$S22US41US21$IEEE1$IW$USESV6$~STKCKD$USESV7$~SHL$OSPACE$ROPI$EBA8$UX$STANDARDLIB$REQ8$PRES8$EABIv2 0x00000000   Number         0  anon$$obj.o ABSOLUTE
    __ARM_use_no_argv                        0x00000000   Number         0  main.o ABSOLUTE
    __ARM_exceptions_init                     - Undefined Weak Reference
    __alloca_initialize                       - Undefined Weak Reference
    __arm_preinit_                            - Undefined Weak Reference
    __cpp_initialize__aeabi_                  - Undefined Weak Reference
    __cxa_finalize                            - Undefined Weak Reference
    __rt_locale                               - Undefined Weak Reference
    __sigvec_lookup                           - Undefined Weak Reference
    _atexit_init                              - Undefined Weak Reference
    _call_atexit_fns                          - Undefined Weak Reference
    _clock_init                               - Undefined Weak Reference
    _fp_trap_init                             - Undefined Weak Reference
    _fp_trap_shutdown                         - Undefined Weak Reference
    _get_lc_collate                           - Undefined Weak Reference
    _get_lc_ctype                             - Undefined Weak Reference
    _get_lc_monetary                          - Undefined Weak Reference
    _get_lc_numeric                           - Undefined Weak Reference
    _get_lc_time                              - Undefined Weak Reference
    _getenv_init                              - Undefined Weak Reference
    _handle_redirection                       - Undefined Weak Reference
    _init_alloc                               - Undefined Weak Reference
    _init_user_alloc                          - Undefined Weak Reference
    _initio                                   - Undefined Weak Reference
    _rand_init                                - Undefined Weak Reference
    _signal_finish                            - Undefined Weak Reference
    _signal_init                              - Undefined Weak Reference
    _terminate_alloc                          - Undefined Weak Reference
    _terminate_user_alloc                     - Undefined Weak Reference
    _terminateio                              - Undefined Weak Reference
    __Vectors_Size                           0x00000188   Number         0  startup_stm32f407xx.o ABSOLUTE
    __Vectors                                0x08000000   Data           4  startup_stm32f407xx.o(RESET)
    __Vectors_End                            0x08000188   Data           0  startup_stm32f407xx.o(RESET)
    __main                                   0x08000189   Thumb Code     8  __main.o(!!!main)
    __scatterload                            0x08000191   Thumb Code     0  __scatter.o(!!!scatter)
    __scatterload_rt2                        0x08000191   Thumb Code    44  __scatter.o(!!!scatter)
    __scatterload_rt2_thumb_only             0x08000191   Thumb Code     0  __scatter.o(!!!scatter)
    __scatterload_null                       0x0800019f   Thumb Code     0  __scatter.o(!!!scatter)
    __scatterload_copy                       0x080001c5   Thumb Code    26  __scatter_copy.o(!!handler_copy)
    __scatterload_zeroinit                   0x080001e1   Thumb Code    28  __scatter_zi.o(!!handler_zi)
    __rt_lib_init                            0x080001fd   Thumb Code     0  libinit.o(.ARM.Collect$$libinit$$00000000)
    __rt_lib_init_fp_1                       0x080001ff   Thumb Code     0  libinit2.o(.ARM.Collect$$libinit$$00000001)
    __rt_lib_init_alloca_1                   0x08000203   Thumb Code     0  libinit2.o(.ARM.Collect$$libinit$$0000002E)
    __rt_lib_init_argv_1                     0x08000203   Thumb Code     0  libinit2.o(.ARM.Collect$$libinit$$0000002C)
    __rt_lib_init_atexit_1                   0x08000203   Thumb Code     0  libinit2.o(.ARM.Collect$$libinit$$0000001B)
    __rt_lib_init_clock_1                    0x08000203   Thumb Code     0  libinit2.o(.ARM.Collect$$libinit$$00000021)
    __rt_lib_init_cpp_1                      0x08000203   Thumb Code     0  libinit2.o(.ARM.Collect$$libinit$$00000032)
    __rt_lib_init_exceptions_1               0x08000203   Thumb Code     0  libinit2.o(.ARM.Collect$$libinit$$00000030)
    __rt_lib_init_fp_trap_1                  0x08000203   Thumb Code     0  libinit2.o(.ARM.Collect$$libinit$$0000001F)
    __rt_lib_init_getenv_1                   0x08000203   Thumb Code     0  libinit2.o(.ARM.Collect$$libinit$$00000023)
    __rt_lib_init_heap_1                     0x08000203   Thumb Code     0  libinit2.o(.ARM.Collect$$libinit$$0000000A)
    __rt_lib_init_lc_collate_1               0x08000203   Thumb Code     0  libinit2.o(.ARM.Collect$$libinit$$00000011)
    __rt_lib_init_lc_ctype_1                 0x08000203   Thumb Code     0  libinit2.o(.ARM.Collect$$libinit$$00000013)
    __rt_lib_init_lc_monetary_1              0x08000203   Thumb Code     0  libinit2.o(.ARM.Collect$$libinit$$00000015)
    __rt_lib_init_lc_numeric_1               0x08000203   Thumb Code     0  libinit2.o(.ARM.Collect$$libinit$$00000017)
    __rt_lib_init_lc_time_1                  0x08000203   Thumb Code     0  libinit2.o(.ARM.Collect$$libinit$$00000019)
    __rt_lib_init_preinit_1                  0x08000203   Thumb Code     0  libinit2.o(.ARM.Collect$$libinit$$00000004)
    __rt_lib_init_rand_1                     0x08000203   Thumb Code     0  libinit2.o(.ARM.Collect$$libinit$$0000000E)
    __rt_lib_init_return                     0x08000203   Thumb Code     0  libinit2.o(.ARM.Collect$$libinit$$00000033)
    __rt_lib_init_signal_1                   0x08000203   Thumb Code     0  libinit2.o(.ARM.Collect$$libinit$$0000001D)
    __rt_lib_init_stdio_1                    0x08000203   Thumb Code     0  libinit2.o(.ARM.Collect$$libinit$$00000025)
    __rt_lib_init_user_alloc_1               0x08000203   Thumb Code     0  libinit2.o(.ARM.Collect$$libinit$$0000000C)
    __rt_lib_shutdown                        0x08000205   Thumb Code     0  libshutdown.o(.ARM.Collect$$libshutdown$$00000000)
    __rt_lib_shutdown_cpp_1                  0x08000207   Thumb Code     0  libshutdown2.o(.ARM.Collect$$libshutdown$$00000002)
    __rt_lib_shutdown_fp_trap_1              0x08000207   Thumb Code     0  libshutdown2.o(.ARM.Collect$$libshutdown$$00000007)
    __rt_lib_shutdown_heap_1                 0x08000207   Thumb Code     0  libshutdown2.o(.ARM.Collect$$libshutdown$$0000000F)
    __rt_lib_shutdown_return                 0x08000207   Thumb Code     0  libshutdown2.o(.ARM.Collect$$libshutdown$$00000010)
    __rt_lib_shutdown_signal_1               0x08000207   Thumb Code     0  libshutdown2.o(.ARM.Collect$$libshutdown$$0000000A)
    __rt_lib_shutdown_stdio_1                0x08000207   Thumb Code     0  libshutdown2.o(.ARM.Collect$$libshutdown$$00000004)
    __rt_lib_shutdown_user_alloc_1           0x08000207   Thumb Code     0  libshutdown2.o(.ARM.Collect$$libshutdown$$0000000C)
    __rt_entry                               0x08000209   Thumb Code     0  __rtentry.o(.ARM.Collect$$rtentry$$00000000)
    __rt_entry_presh_1                       0x08000209   Thumb Code     0  __rtentry2.o(.ARM.Collect$$rtentry$$00000002)
    __rt_entry_sh                            0x08000209   Thumb Code     0  __rtentry4.o(.ARM.Collect$$rtentry$$00000004)
    __rt_entry_li                            0x0800020f   Thumb Code     0  __rtentry2.o(.ARM.Collect$$rtentry$$0000000A)
    __rt_entry_postsh_1                      0x0800020f   Thumb Code     0  __rtentry2.o(.ARM.Collect$$rtentry$$00000009)
    __rt_entry_main                          0x08000213   Thumb Code     0  __rtentry2.o(.ARM.Collect$$rtentry$$0000000D)
    __rt_entry_postli_1                      0x08000213   Thumb Code     0  __rtentry2.o(.ARM.Collect$$rtentry$$0000000C)
    __rt_exit                                0x0800021b   Thumb Code     0  rtexit.o(.ARM.Collect$$rtexit$$00000000)
    __rt_exit_ls                             0x0800021d   Thumb Code     0  rtexit2.o(.ARM.Collect$$rtexit$$00000003)
    __rt_exit_prels_1                        0x0800021d   Thumb Code     0  rtexit2.o(.ARM.Collect$$rtexit$$00000002)
    __rt_exit_exit                           0x08000221   Thumb Code     0  rtexit2.o(.ARM.Collect$$rtexit$$00000004)
    Reset_Handler                            0x08000229   Thumb Code     8  startup_stm32f407xx.o(.text)
    ADC_IRQHandler                           0x08000243   Thumb Code     0  startup_stm32f407xx.o(.text)
    CAN1_RX0_IRQHandler                      0x08000243   Thumb Code     0  startup_stm32f407xx.o(.text)
    CAN1_RX1_IRQHandler                      0x08000243   Thumb Code     0  startup_stm32f407xx.o(.text)
    CAN1_SCE_IRQHandler                      0x08000243   Thumb Code     0  startup_stm32f407xx.o(.text)
    CAN1_TX_IRQHandler                       0x08000243   Thumb Code     0  startup_stm32f407xx.o(.text)
    CAN2_RX0_IRQHandler                      0x08000243   Thumb Code     0  startup_stm32f407xx.o(.text)
    CAN2_RX1_IRQHandler                      0x08000243   Thumb Code     0  startup_stm32f407xx.o(.text)
    CAN2_SCE_IRQHandler                      0x08000243   Thumb Code     0  startup_stm32f407xx.o(.text)
    CAN2_TX_IRQHandler                       0x08000243   Thumb Code     0  startup_stm32f407xx.o(.text)
    DCMI_IRQHandler                          0x08000243   Thumb Code     0  startup_stm32f407xx.o(.text)
    DMA1_Stream0_IRQHandler                  0x08000243   Thumb Code     0  startup_stm32f407xx.o(.text)
    DMA1_Stream1_IRQHandler                  0x08000243   Thumb Code     0  startup_stm32f407xx.o(.text)
    DMA1_Stream2_IRQHandler                  0x08000243   Thumb Code     0  startup_stm32f407xx.o(.text)
    DMA1_Stream3_IRQHandler                  0x08000243   Thumb Code     0  startup_stm32f407xx.o(.text)
    DMA1_Stream4_IRQHandler                  0x08000243   Thumb Code     0  startup_stm32f407xx.o(.text)
    DMA1_Stream5_IRQHandler                  0x08000243   Thumb Code     0  startup_stm32f407xx.o(.text)
    DMA1_Stream6_IRQHandler                  0x08000243   Thumb Code     0  startup_stm32f407xx.o(.text)
    DMA1_Stream7_IRQHandler                  0x08000243   Thumb Code     0  startup_stm32f407xx.o(.text)
    DMA2_Stream0_IRQHandler                  0x08000243   Thumb Code     0  startup_stm32f407xx.o(.text)
    DMA2_Stream1_IRQHandler                  0x08000243   Thumb Code     0  startup_stm32f407xx.o(.text)
    DMA2_Stream2_IRQHandler                  0x08000243   Thumb Code     0  startup_stm32f407xx.o(.text)
    DMA2_Stream3_IRQHandler                  0x08000243   Thumb Code     0  startup_stm32f407xx.o(.text)
    DMA2_Stream4_IRQHandler                  0x08000243   Thumb Code     0  startup_stm32f407xx.o(.text)
    DMA2_Stream5_IRQHandler                  0x08000243   Thumb Code     0  startup_stm32f407xx.o(.text)
    DMA2_Stream6_IRQHandler                  0x08000243   Thumb Code     0  startup_stm32f407xx.o(.text)
    DMA2_Stream7_IRQHandler                  0x08000243   Thumb Code     0  startup_stm32f407xx.o(.text)
    ETH_IRQHandler                           0x08000243   Thumb Code     0  startup_stm32f407xx.o(.text)
    ETH_WKUP_IRQHandler                      0x08000243   Thumb Code     0  startup_stm32f407xx.o(.text)
    EXTI0_IRQHandler                         0x08000243   Thumb Code     0  startup_stm32f407xx.o(.text)
    EXTI15_10_IRQHandler                     0x08000243   Thumb Code     0  startup_stm32f407xx.o(.text)
    EXTI1_IRQHandler                         0x08000243   Thumb Code     0  startup_stm32f407xx.o(.text)
    EXTI2_IRQHandler                         0x08000243   Thumb Code     0  startup_stm32f407xx.o(.text)
    EXTI3_IRQHandler                         0x08000243   Thumb Code     0  startup_stm32f407xx.o(.text)
    EXTI4_IRQHandler                         0x08000243   Thumb Code     0  startup_stm32f407xx.o(.text)
    EXTI9_5_IRQHandler                       0x08000243   Thumb Code     0  startup_stm32f407xx.o(.text)
    FLASH_IRQHandler                         0x08000243   Thumb Code     0  startup_stm32f407xx.o(.text)
    FMC_IRQHandler                           0x08000243   Thumb Code     0  startup_stm32f407xx.o(.text)
    FPU_IRQHandler                           0x08000243   Thumb Code     0  startup_stm32f407xx.o(.text)
    HASH_RNG_IRQHandler                      0x08000243   Thumb Code     0  startup_stm32f407xx.o(.text)
    I2C1_ER_IRQHandler                       0x08000243   Thumb Code     0  startup_stm32f407xx.o(.text)
    I2C1_EV_IRQHandler                       0x08000243   Thumb Code     0  startup_stm32f407xx.o(.text)
    I2C2_ER_IRQHandler                       0x08000243   Thumb Code     0  startup_stm32f407xx.o(.text)
    I2C2_EV_IRQHandler                       0x08000243   Thumb Code     0  startup_stm32f407xx.o(.text)
    I2C3_ER_IRQHandler                       0x08000243   Thumb Code     0  startup_stm32f407xx.o(.text)
    I2C3_EV_IRQHandler                       0x08000243   Thumb Code     0  startup_stm32f407xx.o(.text)
    OTG_FS_IRQHandler                        0x08000243   Thumb Code     0  startup_stm32f407xx.o(.text)
    OTG_FS_WKUP_IRQHandler                   0x08000243   Thumb Code     0  startup_stm32f407xx.o(.text)
    OTG_HS_EP1_IN_IRQHandler                 0x08000243   Thumb Code     0  startup_stm32f407xx.o(.text)
    OTG_HS_EP1_OUT_IRQHandler                0x08000243   Thumb Code     0  startup_stm32f407xx.o(.text)
    OTG_HS_IRQHandler                        0x08000243   Thumb Code     0  startup_stm32f407xx.o(.text)
    OTG_HS_WKUP_IRQHandler                   0x08000243   Thumb Code     0  startup_stm32f407xx.o(.text)
    PVD_IRQHandler                           0x08000243   Thumb Code     0  startup_stm32f407xx.o(.text)
    RCC_IRQHandler                           0x08000243   Thumb Code     0  startup_stm32f407xx.o(.text)
    RTC_Alarm_IRQHandler                     0x08000243   Thumb Code     0  startup_stm32f407xx.o(.text)
    RTC_WKUP_IRQHandler                      0x08000243   Thumb Code     0  startup_stm32f407xx.o(.text)
    SDIO_IRQHandler                          0x08000243   Thumb Code     0  startup_stm32f407xx.o(.text)
    SPI1_IRQHandler                          0x08000243   Thumb Code     0  startup_stm32f407xx.o(.text)
    SPI2_IRQHandler                          0x08000243   Thumb Code     0  startup_stm32f407xx.o(.text)
    SPI3_IRQHandler                          0x08000243   Thumb Code     0  startup_stm32f407xx.o(.text)
    TAMP_STAMP_IRQHandler                    0x08000243   Thumb Code     0  startup_stm32f407xx.o(.text)
    TIM1_BRK_TIM9_IRQHandler                 0x08000243   Thumb Code     0  startup_stm32f407xx.o(.text)
    TIM1_CC_IRQHandler                       0x08000243   Thumb Code     0  startup_stm32f407xx.o(.text)
    TIM1_TRG_COM_TIM11_IRQHandler            0x08000243   Thumb Code     0  startup_stm32f407xx.o(.text)
    TIM2_IRQHandler                          0x08000243   Thumb Code     0  startup_stm32f407xx.o(.text)
    TIM3_IRQHandler                          0x08000243   Thumb Code     0  startup_stm32f407xx.o(.text)
    TIM4_IRQHandler                          0x08000243   Thumb Code     0  startup_stm32f407xx.o(.text)
    TIM5_IRQHandler                          0x08000243   Thumb Code     0  startup_stm32f407xx.o(.text)
    TIM8_CC_IRQHandler                       0x08000243   Thumb Code     0  startup_stm32f407xx.o(.text)
    TIM8_TRG_COM_TIM14_IRQHandler            0x08000243   Thumb Code     0  startup_stm32f407xx.o(.text)
    TIM8_UP_TIM13_IRQHandler                 0x08000243   Thumb Code     0  startup_stm32f407xx.o(.text)
    UART4_IRQHandler                         0x08000243   Thumb Code     0  startup_stm32f407xx.o(.text)
    USART3_IRQHandler                        0x08000243   Thumb Code     0  startup_stm32f407xx.o(.text)
    USART6_IRQHandler                        0x08000243   Thumb Code     0  startup_stm32f407xx.o(.text)
    WWDG_IRQHandler                          0x08000243   Thumb Code     0  startup_stm32f407xx.o(.text)
    __user_initial_stackheap                 0x08000245   Thumb Code     0  startup_stm32f407xx.o(.text)
    __aeabi_uldivmod                         0x08000269   Thumb Code     0  lludivv7m.o(.text)
    _ll_udiv                                 0x08000269   Thumb Code   238  lludivv7m.o(.text)
    __aeabi_memcpy4                          0x08000357   Thumb Code     0  rt_memcpy_w.o(.text)
    __aeabi_memcpy8                          0x08000357   Thumb Code     0  rt_memcpy_w.o(.text)
    __rt_memcpy_w                            0x08000357   Thumb Code   100  rt_memcpy_w.o(.text)
    _memcpy_lastbytes_aligned                0x0800039f   Thumb Code     0  rt_memcpy_w.o(.text)
    __aeabi_memclr4                          0x080003bb   Thumb Code     0  rt_memclr_w.o(.text)
    __aeabi_memclr8                          0x080003bb   Thumb Code     0  rt_memclr_w.o(.text)
    __rt_memclr_w                            0x080003bb   Thumb Code    78  rt_memclr_w.o(.text)
    _memset_w                                0x080003bf   Thumb Code     0  rt_memclr_w.o(.text)
    __use_two_region_memory                  0x08000409   Thumb Code     2  heapauxi.o(.text)
    __rt_heap_escrow$2region                 0x0800040b   Thumb Code     2  heapauxi.o(.text)
    __rt_heap_expand$2region                 0x0800040d   Thumb Code     2  heapauxi.o(.text)
    __user_setup_stackheap                   0x0800040f   Thumb Code    74  sys_stackheap_outer.o(.text)
    exit                                     0x08000459   Thumb Code    18  exit.o(.text)
    __user_libspace                          0x0800046d   Thumb Code     8  libspace.o(.text)
    __user_perproc_libspace                  0x0800046d   Thumb Code     0  libspace.o(.text)
    __user_perthread_libspace                0x0800046d   Thumb Code     0  libspace.o(.text)
    _sys_exit                                0x08000475   Thumb Code     8  sys_exit.o(.text)
    __I$use$semihosting                      0x08000481   Thumb Code     0  use_no_semi.o(.text)
    __use_no_semihosting_swi                 0x08000481   Thumb Code     2  use_no_semi.o(.text)
    BusFault_Handler                         0x08000483   Thumb Code     2  stm32f4xx_it.o(i.BusFault_Handler)
    __semihosting_library_function           0x08000483   Thumb Code     0  indicate_semi.o(.text)
    DebugMon_Handler                         0x08000485   Thumb Code     2  stm32f4xx_it.o(i.DebugMon_Handler)
    Error_Handler                            0x08000487   Thumb Code     4  main.o(i.Error_Handler)
    HAL_GPIO_Init                            0x0800048d   Thumb Code   450  stm32f4xx_hal_gpio.o(i.HAL_GPIO_Init)
    HAL_GPIO_ReadPin                         0x0800067d   Thumb Code    10  stm32f4xx_hal_gpio.o(i.HAL_GPIO_ReadPin)
    HAL_GPIO_WritePin                        0x08000687   Thumb Code    10  stm32f4xx_hal_gpio.o(i.HAL_GPIO_WritePin)
    HAL_GetTick                              0x08000691   Thumb Code     6  stm32f4xx_hal.o(i.HAL_GetTick)
    HAL_IncTick                              0x0800069d   Thumb Code    12  stm32f4xx_hal.o(i.HAL_IncTick)
    HAL_Init                                 0x080006ad   Thumb Code    48  stm32f4xx_hal.o(i.HAL_Init)
    HAL_InitTick                             0x080006e1   Thumb Code    54  stm32f4xx_hal.o(i.HAL_InitTick)
    HAL_MspInit                              0x08000721   Thumb Code    42  stm32f4xx_hal_msp.o(i.HAL_MspInit)
    HAL_NVIC_ClearPendingIRQ                 0x08000751   Thumb Code    26  stm32f4xx_hal_cortex.o(i.HAL_NVIC_ClearPendingIRQ)
    HAL_NVIC_EnableIRQ                       0x0800076b   Thumb Code    26  stm32f4xx_hal_cortex.o(i.HAL_NVIC_EnableIRQ)
    HAL_NVIC_SetPriority                     0x08000785   Thumb Code    60  stm32f4xx_hal_cortex.o(i.HAL_NVIC_SetPriority)
    HAL_NVIC_SetPriorityGrouping             0x080007c5   Thumb Code    26  stm32f4xx_hal_cortex.o(i.HAL_NVIC_SetPriorityGrouping)
    HAL_RCC_ClockConfig                      0x080007e9   Thumb Code   288  stm32f4xx_hal_rcc.o(i.HAL_RCC_ClockConfig)
    HAL_RCC_GetPCLK1Freq                     0x0800091d   Thumb Code    20  stm32f4xx_hal_rcc.o(i.HAL_RCC_GetPCLK1Freq)
    HAL_RCC_GetPCLK2Freq                     0x0800093d   Thumb Code    20  stm32f4xx_hal_rcc.o(i.HAL_RCC_GetPCLK2Freq)
    HAL_RCC_GetSysClockFreq                  0x0800095d   Thumb Code    88  stm32f4xx_hal_rcc.o(i.HAL_RCC_GetSysClockFreq)
    HAL_RCC_OscConfig                        0x080009bd   Thumb Code   856  stm32f4xx_hal_rcc.o(i.HAL_RCC_OscConfig)
    HAL_SYSTICK_Config                       0x08000d29   Thumb Code    40  stm32f4xx_hal_cortex.o(i.HAL_SYSTICK_Config)
    HAL_TIMEx_ConfigBreakDeadTime            0x08000d51   Thumb Code    84  stm32f4xx_hal_tim_ex.o(i.HAL_TIMEx_ConfigBreakDeadTime)
    HAL_TIMEx_MasterConfigSynchronization    0x08000da5   Thumb Code   116  stm32f4xx_hal_tim_ex.o(i.HAL_TIMEx_MasterConfigSynchronization)
    HAL_TIMEx_PWMN_Start                     0x08000e35   Thumb Code   164  stm32f4xx_hal_tim_ex.o(i.HAL_TIMEx_PWMN_Start)
    HAL_TIMEx_PWMN_Stop                      0x08000ef5   Thumb Code   104  stm32f4xx_hal_tim_ex.o(i.HAL_TIMEx_PWMN_Stop)
    HAL_TIM_Base_Init                        0x08000f5d   Thumb Code    90  stm32f4xx_hal_tim.o(i.HAL_TIM_Base_Init)
    HAL_TIM_Base_MspInit                     0x08000fb9   Thumb Code   122  tim.o(i.HAL_TIM_Base_MspInit)
    HAL_TIM_Base_Start_IT                    0x08001045   Thumb Code   100  stm32f4xx_hal_tim.o(i.HAL_TIM_Base_Start_IT)
    HAL_TIM_ConfigClockSource                0x080010c5   Thumb Code   220  stm32f4xx_hal_tim.o(i.HAL_TIM_ConfigClockSource)
    HAL_TIM_PWM_ConfigChannel                0x080011a1   Thumb Code   204  stm32f4xx_hal_tim.o(i.HAL_TIM_PWM_ConfigChannel)
    HAL_TIM_PWM_Init                         0x0800126d   Thumb Code    90  stm32f4xx_hal_tim.o(i.HAL_TIM_PWM_Init)
    HAL_TIM_PWM_MspInit                      0x080012c9   Thumb Code   450  smd.o(i.HAL_TIM_PWM_MspInit)
    HAL_TIM_PWM_Start                        0x080014b5   Thumb Code   172  stm32f4xx_hal_tim.o(i.HAL_TIM_PWM_Start)
    HAL_TIM_PWM_Stop                         0x0800157d   Thumb Code   114  stm32f4xx_hal_tim.o(i.HAL_TIM_PWM_Stop)
    HAL_UART_Init                            0x080015f9   Thumb Code   100  stm32f4xx_hal_uart.o(i.HAL_UART_Init)
    HAL_UART_MspInit                         0x0800165d   Thumb Code   304  usart.o(i.HAL_UART_MspInit)
    HardFault_Handler                        0x080017a9   Thumb Code     2  stm32f4xx_it.o(i.HardFault_Handler)
    MX_GPIO_Init                             0x080017ad   Thumb Code   648  gpio.o(i.MX_GPIO_Init)
    MX_TIM12_Init                            0x08001a55   Thumb Code    66  tim.o(i.MX_TIM12_Init)
    MX_TIM6_Init                             0x08001aa1   Thumb Code    58  tim.o(i.MX_TIM6_Init)
    MX_TIM7_Init                             0x08001ae5   Thumb Code    58  tim.o(i.MX_TIM7_Init)
    MX_UART5_Init                            0x08001b29   Thumb Code    48  usart.o(i.MX_UART5_Init)
    MX_USART1_UART_Init                      0x08001b61   Thumb Code    48  usart.o(i.MX_USART1_UART_Init)
    MX_USART2_UART_Init                      0x08001b99   Thumb Code    48  usart.o(i.MX_USART2_UART_Init)
    MemManage_Handler                        0x08001bd1   Thumb Code     2  stm32f4xx_it.o(i.MemManage_Handler)
    NMI_Handler                              0x08001bf3   Thumb Code     2  stm32f4xx_it.o(i.NMI_Handler)
    PendSV_Handler                           0x08001bf5   Thumb Code     2  stm32f4xx_it.o(i.PendSV_Handler)
    SMD_CalcAccNeedSteps                     0x08001d21   Thumb Code   756  smd.o(i.SMD_CalcAccNeedSteps)
    SMD_PWM_Init                             0x080026e1   Thumb Code   124  smd.o(i.SMD_PWM_Init)
    SMD_PWM_InitAll                          0x08002761   Thumb Code    36  smd.o(i.SMD_PWM_InitAll)
    SMD_PWM_SetFreq                          0x08002785   Thumb Code    92  smd.o(i.SMD_PWM_SetFreq)
    SMD_PWM_SetFreqGradient                  0x080027e9   Thumb Code    72  smd.o(i.SMD_PWM_SetFreqGradient)
    SMD_PWM_Start                            0x08002835   Thumb Code    32  smd.o(i.SMD_PWM_Start)
    SMD_PWM_Stop                             0x08002859   Thumb Code    32  smd.o(i.SMD_PWM_Stop)
    SMD_TIM10_Init                           0x08002e51   Thumb Code    94  smd.o(i.SMD_TIM10_Init)
    SVC_Handler                              0x08002f3d   Thumb Code     2  stm32f4xx_it.o(i.SVC_Handler)
    SysTick_Handler                          0x08002f3f   Thumb Code     4  stm32f4xx_it.o(i.SysTick_Handler)
    SystemClock_Config                       0x08002f45   Thumb Code   138  main.o(i.SystemClock_Config)
    SystemInit                               0x08002fd9   Thumb Code    12  system_stm32f4xx.o(i.SystemInit)
    TIM1_UP_TIM10_IRQHandler                 0x08002fe9   Thumb Code    72  smd.o(i.TIM1_UP_TIM10_IRQHandler)
    TIM6_DAC_IRQHandler                      0x08003039   Thumb Code    16  mb_port.o(i.TIM6_DAC_IRQHandler)
    TIM7_IRQHandler                          0x08003051   Thumb Code    16  mb_port.o(i.TIM7_IRQHandler)
    TIM8_BRK_TIM12_IRQHandler                0x08003069   Thumb Code    16  mb_port.o(i.TIM8_BRK_TIM12_IRQHandler)
    TIM_Base_SetConfig                       0x08003081   Thumb Code   164  stm32f4xx_hal_tim.o(i.TIM_Base_SetConfig)
    TIM_CCxChannelCmd                        0x08003151   Thumb Code    26  stm32f4xx_hal_tim.o(i.TIM_CCxChannelCmd)
    TIM_ETR_SetConfig                        0x08003185   Thumb Code    20  stm32f4xx_hal_tim.o(i.TIM_ETR_SetConfig)
    TIM_OC2_SetConfig                        0x08003209   Thumb Code    98  stm32f4xx_hal_tim.o(i.TIM_OC2_SetConfig)
    UART5_IRQHandler                         0x08003375   Thumb Code    60  mb_port.o(i.UART5_IRQHandler)
    USART1_IRQHandler                        0x080034c5   Thumb Code    60  mb_port.o(i.USART1_IRQHandler)
    USART2_IRQHandler                        0x08003509   Thumb Code    60  mb_port.o(i.USART2_IRQHandler)
    UsageFault_Handler                       0x0800354d   Thumb Code     2  stm32f4xx_it.o(i.UsageFault_Handler)
    main                                     0x08003571   Thumb Code   146  main.o(i.main)
    mb_crc16                                 0x08003611   Thumb Code    40  mb_crc.o(i.mb_crc16)
    mbs_exec                                 0x0800363d   Thumb Code   134  mb_slave.o(i.mbs_exec)
    mbs_hook_extract_coils                   0x080036c3   Thumb Code    32  mb_hook.o(i.mbs_hook_extract_coils)
    mbs_hook_extract_holding                 0x080036e5   Thumb Code   964  mb_hook.o(i.mbs_hook_extract_holding)
    mbs_hook_updata_coils                    0x08003add   Thumb Code    14  mb_hook.o(i.mbs_hook_updata_coils)
    mbs_hook_updata_holding                  0x08003aed   Thumb Code   462  mb_hook.o(i.mbs_hook_updata_holding)
    mbs_init                                 0x08003ce9   Thumb Code   570  mb_slave.o(i.mbs_init)
    mbs_poll                                 0x08003f75   Thumb Code    86  mb_slave.o(i.mbs_poll)
    mbs_port_getchar                         0x08003fcb   Thumb Code     8  mb_port.o(i.mbs_port_getchar)
    mbs_port_putchar                         0x08003fd3   Thumb Code     6  mb_port.o(i.mbs_port_putchar)
    mbs_port_timerDisable                    0x08003fd9   Thumb Code    54  mb_port.o(i.mbs_port_timerDisable)
    mbs_port_timerEnable                     0x0800400f   Thumb Code    64  mb_port.o(i.mbs_port_timerEnable)
    mbs_port_timerInit                       0x08004051   Thumb Code    54  mb_port.o(i.mbs_port_timerInit)
    mbs_port_uartEnable                      0x0800408d   Thumb Code    40  mb_port.o(i.mbs_port_uartEnable)
    mbs_port_uartInit                        0x080040b5   Thumb Code    74  mb_port.o(i.mbs_port_uartInit)
    mbs_send                                 0x080040ff   Thumb Code    62  mb_slave.o(i.mbs_send)
    mbs_timer3T5Isr                          0x0800413d   Thumb Code    22  mb_slave.o(i.mbs_timer3T5Isr)
    mbs_uartRxIsr                            0x08004153   Thumb Code    82  mb_slave.o(i.mbs_uartRxIsr)
    mbs_uartTxIsr                            0x080041a5   Thumb Code    88  mb_slave.o(i.mbs_uartTxIsr)
    mods_03h                                 0x080042f5   Thumb Code   200  mb_slave.o(i.mods_03h)
    mods_06h                                 0x08004453   Thumb Code   130  mb_slave.o(i.mods_06h)
    mods_0fh                                 0x080044d5   Thumb Code   192  mb_slave.o(i.mods_0fh)
    mods_10h                                 0x08004595   Thumb Code   178  mb_slave.o(i.mods_10h)
    __aeabi_dadd                             0x08004649   Thumb Code     0  daddsub_clz.o(x$fpl$dadd)
    _dadd                                    0x08004649   Thumb Code   332  daddsub_clz.o(x$fpl$dadd)
    __fpl_dcmp_Inf                           0x08004799   Thumb Code    24  dcmpi.o(x$fpl$dcmpinf)
    __aeabi_ddiv                             0x080047b1   Thumb Code     0  ddiv.o(x$fpl$ddiv)
    _ddiv                                    0x080047b1   Thumb Code   552  ddiv.o(x$fpl$ddiv)
    __aeabi_d2iz                             0x08004a61   Thumb Code     0  dfix.o(x$fpl$dfix)
    _dfix                                    0x08004a61   Thumb Code    94  dfix.o(x$fpl$dfix)
    __aeabi_cdcmple                          0x08004ac1   Thumb Code     0  dleqf.o(x$fpl$dleqf)
    _dcmple                                  0x08004ac1   Thumb Code   120  dleqf.o(x$fpl$dleqf)
    __fpl_dcmple_InfNaN                      0x08004b23   Thumb Code     0  dleqf.o(x$fpl$dleqf)
    __aeabi_dmul                             0x08004b39   Thumb Code     0  dmul.o(x$fpl$dmul)
    _dmul                                    0x08004b39   Thumb Code   332  dmul.o(x$fpl$dmul)
    __fpl_dnaninf                            0x08004c8d   Thumb Code   156  dnaninf.o(x$fpl$dnaninf)
    __fpl_dretinf                            0x08004d29   Thumb Code    12  dretinf.o(x$fpl$dretinf)
    __aeabi_cdrcmple                         0x08004d35   Thumb Code     0  drleqf.o(x$fpl$drleqf)
    _drcmple                                 0x08004d35   Thumb Code   108  drleqf.o(x$fpl$drleqf)
    __aeabi_drsub                            0x08004da1   Thumb Code     0  daddsub_clz.o(x$fpl$drsb)
    _drsb                                    0x08004da1   Thumb Code    22  daddsub_clz.o(x$fpl$drsb)
    __aeabi_dsub                             0x08004db9   Thumb Code     0  daddsub_clz.o(x$fpl$dsub)
    _dsub                                    0x08004db9   Thumb Code   464  daddsub_clz.o(x$fpl$dsub)
    __aeabi_f2d                              0x08004f8d   Thumb Code     0  f2d.o(x$fpl$f2d)
    _f2d                                     0x08004f8d   Thumb Code    86  f2d.o(x$fpl$f2d)
    __fpl_fnaninf                            0x08004fe3   Thumb Code   140  fnaninf.o(x$fpl$fnaninf)
    _fp_init                                 0x0800506f   Thumb Code    10  fpinit.o(x$fpl$fpinit)
    __fplib_config_fpu_vfp                   0x08005077   Thumb Code     0  fpinit.o(x$fpl$fpinit)
    __fplib_config_pureend_doubles           0x08005077   Thumb Code     0  fpinit.o(x$fpl$fpinit)
    __I$use$fp                               0x08005078   Number         0  usenofp.o(x$fpl$usenofp)
    AHBPrescTable                            0x08006330   Data          16  system_stm32f4xx.o(.constdata)
    APBPrescTable                            0x08006340   Data           8  system_stm32f4xx.o(.constdata)
    Region$$Table$$Base                      0x08006348   Number         0  anon$$obj.o(Region$$Table)
    Region$$Table$$Limit                     0x08006368   Number         0  anon$$obj.o(Region$$Table)
    g_sysToOrigin                            0x20000000   Data           1  smd.o(.data)
    num                                      0x20000004   Data           4  smd.o(.data)
    SMD_PU_DATA                              0x20000008   Data          16  smd.o(.data)
    SMD_ACC_DATA                             0x20000018   Data          16  smd.o(.data)
    SMD_JERK_DATA                            0x20000028   Data          16  smd.o(.data)
    smd_freq_gradient                        0x20000038   Data         224  smd.o(.data)
    uwTickFreq                               0x20000118   Data           1  stm32f4xx_hal.o(.data)
    uwTickPrio                               0x2000011c   Data           4  stm32f4xx_hal.o(.data)
    uwTick                                   0x20000120   Data           4  stm32f4xx_hal.o(.data)
    SystemCoreClock                          0x20000124   Data           4  system_stm32f4xx.o(.data)
    htim6                                    0x20000128   Data          72  tim.o(.bss)
    htim7                                    0x20000170   Data          72  tim.o(.bss)
    htim12                                   0x200001b8   Data          72  tim.o(.bss)
    huart5                                   0x20000200   Data          72  usart.o(.bss)
    huart1                                   0x20000248   Data          72  usart.o(.bss)
    huart2                                   0x20000290   Data          72  usart.o(.bss)
    MotorCurStepsU                           0x200002d8   Data          16  smd.o(.bss)
    g_motorStepsCtl                          0x20000308   Data          48  smd.o(.bss)
    htim10                                   0x20000338   Data          72  smd.o(.bss)
    htim2_smd                                0x20000380   Data          72  smd.o(.bss)
    htim9_smd                                0x200003c8   Data          72  smd.o(.bss)
    htim5_smd                                0x20000410   Data          72  smd.o(.bss)
    htim13_smd                               0x20000458   Data          72  smd.o(.bss)
    htim14_smd                               0x200004a0   Data          72  smd.o(.bss)
    htim3_smd                                0x200004e8   Data          72  smd.o(.bss)
    htim8_smd                                0x20000530   Data          72  smd.o(.bss)
    htim1_smd                                0x20000578   Data          72  smd.o(.bss)
    mbsUSB                                   0x200005c0   Data        1620  mb_slave.o(.bss)
    mbsESP                                   0x20000c14   Data        1620  mb_slave.o(.bss)
    mbsSTM                                   0x20001268   Data        1620  mb_slave.o(.bss)
    __libspace_start                         0x200018bc   Data          96  libspace.o(.bss)
    __temporary_stack_top$libspace           0x2000191c   Data           0  libspace.o(.bss)



==============================================================================

Memory Map of the image

  Image Entry point : 0x08000189

  Load Region LR_IROM1 (Base: 0x08000000, Size: 0x00006490, Max: 0x00100000, ABSOLUTE)

    Execution Region ER_IROM1 (Exec base: 0x08000000, Load base: 0x08000000, Size: 0x00006368, Max: 0x00100000, ABSOLUTE)

    Exec Addr    Load Addr    Size         Type   Attr      Idx    E Section Name        Object

    0x08000000   0x08000000   0x00000188   Data   RO            3    RESET               startup_stm32f407xx.o
    0x08000188   0x08000188   0x00000008   Code   RO         3402  * !!!main             c_w.l(__main.o)
    0x08000190   0x08000190   0x00000034   Code   RO         3600    !!!scatter          c_w.l(__scatter.o)
    0x080001c4   0x080001c4   0x0000001a   Code   RO         3602    !!handler_copy      c_w.l(__scatter_copy.o)
    0x080001de   0x080001de   0x00000002   PAD
    0x080001e0   0x080001e0   0x0000001c   Code   RO         3604    !!handler_zi        c_w.l(__scatter_zi.o)
    0x080001fc   0x080001fc   0x00000002   Code   RO         3470    .ARM.Collect$$libinit$$00000000  c_w.l(libinit.o)
    0x080001fe   0x080001fe   0x00000004   Code   RO         3482    .ARM.Collect$$libinit$$00000001  c_w.l(libinit2.o)
    0x08000202   0x08000202   0x00000000   Code   RO         3485    .ARM.Collect$$libinit$$00000004  c_w.l(libinit2.o)
    0x08000202   0x08000202   0x00000000   Code   RO         3488    .ARM.Collect$$libinit$$0000000A  c_w.l(libinit2.o)
    0x08000202   0x08000202   0x00000000   Code   RO         3490    .ARM.Collect$$libinit$$0000000C  c_w.l(libinit2.o)
    0x08000202   0x08000202   0x00000000   Code   RO         3492    .ARM.Collect$$libinit$$0000000E  c_w.l(libinit2.o)
    0x08000202   0x08000202   0x00000000   Code   RO         3495    .ARM.Collect$$libinit$$00000011  c_w.l(libinit2.o)
    0x08000202   0x08000202   0x00000000   Code   RO         3497    .ARM.Collect$$libinit$$00000013  c_w.l(libinit2.o)
    0x08000202   0x08000202   0x00000000   Code   RO         3499    .ARM.Collect$$libinit$$00000015  c_w.l(libinit2.o)
    0x08000202   0x08000202   0x00000000   Code   RO         3501    .ARM.Collect$$libinit$$00000017  c_w.l(libinit2.o)
    0x08000202   0x08000202   0x00000000   Code   RO         3503    .ARM.Collect$$libinit$$00000019  c_w.l(libinit2.o)
    0x08000202   0x08000202   0x00000000   Code   RO         3505    .ARM.Collect$$libinit$$0000001B  c_w.l(libinit2.o)
    0x08000202   0x08000202   0x00000000   Code   RO         3507    .ARM.Collect$$libinit$$0000001D  c_w.l(libinit2.o)
    0x08000202   0x08000202   0x00000000   Code   RO         3509    .ARM.Collect$$libinit$$0000001F  c_w.l(libinit2.o)
    0x08000202   0x08000202   0x00000000   Code   RO         3511    .ARM.Collect$$libinit$$00000021  c_w.l(libinit2.o)
    0x08000202   0x08000202   0x00000000   Code   RO         3513    .ARM.Collect$$libinit$$00000023  c_w.l(libinit2.o)
    0x08000202   0x08000202   0x00000000   Code   RO         3515    .ARM.Collect$$libinit$$00000025  c_w.l(libinit2.o)
    0x08000202   0x08000202   0x00000000   Code   RO         3519    .ARM.Collect$$libinit$$0000002C  c_w.l(libinit2.o)
    0x08000202   0x08000202   0x00000000   Code   RO         3521    .ARM.Collect$$libinit$$0000002E  c_w.l(libinit2.o)
    0x08000202   0x08000202   0x00000000   Code   RO         3523    .ARM.Collect$$libinit$$00000030  c_w.l(libinit2.o)
    0x08000202   0x08000202   0x00000000   Code   RO         3525    .ARM.Collect$$libinit$$00000032  c_w.l(libinit2.o)
    0x08000202   0x08000202   0x00000002   Code   RO         3526    .ARM.Collect$$libinit$$00000033  c_w.l(libinit2.o)
    0x08000204   0x08000204   0x00000002   Code   RO         3557    .ARM.Collect$$libshutdown$$00000000  c_w.l(libshutdown.o)
    0x08000206   0x08000206   0x00000000   Code   RO         3583    .ARM.Collect$$libshutdown$$00000002  c_w.l(libshutdown2.o)
    0x08000206   0x08000206   0x00000000   Code   RO         3585    .ARM.Collect$$libshutdown$$00000004  c_w.l(libshutdown2.o)
    0x08000206   0x08000206   0x00000000   Code   RO         3588    .ARM.Collect$$libshutdown$$00000007  c_w.l(libshutdown2.o)
    0x08000206   0x08000206   0x00000000   Code   RO         3591    .ARM.Collect$$libshutdown$$0000000A  c_w.l(libshutdown2.o)
    0x08000206   0x08000206   0x00000000   Code   RO         3593    .ARM.Collect$$libshutdown$$0000000C  c_w.l(libshutdown2.o)
    0x08000206   0x08000206   0x00000000   Code   RO         3596    .ARM.Collect$$libshutdown$$0000000F  c_w.l(libshutdown2.o)
    0x08000206   0x08000206   0x00000002   Code   RO         3597    .ARM.Collect$$libshutdown$$00000010  c_w.l(libshutdown2.o)
    0x08000208   0x08000208   0x00000000   Code   RO         3426    .ARM.Collect$$rtentry$$00000000  c_w.l(__rtentry.o)
    0x08000208   0x08000208   0x00000000   Code   RO         3441    .ARM.Collect$$rtentry$$00000002  c_w.l(__rtentry2.o)
    0x08000208   0x08000208   0x00000006   Code   RO         3453    .ARM.Collect$$rtentry$$00000004  c_w.l(__rtentry4.o)
    0x0800020e   0x0800020e   0x00000000   Code   RO         3443    .ARM.Collect$$rtentry$$00000009  c_w.l(__rtentry2.o)
    0x0800020e   0x0800020e   0x00000004   Code   RO         3444    .ARM.Collect$$rtentry$$0000000A  c_w.l(__rtentry2.o)
    0x08000212   0x08000212   0x00000000   Code   RO         3446    .ARM.Collect$$rtentry$$0000000C  c_w.l(__rtentry2.o)
    0x08000212   0x08000212   0x00000008   Code   RO         3447    .ARM.Collect$$rtentry$$0000000D  c_w.l(__rtentry2.o)
    0x0800021a   0x0800021a   0x00000002   Code   RO         3474    .ARM.Collect$$rtexit$$00000000  c_w.l(rtexit.o)
    0x0800021c   0x0800021c   0x00000000   Code   RO         3530    .ARM.Collect$$rtexit$$00000002  c_w.l(rtexit2.o)
    0x0800021c   0x0800021c   0x00000004   Code   RO         3531    .ARM.Collect$$rtexit$$00000003  c_w.l(rtexit2.o)
    0x08000220   0x08000220   0x00000006   Code   RO         3532    .ARM.Collect$$rtexit$$00000004  c_w.l(rtexit2.o)
    0x08000226   0x08000226   0x00000002   PAD
    0x08000228   0x08000228   0x00000040   Code   RO            4    .text               startup_stm32f407xx.o
    0x08000268   0x08000268   0x000000ee   Code   RO         3394    .text               c_w.l(lludivv7m.o)
    0x08000356   0x08000356   0x00000064   Code   RO         3396    .text               c_w.l(rt_memcpy_w.o)
    0x080003ba   0x080003ba   0x0000004e   Code   RO         3398    .text               c_w.l(rt_memclr_w.o)
    0x08000408   0x08000408   0x00000006   Code   RO         3400    .text               c_w.l(heapauxi.o)
    0x0800040e   0x0800040e   0x0000004a   Code   RO         3457    .text               c_w.l(sys_stackheap_outer.o)
    0x08000458   0x08000458   0x00000012   Code   RO         3459    .text               c_w.l(exit.o)
    0x0800046a   0x0800046a   0x00000002   PAD
    0x0800046c   0x0800046c   0x00000008   Code   RO         3471    .text               c_w.l(libspace.o)
    0x08000474   0x08000474   0x0000000c   Code   RO         3527    .text               c_w.l(sys_exit.o)
    0x08000480   0x08000480   0x00000002   Code   RO         3546    .text               c_w.l(use_no_semi.o)
    0x08000482   0x08000482   0x00000000   Code   RO         3548    .text               c_w.l(indicate_semi.o)
    0x08000482   0x08000482   0x00000002   Code   RO          303    i.BusFault_Handler  stm32f4xx_it.o
    0x08000484   0x08000484   0x00000002   Code   RO          304    i.DebugMon_Handler  stm32f4xx_it.o
    0x08000486   0x08000486   0x00000004   Code   RO           13    i.Error_Handler     main.o
    0x0800048a   0x0800048a   0x00000002   PAD
    0x0800048c   0x0800048c   0x000001f0   Code   RO         2199    i.HAL_GPIO_Init     stm32f4xx_hal_gpio.o
    0x0800067c   0x0800067c   0x0000000a   Code   RO         2201    i.HAL_GPIO_ReadPin  stm32f4xx_hal_gpio.o
    0x08000686   0x08000686   0x0000000a   Code   RO         2203    i.HAL_GPIO_WritePin  stm32f4xx_hal_gpio.o
    0x08000690   0x08000690   0x0000000c   Code   RO         2749    i.HAL_GetTick       stm32f4xx_hal.o
    0x0800069c   0x0800069c   0x00000010   Code   RO         2755    i.HAL_IncTick       stm32f4xx_hal.o
    0x080006ac   0x080006ac   0x00000034   Code   RO         2756    i.HAL_Init          stm32f4xx_hal.o
    0x080006e0   0x080006e0   0x00000040   Code   RO         2757    i.HAL_InitTick      stm32f4xx_hal.o
    0x08000720   0x08000720   0x00000030   Code   RO          378    i.HAL_MspInit       stm32f4xx_hal_msp.o
    0x08000750   0x08000750   0x0000001a   Code   RO         2589    i.HAL_NVIC_ClearPendingIRQ  stm32f4xx_hal_cortex.o
    0x0800076a   0x0800076a   0x0000001a   Code   RO         2591    i.HAL_NVIC_EnableIRQ  stm32f4xx_hal_cortex.o
    0x08000784   0x08000784   0x00000040   Code   RO         2597    i.HAL_NVIC_SetPriority  stm32f4xx_hal_cortex.o
    0x080007c4   0x080007c4   0x00000024   Code   RO         2598    i.HAL_NVIC_SetPriorityGrouping  stm32f4xx_hal_cortex.o
    0x080007e8   0x080007e8   0x00000134   Code   RO         1845    i.HAL_RCC_ClockConfig  stm32f4xx_hal_rcc.o
    0x0800091c   0x0800091c   0x00000020   Code   RO         1852    i.HAL_RCC_GetPCLK1Freq  stm32f4xx_hal_rcc.o
    0x0800093c   0x0800093c   0x00000020   Code   RO         1853    i.HAL_RCC_GetPCLK2Freq  stm32f4xx_hal_rcc.o
    0x0800095c   0x0800095c   0x00000060   Code   RO         1854    i.HAL_RCC_GetSysClockFreq  stm32f4xx_hal_rcc.o
    0x080009bc   0x080009bc   0x0000036c   Code   RO         1857    i.HAL_RCC_OscConfig  stm32f4xx_hal_rcc.o
    0x08000d28   0x08000d28   0x00000028   Code   RO         2602    i.HAL_SYSTICK_Config  stm32f4xx_hal_cortex.o
    0x08000d50   0x08000d50   0x00000054   Code   RO         1580    i.HAL_TIMEx_ConfigBreakDeadTime  stm32f4xx_hal_tim_ex.o
    0x08000da4   0x08000da4   0x00000090   Code   RO         1596    i.HAL_TIMEx_MasterConfigSynchronization  stm32f4xx_hal_tim_ex.o
    0x08000e34   0x08000e34   0x000000c0   Code   RO         1607    i.HAL_TIMEx_PWMN_Start  stm32f4xx_hal_tim_ex.o
    0x08000ef4   0x08000ef4   0x00000068   Code   RO         1610    i.HAL_TIMEx_PWMN_Stop  stm32f4xx_hal_tim_ex.o
    0x08000f5c   0x08000f5c   0x0000005a   Code   RO          873    i.HAL_TIM_Base_Init  stm32f4xx_hal_tim.o
    0x08000fb6   0x08000fb6   0x00000002   PAD
    0x08000fb8   0x08000fb8   0x0000008c   Code   RO          196    i.HAL_TIM_Base_MspInit  tim.o
    0x08001044   0x08001044   0x00000080   Code   RO          878    i.HAL_TIM_Base_Start_IT  stm32f4xx_hal_tim.o
    0x080010c4   0x080010c4   0x000000dc   Code   RO          882    i.HAL_TIM_ConfigClockSource  stm32f4xx_hal_tim.o
    0x080011a0   0x080011a0   0x000000cc   Code   RO          945    i.HAL_TIM_PWM_ConfigChannel  stm32f4xx_hal_tim.o
    0x0800126c   0x0800126c   0x0000005a   Code   RO          948    i.HAL_TIM_PWM_Init  stm32f4xx_hal_tim.o
    0x080012c6   0x080012c6   0x00000002   PAD
    0x080012c8   0x080012c8   0x000001ec   Code   RO          402    i.HAL_TIM_PWM_MspInit  smd.o
    0x080014b4   0x080014b4   0x000000c8   Code   RO          953    i.HAL_TIM_PWM_Start  stm32f4xx_hal_tim.o
    0x0800157c   0x0800157c   0x0000007c   Code   RO          956    i.HAL_TIM_PWM_Stop  stm32f4xx_hal_tim.o
    0x080015f8   0x080015f8   0x00000064   Code   RO         3024    i.HAL_UART_Init     stm32f4xx_hal_uart.o
    0x0800165c   0x0800165c   0x0000014c   Code   RO          250    i.HAL_UART_MspInit  usart.o
    0x080017a8   0x080017a8   0x00000002   Code   RO          305    i.HardFault_Handler  stm32f4xx_it.o
    0x080017aa   0x080017aa   0x00000002   PAD
    0x080017ac   0x080017ac   0x000002a8   Code   RO          171    i.MX_GPIO_Init      gpio.o
    0x08001a54   0x08001a54   0x0000004c   Code   RO          197    i.MX_TIM12_Init     tim.o
    0x08001aa0   0x08001aa0   0x00000044   Code   RO          198    i.MX_TIM6_Init      tim.o
    0x08001ae4   0x08001ae4   0x00000044   Code   RO          199    i.MX_TIM7_Init      tim.o
    0x08001b28   0x08001b28   0x00000038   Code   RO          251    i.MX_UART5_Init     usart.o
    0x08001b60   0x08001b60   0x00000038   Code   RO          252    i.MX_USART1_UART_Init  usart.o
    0x08001b98   0x08001b98   0x00000038   Code   RO          253    i.MX_USART2_UART_Init  usart.o
    0x08001bd0   0x08001bd0   0x00000002   Code   RO          306    i.MemManage_Handler  stm32f4xx_it.o
    0x08001bd2   0x08001bd2   0x00000020   Code   RO          403    i.MotorStepsMaxPU   smd.o
    0x08001bf2   0x08001bf2   0x00000002   Code   RO          307    i.NMI_Handler       stm32f4xx_it.o
    0x08001bf4   0x08001bf4   0x00000002   Code   RO          308    i.PendSV_Handler    stm32f4xx_it.o
    0x08001bf6   0x08001bf6   0x00000002   PAD
    0x08001bf8   0x08001bf8   0x000000a0   Code   RO          404    i.SMD_AccumulateSteps  smd.o
    0x08001c98   0x08001c98   0x00000088   Code   RO          405    i.SMD_ApplyFreqToHW  smd.o
    0x08001d20   0x08001d20   0x00000314   Code   RO          406    i.SMD_CalcAccNeedSteps  smd.o
    0x08002034   0x08002034   0x00000038   Code   RO          407    i.SMD_Calc_PSC_ARR  smd.o
    0x0800206c   0x0800206c   0x000001a4   Code   RO          408    i.SMD_CheckRelayMotorLimit  smd.o
    0x08002210   0x08002210   0x0000006e   Code   RO          409    i.SMD_Init_HighTimer  smd.o
    0x0800227e   0x0800227e   0x00000002   PAD
    0x08002280   0x08002280   0x000001b4   Code   RO          410    i.SMD_IsLimited     smd.o
    0x08002434   0x08002434   0x000002ac   Code   RO          411    i.SMD_MotorStepsCtl  smd.o
    0x080026e0   0x080026e0   0x00000080   Code   RO          412    i.SMD_PWM_Init      smd.o
    0x08002760   0x08002760   0x00000024   Code   RO          413    i.SMD_PWM_InitAll   smd.o
    0x08002784   0x08002784   0x00000064   Code   RO          416    i.SMD_PWM_SetFreq   smd.o
    0x080027e8   0x080027e8   0x0000004c   Code   RO          417    i.SMD_PWM_SetFreqGradient  smd.o
    0x08002834   0x08002834   0x00000024   Code   RO          418    i.SMD_PWM_Start     smd.o
    0x08002858   0x08002858   0x00000024   Code   RO          420    i.SMD_PWM_Stop      smd.o
    0x0800287c   0x0800287c   0x0000026c   Code   RO          423    i.SMD_ProcessChannel  smd.o
    0x08002ae8   0x08002ae8   0x00000120   Code   RO          424    i.SMD_RunSCurve     smd.o
    0x08002c08   0x08002c08   0x00000248   Code   RO          425    i.SMD_SysToOrigin   smd.o
    0x08002e50   0x08002e50   0x0000006c   Code   RO          426    i.SMD_TIM10_Init    smd.o
    0x08002ebc   0x08002ebc   0x00000080   Code   RO          427    i.SMD_UpdateVelocity  smd.o
    0x08002f3c   0x08002f3c   0x00000002   Code   RO          309    i.SVC_Handler       stm32f4xx_it.o
    0x08002f3e   0x08002f3e   0x00000004   Code   RO          310    i.SysTick_Handler   stm32f4xx_it.o
    0x08002f42   0x08002f42   0x00000002   PAD
    0x08002f44   0x08002f44   0x00000094   Code   RO           14    i.SystemClock_Config  main.o
    0x08002fd8   0x08002fd8   0x00000010   Code   RO         3358    i.SystemInit        system_stm32f4xx.o
    0x08002fe8   0x08002fe8   0x00000050   Code   RO          428    i.TIM1_UP_TIM10_IRQHandler  smd.o
    0x08003038   0x08003038   0x00000018   Code   RO          672    i.TIM6_DAC_IRQHandler  mb_port.o
    0x08003050   0x08003050   0x00000018   Code   RO          673    i.TIM7_IRQHandler   mb_port.o
    0x08003068   0x08003068   0x00000018   Code   RO          674    i.TIM8_BRK_TIM12_IRQHandler  mb_port.o
    0x08003080   0x08003080   0x000000d0   Code   RO          966    i.TIM_Base_SetConfig  stm32f4xx_hal_tim.o
    0x08003150   0x08003150   0x0000001a   Code   RO          967    i.TIM_CCxChannelCmd  stm32f4xx_hal_tim.o
    0x0800316a   0x0800316a   0x0000001a   Code   RO         1616    i.TIM_CCxNChannelCmd  stm32f4xx_hal_tim_ex.o
    0x08003184   0x08003184   0x00000014   Code   RO          977    i.TIM_ETR_SetConfig  stm32f4xx_hal_tim.o
    0x08003198   0x08003198   0x00000010   Code   RO          978    i.TIM_ITRx_SetConfig  stm32f4xx_hal_tim.o
    0x080031a8   0x080031a8   0x00000060   Code   RO          979    i.TIM_OC1_SetConfig  stm32f4xx_hal_tim.o
    0x08003208   0x08003208   0x0000006c   Code   RO          980    i.TIM_OC2_SetConfig  stm32f4xx_hal_tim.o
    0x08003274   0x08003274   0x00000068   Code   RO          981    i.TIM_OC3_SetConfig  stm32f4xx_hal_tim.o
    0x080032dc   0x080032dc   0x00000050   Code   RO          982    i.TIM_OC4_SetConfig  stm32f4xx_hal_tim.o
    0x0800332c   0x0800332c   0x00000022   Code   RO          984    i.TIM_TI1_ConfigInputStage  stm32f4xx_hal_tim.o
    0x0800334e   0x0800334e   0x00000024   Code   RO          986    i.TIM_TI2_ConfigInputStage  stm32f4xx_hal_tim.o
    0x08003372   0x08003372   0x00000002   PAD
    0x08003374   0x08003374   0x00000044   Code   RO          675    i.UART5_IRQHandler  mb_port.o
    0x080033b8   0x080033b8   0x0000010c   Code   RO         3050    i.UART_SetConfig    stm32f4xx_hal_uart.o
    0x080034c4   0x080034c4   0x00000044   Code   RO          676    i.USART1_IRQHandler  mb_port.o
    0x08003508   0x08003508   0x00000044   Code   RO          677    i.USART2_IRQHandler  mb_port.o
    0x0800354c   0x0800354c   0x00000002   Code   RO          311    i.UsageFault_Handler  stm32f4xx_it.o
    0x0800354e   0x0800354e   0x00000020   Code   RO         2604    i.__NVIC_SetPriority  stm32f4xx_hal_cortex.o
    0x0800356e   0x0800356e   0x00000002   PAD
    0x08003570   0x08003570   0x000000a0   Code   RO           15    i.main              main.o
    0x08003610   0x08003610   0x0000002c   Code   RO          590    i.mb_crc16          mb_crc.o
    0x0800363c   0x0800363c   0x00000086   Code   RO          768    i.mbs_exec          mb_slave.o
    0x080036c2   0x080036c2   0x00000020   Code   RO          619    i.mbs_hook_extract_coils  mb_hook.o
    0x080036e2   0x080036e2   0x00000002   PAD
    0x080036e4   0x080036e4   0x000003f8   Code   RO          620    i.mbs_hook_extract_holding  mb_hook.o
    0x08003adc   0x08003adc   0x0000000e   Code   RO          621    i.mbs_hook_updata_coils  mb_hook.o
    0x08003aea   0x08003aea   0x00000002   PAD
    0x08003aec   0x08003aec   0x000001fc   Code   RO          622    i.mbs_hook_updata_holding  mb_hook.o
    0x08003ce8   0x08003ce8   0x0000028c   Code   RO          769    i.mbs_init          mb_slave.o
    0x08003f74   0x08003f74   0x00000056   Code   RO          770    i.mbs_poll          mb_slave.o
    0x08003fca   0x08003fca   0x00000008   Code   RO          678    i.mbs_port_getchar  mb_port.o
    0x08003fd2   0x08003fd2   0x00000006   Code   RO          679    i.mbs_port_putchar  mb_port.o
    0x08003fd8   0x08003fd8   0x00000036   Code   RO          680    i.mbs_port_timerDisable  mb_port.o
    0x0800400e   0x0800400e   0x00000040   Code   RO          681    i.mbs_port_timerEnable  mb_port.o
    0x0800404e   0x0800404e   0x00000002   PAD
    0x08004050   0x08004050   0x0000003c   Code   RO          682    i.mbs_port_timerInit  mb_port.o
    0x0800408c   0x0800408c   0x00000028   Code   RO          683    i.mbs_port_uartEnable  mb_port.o
    0x080040b4   0x080040b4   0x0000004a   Code   RO          684    i.mbs_port_uartInit  mb_port.o
    0x080040fe   0x080040fe   0x0000003e   Code   RO          771    i.mbs_send          mb_slave.o
    0x0800413c   0x0800413c   0x00000016   Code   RO          772    i.mbs_timer3T5Isr   mb_slave.o
    0x08004152   0x08004152   0x00000052   Code   RO          773    i.mbs_uartRxIsr     mb_slave.o
    0x080041a4   0x080041a4   0x00000058   Code   RO          774    i.mbs_uartTxIsr     mb_slave.o
    0x080041fc   0x080041fc   0x000000f8   Code   RO          775    i.mods_01h          mb_slave.o
    0x080042f4   0x080042f4   0x000000c8   Code   RO          776    i.mods_03h          mb_slave.o
    0x080043bc   0x080043bc   0x00000096   Code   RO          777    i.mods_05h          mb_slave.o
    0x08004452   0x08004452   0x00000082   Code   RO          778    i.mods_06h          mb_slave.o
    0x080044d4   0x080044d4   0x000000c0   Code   RO          779    i.mods_0fh          mb_slave.o
    0x08004594   0x08004594   0x000000b2   Code   RO          780    i.mods_10h          mb_slave.o
    0x08004646   0x08004646   0x00000002   PAD
    0x08004648   0x08004648   0x00000150   Code   RO         3404    x$fpl$dadd          fz_wm.l(daddsub_clz.o)
    0x08004798   0x08004798   0x00000018   Code   RO         3431    x$fpl$dcmpinf       fz_wm.l(dcmpi.o)
    0x080047b0   0x080047b0   0x000002b0   Code   RO         3411    x$fpl$ddiv          fz_wm.l(ddiv.o)
    0x08004a60   0x08004a60   0x0000005e   Code   RO         3414    x$fpl$dfix          fz_wm.l(dfix.o)
    0x08004abe   0x08004abe   0x00000002   PAD
    0x08004ac0   0x08004ac0   0x00000078   Code   RO         3418    x$fpl$dleqf         fz_wm.l(dleqf.o)
    0x08004b38   0x08004b38   0x00000154   Code   RO         3420    x$fpl$dmul          fz_wm.l(dmul.o)
    0x08004c8c   0x08004c8c   0x0000009c   Code   RO         3433    x$fpl$dnaninf       fz_wm.l(dnaninf.o)
    0x08004d28   0x08004d28   0x0000000c   Code   RO         3435    x$fpl$dretinf       fz_wm.l(dretinf.o)
    0x08004d34   0x08004d34   0x0000006c   Code   RO         3422    x$fpl$drleqf        fz_wm.l(drleqf.o)
    0x08004da0   0x08004da0   0x00000016   Code   RO         3405    x$fpl$drsb          fz_wm.l(daddsub_clz.o)
    0x08004db6   0x08004db6   0x00000002   PAD
    0x08004db8   0x08004db8   0x000001d4   Code   RO         3406    x$fpl$dsub          fz_wm.l(daddsub_clz.o)
    0x08004f8c   0x08004f8c   0x00000056   Code   RO         3424    x$fpl$f2d           fz_wm.l(f2d.o)
    0x08004fe2   0x08004fe2   0x0000008c   Code   RO         3437    x$fpl$fnaninf       fz_wm.l(fnaninf.o)
    0x0800506e   0x0800506e   0x0000000a   Code   RO         3542    x$fpl$fpinit        fz_wm.l(fpinit.o)
    0x08005078   0x08005078   0x00000000   Code   RO         3439    x$fpl$usenofp       fz_wm.l(usenofp.o)
    0x08005078   0x08005078   0x00000da0   Data   RO          438    .constdata          smd.o
    0x08005e18   0x08005e18   0x00000200   Data   RO          591    .constdata          mb_crc.o
    0x08006018   0x08006018   0x00000318   Data   RO          623    .constdata          mb_hook.o
    0x08006330   0x08006330   0x00000010   Data   RO         3359    .constdata          system_stm32f4xx.o
    0x08006340   0x08006340   0x00000008   Data   RO         3360    .constdata          system_stm32f4xx.o
    0x08006348   0x08006348   0x00000020   Data   RO         3598    Region$$Table       anon$$obj.o


    Execution Region RW_IRAM1 (Exec base: 0x20000000, Load base: 0x08006368, Size: 0x00001f20, Max: 0x0001c000, ABSOLUTE)

    Exec Addr    Load Addr    Size         Type   Attr      Idx    E Section Name        Object

    0x20000000   0x08006368   0x00000118   Data   RW          439    .data               smd.o
    0x20000118   0x08006480   0x0000000c   Data   RW         2763    .data               stm32f4xx_hal.o
    0x20000124   0x0800648c   0x00000004   Data   RW         3361    .data               system_stm32f4xx.o
    0x20000128        -       0x000000d8   Zero   RW          200    .bss                tim.o
    0x20000200        -       0x000000d8   Zero   RW          254    .bss                usart.o
    0x200002d8        -       0x000000a8   Zero   RW          429    .bss                smd.o
    0x20000380        -       0x00000048   Zero   RW          430    .bss                smd.o
    0x200003c8        -       0x00000048   Zero   RW          431    .bss                smd.o
    0x20000410        -       0x00000048   Zero   RW          432    .bss                smd.o
    0x20000458        -       0x00000048   Zero   RW          433    .bss                smd.o
    0x200004a0        -       0x00000048   Zero   RW          434    .bss                smd.o
    0x200004e8        -       0x00000048   Zero   RW          435    .bss                smd.o
    0x20000530        -       0x00000048   Zero   RW          436    .bss                smd.o
    0x20000578        -       0x00000048   Zero   RW          437    .bss                smd.o
    0x200005c0        -       0x000012fc   Zero   RW          781    .bss                mb_slave.o
    0x200018bc        -       0x00000060   Zero   RW         3472    .bss                c_w.l(libspace.o)
    0x2000191c   0x08006490   0x00000004   PAD
    0x20001920        -       0x00000200   Zero   RW            2    HEAP                startup_stm32f407xx.o
    0x20001b20        -       0x00000400   Zero   RW            1    STACK               startup_stm32f407xx.o


    Execution Region RW_IRAM2 (Exec base: 0x2001c000, Load base: 0x08006490, Size: 0x00000000, Max: 0x00004000, ABSOLUTE)

    **** No section assigned to this execution region ****


==============================================================================

Image component sizes


      Code (inc. data)   RO Data    RW Data    ZI Data      Debug   Object Name

       680         32          0          0          0       1363   gpio.o
       312         24          0          0          0     693084   main.o
        44          4        512          0          0       1219   mb_crc.o
      1570         98        792          0          0       5793   mb_hook.o
       582         54          0          0          0       7671   mb_port.o
      2224         82          0          0       4860      11521   mb_slave.o
      5534        318       3488        280        744      24130   smd.o
        64         26        392          0       1536        852   startup_stm32f407xx.o
       144         24          0         12          0       8829   stm32f4xx_hal.o
       224         14          0          0          0      34590   stm32f4xx_hal_cortex.o
       516         46          0          0          0       2883   stm32f4xx_hal_gpio.o
        48          6          0          0          0        874   stm32f4xx_hal_msp.o
      1344         72          0          0          0       5312   stm32f4xx_hal_rcc.o
      1784        146          0          0          0      14117   stm32f4xx_hal_tim.o
       550         56          0          0          0       4461   stm32f4xx_hal_tim_ex.o
       368         10          0          0          0       2072   stm32f4xx_hal_uart.o
        20          0          0          0          0       4238   stm32f4xx_it.o
        16          4         24          4          0       1151   system_stm32f4xx.o
       352         48          0          0        216       2914   tim.o
       500         52          0          0        216       3230   usart.o

    ----------------------------------------------------------------------
     16902       1116       5240        296       7572     830304   Object Totals
         0          0         32          0          0          0   (incl. Generated)
        26          0          0          0          0          0   (incl. Padding)

    ----------------------------------------------------------------------

      Code (inc. data)   RO Data    RW Data    ZI Data      Debug   Library Member Name

         8          0          0          0          0         68   __main.o
         0          0          0          0          0          0   __rtentry.o
        12          0          0          0          0          0   __rtentry2.o
         6          0          0          0          0          0   __rtentry4.o
        52          8          0          0          0          0   __scatter.o
        26          0          0          0          0          0   __scatter_copy.o
        28          0          0          0          0          0   __scatter_zi.o
        18          0          0          0          0         80   exit.o
         6          0          0          0          0        152   heapauxi.o
         0          0          0          0          0          0   indicate_semi.o
         2          0          0          0          0          0   libinit.o
         6          0          0          0          0          0   libinit2.o
         2          0          0          0          0          0   libshutdown.o
         2          0          0          0          0          0   libshutdown2.o
         8          4          0          0         96         68   libspace.o
       238          0          0          0          0        100   lludivv7m.o
        78          0          0          0          0         80   rt_memclr_w.o
       100          0          0          0          0         80   rt_memcpy_w.o
         2          0          0          0          0          0   rtexit.o
        10          0          0          0          0          0   rtexit2.o
        12          4          0          0          0         68   sys_exit.o
        74          0          0          0          0         80   sys_stackheap_outer.o
         2          0          0          0          0         68   use_no_semi.o
       826         16          0          0          0        492   daddsub_clz.o
        24          0          0          0          0        116   dcmpi.o
       688        140          0          0          0        256   ddiv.o
        94          4          0          0          0        140   dfix.o
       120          4          0          0          0        140   dleqf.o
       340         12          0          0          0        152   dmul.o
       156          4          0          0          0        140   dnaninf.o
        12          0          0          0          0        116   dretinf.o
       108          0          0          0          0        128   drleqf.o
        86          4          0          0          0        132   f2d.o
       140          4          0          0          0        132   fnaninf.o
        10          0          0          0          0        116   fpinit.o
         0          0          0          0          0          0   usenofp.o

    ----------------------------------------------------------------------
      3306        204          0          0        100       2904   Library Totals
        10          0          0          0          4          0   (incl. Padding)

    ----------------------------------------------------------------------

      Code (inc. data)   RO Data    RW Data    ZI Data      Debug   Library Name

       692         16          0          0         96        844   c_w.l
      2604        188          0          0          0       2060   fz_wm.l

    ----------------------------------------------------------------------
      3306        204          0          0        100       2904   Library Totals

    ----------------------------------------------------------------------

==============================================================================


      Code (inc. data)   RO Data    RW Data    ZI Data      Debug   

     20208       1320       5240        296       7672     820496   Grand Totals
     20208       1320       5240        296       7672     820496   ELF Image Totals
     20208       1320       5240        296          0          0   ROM Totals

==============================================================================

    Total RO  Size (Code + RO Data)                25448 (  24.85kB)
    Total RW  Size (RW Data + ZI Data)              7968 (   7.78kB)
    Total ROM Size (Code + RO Data + RW Data)      25744 (  25.14kB)

==============================================================================

